✔ artisan activity does not show a blocking load error when offers load (0.763409ms)
✔ artisan activity does not show a blocking load error when current mission loads (0.256266ms)
✔ artisan activity shows a load error only when both primary activity sources fail (0.167406ms)
✔ W5 personal quote arithmetic preserves explicit prices, rounding and discount (1.142275ms)
✔ W5 incomplete or non-finite quote inputs cannot produce a valid amount (0.435248ms)
✔ W5 ledger states income and expense separately and never substitutes missing money (16.188939ms)
✔ W5 agenda only flags coincident active starts, without inferring duration (5.154748ms)
✔ W5 auth and ownership failures are actionable without exposing server internals (0.682521ms)
✔ W5 Bio separates size rejection from a write whose readback is unconfirmed (0.292649ms)
✔ Home publishes canonical authority and mission while finances are still pending; no duplicate reads (9.978671ms)
✔ One unavailable module does not block other modules; retry checks authority and only retries that module (0.54564ms)
✔ Denied or revoked authority hides every private result including previously ready modules (0.840522ms)
✔ Per-module deadline is a last resort; late responses do not overwrite an explicit retry (15.934343ms)
✔ Overlapping Home and RAFI reads share the request, but a later visit fetches afresh (0.891377ms)
✔ In-flight reads cannot cross an Auth session boundary (0.548475ms)
✔ mobile auth entry resolves only supported mobile universes (0.697092ms)
✔ mobile auth entry hides technical credential and network errors (0.192702ms)
✔ W4 Client priorities put validation before intervention, assignment, matching and alerts (1.371682ms)
✔ W4 creation and understanding cannot masquerade as an active artisan search (0.175107ms)
✔ W4 larger RAFI fits both small and standard canvases without changing W3 geometry (0.357825ms)
✔ W4 mission presentation never invents assignment or arrival while loading or unknown (0.293951ms)
✔ W4 notification grouping uses existing event types, read state, and known supersession only (0.349493ms)
✔ an explicit estimate intent is optional; ordinary requests do not select it (0.978074ms)
✔ confirmation preserves opaque server scope and never supplies a local amount or identity (0.786634ms)
✔ quote bridge requires persisted diagnostic; direct unpriced quote stays distinct (0.183789ms)
✔ server STOP denies confirmation even when accompanied by a pricing token (0.281002ms)
✔ only recognized server outcomes permit handoff (0.210138ms)
✔ error copy contains no server internals and separates auth, expiry, safety and recoverable failures (0.521044ms)
✔ malformed server output fails closed, canonical quote id is accepted (0.544188ms)
✔ unclassified canonical safety outcome remains blocking without a service code (0.192453ms)
✔ diagnostic provenance survives confirmation and unknown provenance stays unconfirmed (1.038293ms)
✔ safety and pending analysis or confirmation always block intake (0.213072ms)
✔ all canonical outcomes render literal server amounts, quote and diagnostic are valid outcomes (0.299009ms)
✔ mobile consumes no pricing engine, legacy import or estimator secret; source guard precedes request (0.807034ms)
✔ preventive safety questions are hidden using the real canonical question metadata (4.961766ms)
✔ mild uncertainty has at most one useful qualification, no safety loop or invented answers (0.187916ms)
✔ a real STOP is never locally cleared, including after confirmation or exit (0.338387ms)
✔ W5 preserves W4 services, mission engine, W2/W3 components and Auth byte-for-byte (2.52312ms)
✔ W4 keeps original request, auth, watch, load, evidence, validation and adjustment callbacks (102.040758ms)
✔ W4 request contract remains four arguments including normalized city and no GPS (0.813172ms)
✔ W4 cities are a verbatim projection of the existing canonical public catalogue (3.44421ms)
✔ W4 foreground success returns only a city and never returns GPS coordinates (0.559971ms)
✔ W4 denied and permanently denied permissions never reach the location provider (0.403031ms)
✔ W4 disabled GPS, native errors and unsupported web all retain a manual fallback result (0.389421ms)
✔ W4 geocoding uses cities, known city aliases only for subregions, never guesses a province (0.541314ms)
✔ W4 timeout discards late fixes before geocoding and never requests GPS after a late permission (32.75661ms)
✔ W4 cancelled or backgrounded requests do no further location work (0.514234ms)
✔ W4 native configuration is foreground only and SDK-compatible (0.87975ms)
✔ Client cockpit always prioritizes an active intervention over alerts (1.167242ms)
✔ Artisan cockpit prioritizes mission, then offers, then availability and private activity (0.431072ms)
✔ DS2 real primitives render their accessible states with the installed React Native Web adapter (447.26416ms)
✔ DS2 retains every P1–P7 token value while new screens opt into semantic roles (1.395196ms)
✔ DS2 supported foreground/surface pairings preserve readable contrast (0.522887ms)
✔ DS2 typography reserves readable line height and moderate emphasis (0.174726ms)
✔ screen metrics preserve portrait padding, protect side cutouts and reserve floating controls once (0.269445ms)
✔ busy and disabled states cannot be weakened by accessibility overrides (0.341171ms)
✔ reduced motion retains press feedback without spatial transform; disabled never presses (0.227713ms)
✔ all motion presets remove both duration and orchestration delay under Reduced Motion (0.207535ms)
✔ motion preference shares one native subscription, defaults static and releases it (0.301131ms)
✔ late preference read cannot override a newer native event or an unmounted generation (0.3753ms)
✔ preference read failures leave content static and visible (0.328161ms)
✔ Agenda inputs format naturally without technical ISO syntax (0.875413ms)
✔ Agenda rejects impossible dates and invalid times (0.876886ms)
✔ Mobile UI deadline resolves fast work and bounds stalled work (16.807133ms)
✔ dispatch feed accepts only canonical active queue offers (1.296782ms)
✔ dispatch feed fails closed on malformed RPC payload (0.182127ms)
✔ W2 Drawer capture accepts final geometry and the 390px width cap (1.550523ms)
✔ W2 Drawer capture rejects mounted controls while the panel is off-screen or moving (2.924999ms)
✔ W2 Drawer capture rejects wrong width, hidden critical controls and overflow (1.081035ms)
✔ Vercel routes M5 native RAFI endpoints to isolated preview functions (1.027217ms)
✔ mobile bundle never embeds privileged provider or Supabase server credentials (0.44339ms)
✔ native RAFI gateways require the authenticated Supabase session token (0.22491ms)
✔ server-side native RAFI functions are preview-only and staging-pinned (0.236717ms)
✔ Magic Loop retains canonical request id across matching to found (0.624686ms)
✔ mobile gateway response preserves diagnostic and labour semantics without calculating or decoding (1.491657ms)
✔ notification routing opens the exact mission for the matching universe (1.294108ms)
✔ notification routing never crosses Client and Artisan universes (0.160194ms)
✔ notification routing supports useful workspace destinations and safe fallback (0.331336ms)
✔ RAFI local rules classify common FIXEO needs without AI cost (1.190455ms)
✔ RAFI does not invent a trade for an unknown short need (0.158303ms)
✔ RAFI keeps ambiguous room-level requests unclassified until the user adds a concrete problem (0.144292ms)
✔ W3 eight semantic states and French labels are exhaustive; legacy calls retain identity (1.880152ms)
✔ W3 client maps only known facts, keeps creation distinct from matching and validation from success (0.195837ms)
✔ W3 artisan derives priorities from the actual mission, offers, acceptance and load-error inputs (0.193073ms)
✔ success is consumed once, never replayed by polling, focus, or Reduced Motion changes (0.159324ms)
✔ all sizes and motion peaks stay within frame; compact fits unchanged W2 56px host (0.716902ms)
✔ activity shares one native listener and cleans up the last subscriber (0.324936ms)
✔ presence engine has no backend or per-frame React side effects; visual material is centralized (0.494385ms)
✔ W3 keeps the certified Evidence capture engine byte-identical through W5 (0.442128ms)
✔ RAFI keeps manual problem and city as user-declared facts (1.429145ms)
✔ RAFI preserves explicit user confirmation of an AI-assisted description (0.144702ms)
✔ RAFI context omits empty facts (0.146675ms)
✔ Shell subpages do not render legacy duplicate back rows (7.20873ms)
✔ Client workspace detail pages use bounded loading and foreground refresh (1.818246ms)
✔ W2 client: real Drawer routes and active state (1.582751ms)
✔ W2 artisan: real Drawer routes and active state (0.284497ms)
✔ W2 Dock opts in only workspace roots, excludes forms/auth/missions/unknown/cross-role routes (0.926449ms)
✔ W2 Dock limits, duplicate guard, visibility and badges (0.581202ms)
✔ W2 floating reservation and enlarged text: safe area + height + gaps counted once (0.406076ms)
✔ W2 targets and Reduced Motion: DS2, no pressed transform, no delayed close (0.343333ms)
✔ W2 installed StackRouter: no duplicate roots, detail preserves return history (1.306375ms)
✔ W2 actual JSX: one stable Shell per screen, including the shared W5 Artisan frame (76.102926ms)
✔ W2 Dock yields space to content when enlarged header/toolbar or landscape leaves insufficient room (0.303465ms)
✔ W2 root right-actions preserve their parent context; subpage right-actions return to an existing root (13.234595ms)
"shadow*" style props are deprecated. Use "boxShadow".
props.pointerEvents is deprecated. Use style.pointerEvents
✔ W2 real Drawer/Dock/controls render accessible states with React Native Web (436.703391ms)
ℹ tests 105
ℹ suites 0
ℹ pass 105
ℹ fail 0
ℹ cancelled 0
ℹ skipped 0
ℹ todo 0
ℹ duration_ms 5437.24359
