✔ critical registration requires explicit acknowledgement of the exact immutable result (2.263228ms)
✔ old dossiers, noncritical results, stale revisions and invalid phone cannot use critical registration (1.039013ms)
✔ acknowledged critical API uses existing quota gates and one atomic registration RPC; never calls pricing, AI or direct dispatch (5.125957ms)
✔ broken electrical equipment alone warns and routes urgently to an electrician without certifying safety (130.527873ms)
✔ critical electrical and fire signs stop before any media download or AI call (1.824775ms)
✔ technical risk cannot clear confirmed, previous, model or uncertain critical signals (1.45257ms)
✔ explicit negations do not invent technical risk or clear another positive mention (0.476919ms)
✔ photo-only electrical risk is retained independently of synthesis; any photo critical sign wins (29.888288ms)
✔ technical-risk result can enter the existing handoff with electrician and urgent context; critical results cannot (9.400925ms)
✔ production regression: informative electrical photo + valid literal finding + normal visual-check language yields a complete noncritical result (304.973757ms)
✔ normal diagnostic vocabulary in problem is not forged photo provenance (0.752884ms)
✔ normal diagnostic vocabulary in hypotheses is not forged photo provenance (0.26571ms)
✔ normal diagnostic vocabulary in urgency_reason is not forged photo provenance (0.255555ms)
✔ normal diagnostic vocabulary in checks is not forged photo provenance (0.214334ms)
✔ normal diagnostic vocabulary in possible_parts is not forged photo provenance (0.203138ms)
✔ photo-only inference retains isolated facts without manufacturing a customer declaration (82.548978ms)
✔ valid electrical-photo paraphrase cannot trigger a false 502: only literal isolated findings become photo proof (74.083795ms)
✔ unsupported photographic prose is removed in all fields without inventing replacements or losing danger signals (1.404349ms)
✔ normalization log metadata contains only known field labels (0.305107ms)
✔ a multi-sentence isolated observation remains valid when used as the grounded replacement (0.518019ms)
✔ inconclusive photo supports useful text analysis, never a visual finding (58.258439ms)
✔ text only permits normal photo/observation vocabulary without vision or observed provenance (1.39763ms)
✔ literal photo attribution is allowed only when the entire claim belongs to isolated vision (0.751662ms)
✔ every prose field rejects an invented affirmative visual claim with the field label only (0.576976ms)
✔ a real visible finding can be referenced literally; generic photography and visibility vocabulary does not require fake observations (0.642753ms)
✔ analyze HTTP action finishes and returns 200 for the valid electrical-photo regression (54.864532ms)
✔ missing/nonempty synthesis observations have distinct instrumentation and fail closed even when copied correctly (0.296034ms)
✔ engine observation comparison is structural, independent of object key order, and rejects every changed fact component (0.23868ms)
✔ photo evidence identifies exact structural failures, without logging IDs or observations (0.527784ms)
✔ provider provenance and media validation remain strict and independently identifiable (0.26606ms)
✔ critical visual danger takes precedence over contradicting text and a lower-risk synthesis (59.032814ms)
✔ contradicting user description never contaminates the isolated photographic facts (49.143954ms)
✔ real text danger remains a pre-AI stop; no photo or model call (7.650729ms)
✔ production error log includes only trusted branch/condition/field, not evidence or attacker-supplied metadata (1.560268ms)
✔ informative evidence and qualified trade: zero questions (5.233514ms)
✔ ambiguous photo: only a relevant area question (0.617696ms)
✔ unknown/skipped answers are never asked again (0.172123ms)
✔ maximum two questions across rounds (0.139324ms)
✔ known onset/area/frequency are not asked again (0.489988ms)
✔ unrelated gas and structure questions omitted (0.287832ms)
✔ critical routing never yields qualification questions (0.217439ms)
✔ area choices match plomberie, never another trade's surfaces (0.788677ms)
✔ area choices match electricite, never another trade's surfaces (0.479503ms)
✔ area choices match climatisation, never another trade's surfaces (0.407698ms)
✔ area choices match maconnerie, never another trade's surfaces (0.377724ms)
✔ area choices match autre, never another trade's surfaces (0.147546ms)
✔ already-known plomberie facts skip onset: Une fuite (1.419502ms)
✔ already-known plomberie facts skip affected_area: Sous mon lavabo (0.199012ms)
✔ already-known electricite facts skip affected_area: Ma prise ne fonctionne plus (0.12259ms)
✔ already-known climatisation facts skip affected_area: L’unité extérieure fait du bruit (0.196357ms)
✔ already-known maconnerie facts skip affected_area: Une fissure sur mon mur (0.104123ms)
✔ already-known serrurerie facts skip affected_area: Ma porte est bloquée (0.171261ms)
✔ already-known serrurerie facts skip occurrence: Clé perdue (0.178592ms)
✔ clear locksmith needs zero questions, including a short description (0.356793ms)
✔ two questions total, including optional/skipped answers over later rounds (0.25242ms)
✔ photo facts and the effective electrical risk trade control area routing (0.262655ms)
✔ exact selected run, revision, completed state and current risk contract required (5.525947ms)
✔ reuse only the authenticated owner profile phone (0.711093ms)
✔ TECHNICAL uses canonical quote RPC, server facts and deterministic retry credentials (2.361513ms)
✔ URGENT uses canonical quote RPC, server facts and deterministic retry credentials (0.514094ms)
✔ critical acknowledgement cannot be skipped, falsified or used for another run (0.546521ms)
✔ truthful lifecycle: queue is not contact (0.606509ms)
✔ truthful lifecycle: CONTACTED alone is not delivery (0.309073ms)
✔ truthful lifecycle: outbox pending is not sent (0.186844ms)
✔ truthful lifecycle: SENT without delivery evidence is not sent (0.234423ms)
✔ truthful lifecycle: real send is not acceptance (5.809509ms)
✔ truthful lifecycle: assigned without mission remains unconfirmed (0.339648ms)
✔ truthful lifecycle: assigned with pending mission is confirmed (0.178943ms)
✔ truthful lifecycle: in progress mission (0.106256ms)
✔ truthful lifecycle: finished mission (0.233773ms)
✔ truthful lifecycle: cancelled request (0.153254ms)
✔ followup failures preserve registration and require only a read retry (0.227303ms)
✔ confirmation_context retains same-origin, owner lock and quota gates (4.784752ms)
✔ confirm_intervention retains same-origin, owner lock and quota gates (0.949432ms)
✔ intervention_status retains same-origin, owner lock and quota gates (0.833092ms)
✔ neutral synthetic photo is deterministically inconclusive; no visual findings are requested or invented (264.539891ms)
✔ informative photo is read without description or answers; only its exact isolated facts are displayed as observed (126.896683ms)
✔ useful description survives an inconclusive photo and retains its own provenance, including in the legacy modal (42.723233ms)
✔ synthesis cannot invent photographic evidence: forged provenance fails, unsupported prose never reaches the result (117.36724ms)
✔ missing, duplicate, unknown or contradictory photo evidence fails closed (0.728618ms)
✔ real declared danger still stops before photo download or AI, even with a neutral photo (0.767356ms)
✔ isolated visual danger cannot be cancelled by the text synthesis or a user negation (94.535344ms)
✔ isolated technical electrical risk survives synthesis and keeps photo-only routing open with fixed guidance (74.60846ms)
✔ multiple photos keep separate evidence; a uniform photo cannot inherit findings from an informative photo (83.681479ms)
✔ both provider passes share the original timeout budget (70.186821ms)
✔ engine refuses findings not copied from the isolated photo evidence (2.127049ms)
✔ provider adapter sends only bounded evidence, no tools, no persistence; validates completed/refusal states (144.016107ms)
✔ money and repair instructions hidden in free result fields are rejected; model danger cannot become user confirmation (9.927417ms)
✔ public activation fails closed until all operational prerequisites are acknowledged; video always OFF (3.531208ms)
✔ risk matrix: électricité — Prise cassée avec un fil apparent. → URGENT (129.493417ms)
✔ risk matrix: électricité — Des étincelles actives sortent de la prise. → CRITICAL (0.499402ms)
✔ risk matrix: plomberie — Petite fuite sous le lavabo. → TECHNICAL (11.313801ms)
✔ risk matrix: plomberie — Grosse fuite maîtrisable. → URGENT (1.530284ms)
✔ risk matrix: plomberie — Une fuite importante est contenue. → URGENT (3.9622ms)
✔ risk matrix: plomberie — Une fuite incontrôlable. → CRITICAL (0.418033ms)
✔ risk matrix: plomberie/électricité — Eau en contact avec l’installation électrique. → CRITICAL (0.198601ms)
✔ risk matrix: gaz — Appareil à gaz en panne, pas de fuite de gaz. → TECHNICAL (0.596435ms)
✔ risk matrix: gaz — Odeur de gaz près de la chaudière. → CRITICAL (0.164601ms)
✔ risk matrix: serrurerie — Serrure bloquée. → TECHNICAL (0.366968ms)
✔ risk matrix: serrurerie — Serrure bloquée, danger immédiat explicite. → CRITICAL (0.27942ms)
✔ risk matrix: climatisation — Clim en panne. → TECHNICAL (0.530248ms)
✔ risk matrix: climatisation — Une fumée active sort de la climatisation. → CRITICAL (0.161106ms)
✔ risk matrix: maçonnerie — Une fissure simple sur le mur. → TECHNICAL (0.430862ms)
✔ risk matrix: maçonnerie — Une fissure s’agrandit. → URGENT (0.762298ms)
✔ risk matrix: structure — Effondrement en cours. → CRITICAL (0.240242ms)
✔ risk matrix: toiture — Petite infiltration de la toiture. → TECHNICAL (0.278017ms)
✔ risk matrix: toiture — Toiture avec infiltration importante. → URGENT (0.175517ms)
✔ risk matrix: toiture — Des tuiles menacent de tomber. → CRITICAL (0.127146ms)
✔ risk matrix: chauffage — Chauffage en panne. → TECHNICAL (0.2248ms)
✔ risk matrix: chauffage — Chauffage en panne avec fumée active. → CRITICAL (0.08874ms)
✔ risk matrix: chauffe-eau — Chauffe-eau en panne. → TECHNICAL (0.140947ms)
✔ risk matrix: électroménager / autre — Un lave-linge en panne. → TECHNICAL (0.666007ms)
✔ risk matrix: électroménager / autre — Un lave-linge avec fumée active. → CRITICAL (0.217369ms)
✔ severity is independent of trade: plomberie / TECHNICAL (0.359467ms)
✔ severity is independent of trade: plomberie / URGENT (0.124973ms)
✔ severity is independent of trade: plomberie / CRITICAL (0.066878ms)
✔ severity is independent of trade: electricite / TECHNICAL (0.086046ms)
✔ severity is independent of trade: electricite / URGENT (0.068972ms)
✔ severity is independent of trade: electricite / CRITICAL (0.052027ms)
✔ severity is independent of trade: serrurerie / TECHNICAL (0.080178ms)
✔ severity is independent of trade: serrurerie / URGENT (0.077724ms)
✔ severity is independent of trade: serrurerie / CRITICAL (0.084524ms)
✔ severity is independent of trade: climatisation / TECHNICAL (0.158532ms)
✔ severity is independent of trade: climatisation / URGENT (0.173264ms)
✔ severity is independent of trade: climatisation / CRITICAL (0.097353ms)
✔ severity is independent of trade: bricolage / TECHNICAL (0.159173ms)
✔ severity is independent of trade: bricolage / URGENT (0.104193ms)
✔ severity is independent of trade: bricolage / CRITICAL (0.120897ms)
✔ severity is independent of trade: menuiserie / TECHNICAL (0.052367ms)
✔ severity is independent of trade: menuiserie / URGENT (0.04069ms)
✔ severity is independent of trade: menuiserie / CRITICAL (0.036934ms)
✔ severity is independent of trade: peinture / TECHNICAL (0.040319ms)
✔ severity is independent of trade: peinture / URGENT (0.039498ms)
✔ severity is independent of trade: peinture / CRITICAL (0.036534ms)
✔ severity is independent of trade: maconnerie / TECHNICAL (0.035512ms)
✔ severity is independent of trade: maconnerie / URGENT (0.032808ms)
✔ severity is independent of trade: maconnerie / CRITICAL (0.035242ms)
✔ severity is independent of trade: nettoyage / TECHNICAL (0.033869ms)
✔ severity is independent of trade: nettoyage / URGENT (0.03351ms)
✔ severity is independent of trade: nettoyage / CRITICAL (0.03368ms)
✔ severity is independent of trade: jardinage / TECHNICAL (0.03406ms)
✔ severity is independent of trade: jardinage / URGENT (0.035181ms)
✔ severity is independent of trade: jardinage / CRITICAL (0.034971ms)
✔ severity is independent of trade: demenagement / TECHNICAL (0.032698ms)
✔ severity is independent of trade: demenagement / URGENT (0.065816ms)
✔ severity is independent of trade: demenagement / CRITICAL (0.04082ms)
✔ severity is independent of trade: carrelage / TECHNICAL (0.033018ms)
✔ severity is independent of trade: carrelage / URGENT (0.078665ms)
✔ severity is independent of trade: carrelage / CRITICAL (0.043463ms)
✔ severity is independent of trade: autre / TECHNICAL (0.03454ms)
✔ severity is independent of trade: autre / URGENT (0.035442ms)
✔ severity is independent of trade: autre / CRITICAL (0.089421ms)
✔ a controlled leak never cancels a different active danger or uncertainty (0.263737ms)
✔ critical guidance contains no technical handling instruction even when urgent evidence is also present (0.474235ms)
✔ Fès blocked door since today: qualified trade, no artificial urgency, warning or surface questions (0.933439ms)
✔ business priority without hazard evidence retains its urgency but never invents danger advice (0.104263ms)
✔ a blocked door never suppresses an actual, declared, model or previously recorded hazard (0.73674ms)
✔ explicit local negations reach analysis without certifying safety (24.089665ms)
✔ affirmative hazards and a second positive mention remain blocked (2.125106ms)
✔ questions, uncertainty, exceptions and double negation fail closed (5.468138ms)
✔ negation cannot cancel confirmed, previous or model hazards, or cross fields (0.813222ms)
✔ engine calls provider for the production regression and stops a real hazard before AI (88.238686ms)
✔ transport records request milestones and never retries uncertain quota mutations (515.311317ms)
✔ raw error messages, headers, causes and arbitrary codes never reach trace logs (0.798511ms)
✔ 6 approved services across 20 cities: exact prices and strict qualification without legacy fallback (59.042258ms)
✔ Rendered plumbing questions, parts and diagnosis use customer language with explicit scope (130.167675ms)
✔ Guest repair API hashes credentials, requires exact consent and maps rejected transitions (3.445933ms)
✔ Guest screen shows a single total and credit; acceptance stays disabled until explicit consent (40.925232ms)
✔ Artisan form sends the selected repair, checked scope, declared cash credit and stable proposal identity (33.964455ms)
✔ Artisan financial center uses the recorded fee: repair retention 220/270, diagnostic 160, no second diagnostic revenue (5.099808ms)
✔ Public route view retains only approved destinations and explanation, with legacy string compatibility (1.659644ms)
✔ Real public API preserves diagnostic and utility routes at start and rejects pricing evaluation of blocked sessions (34.149456ms)
✔ The browser renders the diagnostic explanation from the public API view (65.256852ms)
✔ BP 3.3 reference examples, floor and cap (1.338663ms)
✔ centime continuity around floor, band changes and cap (0.287021ms)
✔ materials never increase commission; total reconciles and retention is explicit (4.312203ms)
✔ six pilot hypotheses reconcile without activating prices (0.324546ms)
✔ invalid money and unknown/legacy versions fail rather than being coerced (1.29563ms)
✔ calculation is repeatable, immutable, and does not mutate accepted legacy data (1.122125ms)
✔ commission and total stay monotonic across a broad range (29.344039ms)
✔ Real estimator handler signs persisted VAP and forwards its exact total to atomic confirmation (29.177035ms)
✔ Migrated plumbing fails closed without a calibrated entry (6.164249ms)
✔ Persist offer before issuing signed context; preserve centimes and fail closed (4.163045ms)
✔ W5 V2 isolated wrapper: no data effects on definition, direct legacy denied, valid Artisan only, historical body preserved (2280.130808ms)
✔ W5 V2 exact literal gate, 19 guarded definitions, preserved business bodies and Mobile wrapper call (3.47086ms)
✔ W5 V2 rollback file restores exactly the 19 baseline definitions and the original activity permission (1.605574ms)
✔ W5 real SQL policies: canonical role, active session, forged owners and foreign links remain separate (2273.520962ms)
✔ W5 guards are added to canonical routines without rewriting their business decisions (0.732414ms)
✔ W5 Bio: additive definition, canonical authority, timestamp exception, exact other columns, owner isolation and length (2085.749472ms)
✔ W5 Bio migration creates only its approved RPC and leaves table rights and triggers intact (1.122977ms)
✔ JWT SQL: attestation, owner, canonical offer, atomic confirmation, retry/conflict, ACL and Storage RLS (2485.550371ms)
✔ W41 builds only three JWT mobile endpoints; legacy routing preserved for other branches (2.566693ms)
✔ real persisted diagnostic lifecycle → canonical bridge; provenance, Safety exception, owner, revision and expiry (2135.644377ms)
✔ auth, Client, exact target, no privileged fallback, strict inputs (57.861257ms)
✔ real canonical fixed scope → evaluate → verify → authenticated confirmation, tamper and TTL (34.231186ms)
✔ one useful clarification; no Safety questionnaire, real STOP cannot continue (13.251081ms)
✔ attestation binds fixed stage, user, branch, operation, payload, <=60 seconds (0.614882ms)
✔ quota fails closed; provider/SQL detail never reaches mobile (0.438643ms)
(node:223) ExperimentalWarning: stripTypeScriptTypes is an experimental feature and might change at any time
(Use `node --trace-warnings ...` to show where the warning was created)
✔ proxy allows only three authenticated routes and keeps authority at endpoints (37.144047ms)
✔ proxy bounds input/output, fails closed on upstream timeout/non-JSON and missing config (29.906054ms)
{"event":"mobile_rafi_voice_gateway_error","code":"AUTH_REQUIRED","status":401,"latency_ms":1}
{"event":"mobile_rafi_voice_gateway_error","code":"AUTH_REQUIRED","status":401,"latency_ms":6}
{"event":"mobile_rafi_voice_ok","bytes":17,"latency_ms":10}
{"event":"mobile_rafi_voice_ok","bytes":17,"latency_ms":1}
{"event":"mobile_rafi_photo_gateway_error","code":"ROLE_FORBIDDEN","status":403,"latency_ms":22}
{"event":"mobile_rafi_photo_ok","input_bytes":201,"safe_bytes":66,"latency_ms":62,"provider_called":false}
{"event":"mobile_rafi_photo_ok","input_bytes":201,"safe_bytes":66,"latency_ms":24,"provider_called":false}
✔ route authority: Voice shared; ephemeral photo shared; persisted photo Client-only (356.001613ms)
ℹ tests 201
ℹ suites 0
ℹ pass 201
ℹ fail 0
ℹ cancelled 0
ℹ skipped 0
ℹ todo 0
ℹ duration_ms 3509.6411
