npm warn Unknown env config "http-proxy". This will stop working in the next major version of npm.

> fixeo-mobile@0.1.0 test:contracts
> node --import tsx --test tests/*.test.ts

✔ artisan activity does not show a blocking load error when offers load (1.029509ms)
✔ artisan activity does not show a blocking load error when current mission loads (0.144953ms)
✔ artisan activity shows a load error only when both primary activity sources fail (0.141818ms)
✔ W5 personal quote arithmetic preserves explicit prices, rounding and discount (1.312114ms)
✔ W5 incomplete or non-finite quote inputs cannot produce a valid amount (7.087161ms)
✔ W5 ledger states income and expense separately and never substitutes missing money (14.803367ms)
✔ W5 agenda only flags coincident active starts, without inferring duration (5.013862ms)
✔ W5 auth and ownership failures are actionable without exposing server internals (0.710101ms)
✔ mobile auth entry resolves only supported mobile universes (1.106512ms)
✔ mobile auth entry hides technical credential and network errors (0.31353ms)
✔ W4 Client priorities put validation before intervention, assignment, matching and alerts (3.004355ms)
✔ W4 creation and understanding cannot masquerade as an active artisan search (0.280681ms)
✔ W4 larger RAFI fits both small and standard canvases without changing W3 geometry (0.323745ms)
✔ W4 mission presentation never invents assignment or arrival while loading or unknown (0.461637ms)
✔ W4 notification grouping uses existing event types, read state, and known supersession only (0.386367ms)
✔ an explicit estimate intent is optional; ordinary requests do not select it (1.287528ms)
✔ confirmation preserves opaque server scope and never supplies a local amount or identity (5.355283ms)
✔ quote bridge requires persisted diagnostic; direct unpriced quote stays distinct (0.292328ms)
✔ server STOP denies confirmation even when accompanied by a pricing token (0.232591ms)
✔ only recognized server outcomes permit handoff (0.23841ms)
✔ error copy contains no server internals and separates auth, expiry, safety and recoverable failures (0.624726ms)
✔ malformed server output fails closed, canonical quote id is accepted (0.771941ms)
✔ unclassified canonical safety outcome remains blocking without a service code (0.237368ms)
✔ diagnostic provenance survives confirmation and unknown provenance stays unconfirmed (1.557794ms)
✔ safety and pending analysis or confirmation always block intake (0.268324ms)
✔ all canonical outcomes render literal server amounts, quote and diagnostic are valid outcomes (0.438803ms)
✔ mobile consumes no pricing engine, legacy import or estimator secret; source guard precedes request (1.014227ms)
✔ preventive safety questions are hidden using the real canonical question metadata (5.385797ms)
✔ mild uncertainty has at most one useful qualification, no safety loop or invented answers (0.621832ms)
✔ a real STOP is never locally cleared, including after confirmation or exit (0.408318ms)
✔ W5 preserves W4 services, mission engine, W2/W3 components and Auth byte-for-byte (3.784038ms)
✔ W4 keeps original request, auth, watch, load, evidence, validation and adjustment callbacks (111.879037ms)
✔ W4 request contract remains four arguments including normalized city and no GPS (0.488817ms)
✔ W4 cities are a verbatim projection of the existing canonical public catalogue (2.971037ms)
✔ W4 foreground success returns only a city and never returns GPS coordinates (0.82563ms)
✔ W4 denied and permanently denied permissions never reach the location provider (0.462478ms)
✔ W4 disabled GPS, native errors and unsupported web all retain a manual fallback result (0.48362ms)
✔ W4 geocoding uses cities, known city aliases only for subregions, never guesses a province (0.508756ms)
✔ W4 timeout discards late fixes before geocoding and never requests GPS after a late permission (33.522935ms)
✔ W4 cancelled or backgrounded requests do no further location work (1.024512ms)
✔ W4 native configuration is foreground only and SDK-compatible (0.914802ms)
✔ Client cockpit always prioritizes an active intervention over alerts (1.206579ms)
✔ Artisan cockpit prioritizes mission, then offers, then availability and private activity (0.353699ms)
✔ DS2 real primitives render their accessible states with the installed React Native Web adapter (586.408448ms)
✔ DS2 retains every P1–P7 token value while new screens opt into semantic roles (2.889527ms)
✔ DS2 supported foreground/surface pairings preserve readable contrast (1.35761ms)
✔ DS2 typography reserves readable line height and moderate emphasis (0.834264ms)
✔ screen metrics preserve portrait padding, protect side cutouts and reserve floating controls once (0.560251ms)
✔ busy and disabled states cannot be weakened by accessibility overrides (0.298057ms)
✔ reduced motion retains press feedback without spatial transform; disabled never presses (0.289795ms)
✔ all motion presets remove both duration and orchestration delay under Reduced Motion (0.304196ms)
✔ motion preference shares one native subscription, defaults static and releases it (0.53141ms)
✔ late preference read cannot override a newer native event or an unmounted generation (0.521795ms)
✔ preference read failures leave content static and visible (0.489618ms)
✔ Agenda inputs format naturally without technical ISO syntax (1.313526ms)
✔ Agenda rejects impossible dates and invalid times (0.845109ms)
✔ Mobile UI deadline resolves fast work and bounds stalled work (16.615503ms)
✔ dispatch feed accepts only canonical active queue offers (1.291534ms)
✔ dispatch feed fails closed on malformed RPC payload (0.177089ms)
✔ W2 Drawer capture accepts final geometry and the 390px width cap (2.081673ms)
✔ W2 Drawer capture rejects mounted controls while the panel is off-screen or moving (8.481556ms)
✔ W2 Drawer capture rejects wrong width, hidden critical controls and overflow (1.764628ms)
✔ Vercel routes M5 native RAFI endpoints to isolated preview functions (1.39768ms)
✔ mobile bundle never embeds privileged provider or Supabase server credentials (0.519302ms)
✔ native RAFI gateways require the authenticated Supabase session token (0.278128ms)
✔ server-side native RAFI functions are preview-only and staging-pinned (0.236937ms)
✔ Magic Loop retains canonical request id across matching to found (0.68874ms)
✔ mobile gateway response preserves diagnostic and labour semantics without calculating or decoding (1.781472ms)
✔ notification routing opens the exact mission for the matching universe (1.777346ms)
✔ notification routing never crosses Client and Artisan universes (0.182477ms)
✔ notification routing supports useful workspace destinations and safe fallback (0.191351ms)
✔ RAFI local rules classify common FIXEO needs without AI cost (1.073835ms)
✔ RAFI does not invent a trade for an unknown short need (0.184561ms)
✔ RAFI keeps ambiguous room-level requests unclassified until the user adds a concrete problem (0.128358ms)
✔ W3 eight semantic states and French labels are exhaustive; legacy calls retain identity (2.026982ms)
✔ W3 client maps only known facts, keeps creation distinct from matching and validation from success (0.255745ms)
✔ W3 artisan derives priorities from the actual mission, offers, acceptance and load-error inputs (0.175928ms)
✔ success is consumed once, never replayed by polling, focus, or Reduced Motion changes (0.249126ms)
✔ all sizes and motion peaks stay within frame; compact fits unchanged W2 56px host (0.526352ms)
✔ activity shares one native listener and cleans up the last subscriber (0.337625ms)
✔ presence engine has no backend or per-frame React side effects; visual material is centralized (1.226709ms)
✔ W3 keeps the certified Evidence capture engine byte-identical through W5 (0.479523ms)
✔ RAFI keeps manual problem and city as user-declared facts (1.782424ms)
✔ RAFI preserves explicit user confirmation of an AI-assisted description (0.161407ms)
✔ RAFI context omits empty facts (1.905034ms)
✔ Shell subpages do not render legacy duplicate back rows (8.791561ms)
✔ Client workspace detail pages use bounded loading and foreground refresh (2.990715ms)
✔ W2 client: real Drawer routes and active state (1.252377ms)
✔ W2 artisan: real Drawer routes and active state (0.256276ms)
✔ W2 Dock opts in only workspace roots, excludes forms/auth/missions/unknown/cross-role routes (0.863966ms)
✔ W2 Dock limits, duplicate guard, visibility and badges (0.526462ms)
✔ W2 floating reservation and enlarged text: safe area + height + gaps counted once (0.307871ms)
✔ W2 targets and Reduced Motion: DS2, no pressed transform, no delayed close (0.21859ms)
✔ W2 installed StackRouter: no duplicate roots, detail preserves return history (1.526168ms)
✔ W2 actual JSX: one stable Shell per screen, including the shared W5 Artisan frame (102.5617ms)
✔ W2 Dock yields space to content when enlarged header/toolbar or landscape leaves insufficient room (2.865141ms)
✔ W2 root right-actions preserve their parent context; subpage right-actions return to an existing root (17.822904ms)
"shadow*" style props are deprecated. Use "boxShadow".
props.pointerEvents is deprecated. Use style.pointerEvents
✔ W2 real Drawer/Dock/controls render accessible states with React Native Web (497.993346ms)
ℹ tests 98
ℹ suites 0
ℹ pass 98
ℹ fail 0
ℹ cancelled 0
ℹ skipped 0
ℹ todo 0
ℹ duration_ms 1414.611182
