✔ critical registration requires explicit acknowledgement of the exact immutable result (2.209494ms)
✔ old dossiers, noncritical results, stale revisions and invalid phone cannot use critical registration (1.230131ms)
✔ acknowledged critical API uses existing quota gates and one atomic registration RPC; never calls pricing, AI or direct dispatch (5.116333ms)
✔ broken electrical equipment alone warns and routes urgently to an electrician without certifying safety (115.636029ms)
✔ critical electrical and fire signs stop before any media download or AI call (1.659503ms)
✔ technical risk cannot clear confirmed, previous, model or uncertain critical signals (1.284011ms)
✔ explicit negations do not invent technical risk or clear another positive mention (0.394011ms)
✔ photo-only electrical risk is retained independently of synthesis; any photo critical sign wins (26.457684ms)
✔ technical-risk result can enter the existing handoff with electrician and urgent context; critical results cannot (4.472905ms)
✔ production regression: informative electrical photo + valid literal finding + normal visual-check language yields a complete noncritical result (270.305776ms)
✔ normal diagnostic vocabulary in problem is not forged photo provenance (0.577671ms)
✔ normal diagnostic vocabulary in hypotheses is not forged photo provenance (0.22387ms)
✔ normal diagnostic vocabulary in urgency_reason is not forged photo provenance (0.233835ms)
✔ normal diagnostic vocabulary in checks is not forged photo provenance (0.178252ms)
✔ normal diagnostic vocabulary in possible_parts is not forged photo provenance (0.235857ms)
✔ photo-only inference retains isolated facts without manufacturing a customer declaration (66.970584ms)
✔ valid electrical-photo paraphrase cannot trigger a false 502: only literal isolated findings become photo proof (50.222427ms)
✔ unsupported photographic prose is removed in all fields without inventing replacements or losing danger signals (1.519228ms)
✔ normalization log metadata contains only known field labels (0.380397ms)
✔ a multi-sentence isolated observation remains valid when used as the grounded replacement (0.704072ms)
✔ inconclusive photo supports useful text analysis, never a visual finding (40.995058ms)
✔ text only permits normal photo/observation vocabulary without vision or observed provenance (1.46641ms)
✔ literal photo attribution is allowed only when the entire claim belongs to isolated vision (0.770569ms)
✔ every prose field rejects an invented affirmative visual claim with the field label only (0.774416ms)
✔ a real visible finding can be referenced literally; generic photography and visibility vocabulary does not require fake observations (1.103048ms)
✔ analyze HTTP action finishes and returns 200 for the valid electrical-photo regression (48.828043ms)
✔ missing/nonempty synthesis observations have distinct instrumentation and fail closed even when copied correctly (0.388379ms)
✔ engine observation comparison is structural, independent of object key order, and rejects every changed fact component (0.318256ms)
✔ photo evidence identifies exact structural failures, without logging IDs or observations (0.343724ms)
✔ provider provenance and media validation remain strict and independently identifiable (0.269606ms)
✔ critical visual danger takes precedence over contradicting text and a lower-risk synthesis (71.729331ms)
✔ contradicting user description never contaminates the isolated photographic facts (54.810775ms)
✔ real text danger remains a pre-AI stop; no photo or model call (1.7255ms)
✔ production error log includes only trusted branch/condition/field, not evidence or attacker-supplied metadata (1.412171ms)
✔ informative evidence and qualified trade: zero questions (4.255025ms)
✔ ambiguous photo: only a relevant area question (0.564641ms)
✔ unknown/skipped answers are never asked again (0.219843ms)
✔ maximum two questions across rounds (0.17014ms)
✔ known onset/area/frequency are not asked again (0.458194ms)
✔ unrelated gas and structure questions omitted (0.281574ms)
✔ critical routing never yields qualification questions (0.30553ms)
✔ area choices match plomberie, never another trade's surfaces (1.063356ms)
✔ area choices match electricite, never another trade's surfaces (0.535568ms)
✔ area choices match climatisation, never another trade's surfaces (0.382473ms)
✔ area choices match maconnerie, never another trade's surfaces (0.454799ms)
✔ area choices match autre, never another trade's surfaces (0.180837ms)
✔ already-known plomberie facts skip onset: Une fuite (0.300272ms)
✔ already-known plomberie facts skip affected_area: Sous mon lavabo (0.153055ms)
✔ already-known electricite facts skip affected_area: Ma prise ne fonctionne plus (0.097794ms)
✔ already-known climatisation facts skip affected_area: L’unité extérieure fait du bruit (0.145445ms)
✔ already-known maconnerie facts skip affected_area: Une fissure sur mon mur (0.092126ms)
✔ already-known serrurerie facts skip affected_area: Ma porte est bloquée (0.155439ms)
✔ already-known serrurerie facts skip occurrence: Clé perdue (0.21715ms)
✔ clear locksmith needs zero questions, including a short description (0.206815ms)
✔ two questions total, including optional/skipped answers over later rounds (0.220605ms)
✔ photo facts and the effective electrical risk trade control area routing (0.29213ms)
✔ exact selected run, revision, completed state and current risk contract required (1.236621ms)
✔ reuse only the authenticated owner profile phone (0.73328ms)
✔ TECHNICAL uses canonical quote RPC, server facts and deterministic retry credentials (2.176745ms)
✔ URGENT uses canonical quote RPC, server facts and deterministic retry credentials (0.440178ms)
✔ critical acknowledgement cannot be skipped, falsified or used for another run (0.635907ms)
✔ truthful lifecycle: queue is not contact (0.685869ms)
✔ truthful lifecycle: CONTACTED alone is not delivery (0.548598ms)
✔ truthful lifecycle: outbox pending is not sent (0.375683ms)
✔ truthful lifecycle: SENT without delivery evidence is not sent (0.238451ms)
✔ truthful lifecycle: real send is not acceptance (0.24452ms)
✔ truthful lifecycle: assigned without mission remains unconfirmed (4.529309ms)
✔ truthful lifecycle: assigned with pending mission is confirmed (0.56414ms)
✔ truthful lifecycle: in progress mission (0.103562ms)
✔ truthful lifecycle: finished mission (0.214175ms)
✔ truthful lifecycle: cancelled request (0.096202ms)
✔ followup failures preserve registration and require only a read retry (0.191482ms)
✔ confirmation_context retains same-origin, owner lock and quota gates (1.716678ms)
✔ confirm_intervention retains same-origin, owner lock and quota gates (0.914136ms)
✔ intervention_status retains same-origin, owner lock and quota gates (0.347131ms)
✔ neutral synthetic photo is deterministically inconclusive; no visual findings are requested or invented (166.934454ms)
✔ informative photo is read without description or answers; only its exact isolated facts are displayed as observed (131.750657ms)
✔ useful description survives an inconclusive photo and retains its own provenance, including in the legacy modal (65.370267ms)
✔ synthesis cannot invent photographic evidence: forged provenance fails, unsupported prose never reaches the result (99.213334ms)
✔ missing, duplicate, unknown or contradictory photo evidence fails closed (0.712445ms)
✔ real declared danger still stops before photo download or AI, even with a neutral photo (0.605808ms)
✔ isolated visual danger cannot be cancelled by the text synthesis or a user negation (55.802128ms)
✔ isolated technical electrical risk survives synthesis and keeps photo-only routing open with fixed guidance (64.8364ms)
✔ multiple photos keep separate evidence; a uniform photo cannot inherit findings from an informative photo (99.757366ms)
✔ both provider passes share the original timeout budget (82.139685ms)
✔ engine refuses findings not copied from the isolated photo evidence (4.674473ms)
✔ provider adapter sends only bounded evidence, no tools, no persistence; validates completed/refusal states (99.428191ms)
✔ money and repair instructions hidden in free result fields are rejected; model danger cannot become user confirmation (8.731946ms)
✔ public activation fails closed until all operational prerequisites are acknowledged; video always OFF (0.714161ms)
✔ risk matrix: électricité — Prise cassée avec un fil apparent. → URGENT (110.30865ms)
✔ risk matrix: électricité — Des étincelles actives sortent de la prise. → CRITICAL (0.496651ms)
✔ risk matrix: plomberie — Petite fuite sous le lavabo. → TECHNICAL (2.854292ms)
✔ risk matrix: plomberie — Grosse fuite maîtrisable. → URGENT (1.499708ms)
✔ risk matrix: plomberie — Une fuite importante est contenue. → URGENT (0.805887ms)
✔ risk matrix: plomberie — Une fuite incontrôlable. → CRITICAL (0.410744ms)
✔ risk matrix: plomberie/électricité — Eau en contact avec l’installation électrique. → CRITICAL (0.244941ms)
✔ risk matrix: gaz — Appareil à gaz en panne, pas de fuite de gaz. → TECHNICAL (0.723285ms)
✔ risk matrix: gaz — Odeur de gaz près de la chaudière. → CRITICAL (0.281875ms)
✔ risk matrix: serrurerie — Serrure bloquée. → TECHNICAL (0.558722ms)
✔ risk matrix: serrurerie — Serrure bloquée, danger immédiat explicite. → CRITICAL (0.341733ms)
✔ risk matrix: climatisation — Clim en panne. → TECHNICAL (0.436142ms)
✔ risk matrix: climatisation — Une fumée active sort de la climatisation. → CRITICAL (0.185022ms)
✔ risk matrix: maçonnerie — Une fissure simple sur le mur. → TECHNICAL (0.451805ms)
✔ risk matrix: maçonnerie — Une fissure s’agrandit. → URGENT (1.669508ms)
✔ risk matrix: structure — Effondrement en cours. → CRITICAL (0.284379ms)
✔ risk matrix: toiture — Petite infiltration de la toiture. → TECHNICAL (0.334783ms)
✔ risk matrix: toiture — Toiture avec infiltration importante. → URGENT (0.247715ms)
✔ risk matrix: toiture — Des tuiles menacent de tomber. → CRITICAL (0.13573ms)
✔ risk matrix: chauffage — Chauffage en panne. → TECHNICAL (0.285249ms)
✔ risk matrix: chauffage — Chauffage en panne avec fumée active. → CRITICAL (0.139916ms)
✔ risk matrix: chauffe-eau — Chauffe-eau en panne. → TECHNICAL (0.21714ms)
✔ risk matrix: électroménager / autre — Un lave-linge en panne. → TECHNICAL (0.458275ms)
✔ risk matrix: électroménager / autre — Un lave-linge avec fumée active. → CRITICAL (0.27847ms)
✔ severity is independent of trade: plomberie / TECHNICAL (0.162519ms)
✔ severity is independent of trade: plomberie / URGENT (0.126967ms)
✔ severity is independent of trade: plomberie / CRITICAL (0.132255ms)
✔ severity is independent of trade: electricite / TECHNICAL (0.14302ms)
✔ severity is independent of trade: electricite / URGENT (0.108279ms)
✔ severity is independent of trade: electricite / CRITICAL (0.108179ms)
✔ severity is independent of trade: serrurerie / TECHNICAL (0.104133ms)
✔ severity is independent of trade: serrurerie / URGENT (0.097334ms)
✔ severity is independent of trade: serrurerie / CRITICAL (0.104914ms)
✔ severity is independent of trade: climatisation / TECHNICAL (1.825097ms)
✔ severity is independent of trade: climatisation / URGENT (0.137602ms)
✔ severity is independent of trade: climatisation / CRITICAL (0.146916ms)
✔ severity is independent of trade: bricolage / TECHNICAL (0.139005ms)
✔ severity is independent of trade: bricolage / URGENT (0.097944ms)
✔ severity is independent of trade: bricolage / CRITICAL (0.125875ms)
✔ severity is independent of trade: menuiserie / TECHNICAL (0.08869ms)
✔ severity is independent of trade: menuiserie / URGENT (0.08137ms)
✔ severity is independent of trade: menuiserie / CRITICAL (0.081229ms)
✔ severity is independent of trade: peinture / TECHNICAL (0.085376ms)
✔ severity is independent of trade: peinture / URGENT (0.116902ms)
✔ severity is independent of trade: peinture / CRITICAL (0.08828ms)
✔ severity is independent of trade: maconnerie / TECHNICAL (0.076262ms)
✔ severity is independent of trade: maconnerie / URGENT (0.08153ms)
✔ severity is independent of trade: maconnerie / CRITICAL (0.080468ms)
✔ severity is independent of trade: nettoyage / TECHNICAL (0.083042ms)
✔ severity is independent of trade: nettoyage / URGENT (0.082862ms)
✔ severity is independent of trade: nettoyage / CRITICAL (0.075852ms)
✔ severity is independent of trade: jardinage / TECHNICAL (0.083273ms)
✔ severity is independent of trade: jardinage / URGENT (0.112545ms)
✔ severity is independent of trade: jardinage / CRITICAL (0.086277ms)
✔ severity is independent of trade: demenagement / TECHNICAL (0.076483ms)
✔ severity is independent of trade: demenagement / URGENT (0.085235ms)
✔ severity is independent of trade: demenagement / CRITICAL (0.081109ms)
✔ severity is independent of trade: carrelage / TECHNICAL (0.065046ms)
✔ severity is independent of trade: carrelage / URGENT (0.130532ms)
✔ severity is independent of trade: carrelage / CRITICAL (0.084455ms)
✔ severity is independent of trade: autre / TECHNICAL (0.090373ms)
✔ severity is independent of trade: autre / URGENT (1.396516ms)
✔ severity is independent of trade: autre / CRITICAL (0.096943ms)
✔ a controlled leak never cancels a different active danger or uncertainty (0.467768ms)
✔ critical guidance contains no technical handling instruction even when urgent evidence is also present (0.385227ms)
✔ Fès blocked door since today: qualified trade, no artificial urgency, warning or surface questions (1.17485ms)
✔ business priority without hazard evidence retains its urgency but never invents danger advice (0.155789ms)
✔ a blocked door never suppresses an actual, declared, model or previously recorded hazard (1.369667ms)
✔ explicit local negations reach analysis without certifying safety (15.752813ms)
✔ affirmative hazards and a second positive mention remain blocked (0.888127ms)
✔ questions, uncertainty, exceptions and double negation fail closed (1.502432ms)
✔ negation cannot cancel confirmed, previous or model hazards, or cross fields (0.449752ms)
✔ engine calls provider for the production regression and stops a real hazard before AI (76.850465ms)
✔ transport records request milestones and never retries uncertain quota mutations (522.014701ms)
✔ raw error messages, headers, causes and arbitrary codes never reach trace logs (1.004593ms)
✔ 6 approved services across 20 cities: exact prices and strict qualification without legacy fallback (55.403614ms)
✔ Rendered plumbing questions, parts and diagnosis use customer language with explicit scope (153.064798ms)
✔ Guest repair API hashes credentials, requires exact consent and maps rejected transitions (9.054105ms)
✔ Guest screen shows a single total and credit; acceptance stays disabled until explicit consent (48.152703ms)
✔ Artisan form sends the selected repair, checked scope, declared cash credit and stable proposal identity (42.725997ms)
✔ Artisan financial center uses the recorded fee: repair retention 220/270, diagnostic 160, no second diagnostic revenue (2.619671ms)
✔ Public route view retains only approved destinations and explanation, with legacy string compatibility (1.913887ms)
✔ Real public API preserves diagnostic and utility routes at start and rejects pricing evaluation of blocked sessions (28.879334ms)
✔ The browser renders the diagnostic explanation from the public API view (67.91606ms)
✔ BP 3.3 reference examples, floor and cap (1.171645ms)
✔ centime continuity around floor, band changes and cap (0.18965ms)
✔ materials never increase commission; total reconciles and retention is explicit (0.254094ms)
✔ six pilot hypotheses reconcile without activating prices (0.219193ms)
✔ invalid money and unknown/legacy versions fail rather than being coerced (0.738948ms)
✔ calculation is repeatable, immutable, and does not mutate accepted legacy data (0.880306ms)
✔ commission and total stay monotonic across a broad range (34.833008ms)
✔ Real estimator handler signs persisted VAP and forwards its exact total to atomic confirmation (23.348104ms)
✔ Migrated plumbing fails closed without a calibrated entry (4.974614ms)
✔ Persist offer before issuing signed context; preserve centimes and fail closed (5.493294ms)
✔ W5 V2 isolated wrapper: no data effects on definition, direct legacy denied, valid Artisan only, historical body preserved (2242.19203ms)
✔ W5 V2 exact literal gate, 19 guarded definitions, preserved business bodies and Mobile wrapper call (4.498285ms)
✔ W5 V2 rollback file restores exactly the 19 baseline definitions and the original activity permission (2.011169ms)
✔ W5 real SQL policies: canonical role, active session, forged owners and foreign links remain separate (2238.762656ms)
✔ W5 guards are added to canonical routines without rewriting their business decisions (1.140101ms)
✔ JWT SQL: attestation, owner, canonical offer, atomic confirmation, retry/conflict, ACL and Storage RLS (2451.361604ms)
✔ W41 builds only three JWT mobile endpoints; legacy routing preserved for other branches (1.853157ms)
✔ real persisted diagnostic lifecycle → canonical bridge; provenance, Safety exception, owner, revision and expiry (2424.948401ms)
✔ auth, Client, exact target, no privileged fallback, strict inputs (41.784145ms)
✔ real canonical fixed scope → evaluate → verify → authenticated confirmation, tamper and TTL (32.837988ms)
✔ one useful clarification; no Safety questionnaire, real STOP cannot continue (9.04455ms)
✔ attestation binds fixed stage, user, branch, operation, payload, <=60 seconds (0.583996ms)
✔ quota fails closed; provider/SQL detail never reaches mobile (4.122224ms)
(node:217) ExperimentalWarning: stripTypeScriptTypes is an experimental feature and might change at any time
(Use `node --trace-warnings ...` to show where the warning was created)
✔ proxy allows only three authenticated routes and keeps authority at endpoints (14.191443ms)
✔ proxy bounds input/output, fails closed on upstream timeout/non-JSON and missing config (15.744345ms)
{"event":"mobile_rafi_voice_gateway_error","code":"AUTH_REQUIRED","status":401,"latency_ms":1}
{"event":"mobile_rafi_voice_gateway_error","code":"AUTH_REQUIRED","status":401,"latency_ms":1}
{"event":"mobile_rafi_voice_ok","bytes":17,"latency_ms":1}
{"event":"mobile_rafi_voice_ok","bytes":17,"latency_ms":3}
{"event":"mobile_rafi_photo_gateway_error","code":"ROLE_FORBIDDEN","status":403,"latency_ms":23}
{"event":"mobile_rafi_photo_ok","input_bytes":201,"safe_bytes":66,"latency_ms":14,"provider_called":false}
{"event":"mobile_rafi_photo_ok","input_bytes":201,"safe_bytes":66,"latency_ms":15,"provider_called":false}
✔ route authority: Voice shared; ephemeral photo shared; persisted photo Client-only (268.57814ms)
ℹ tests 199
ℹ suites 0
ℹ pass 199
ℹ fail 0
ℹ cancelled 0
ℹ skipped 0
ℹ todo 0
ℹ duration_ms 3428.438823
