npm warn Unknown env config "http-proxy". This will stop working in the next major version of npm.

> fixeo-mobile@0.1.0 test:contracts
> node --import tsx --test tests/*.test.ts

✔ artisan activity does not show a blocking load error when offers load (1.55135ms)
✔ artisan activity does not show a blocking load error when current mission loads (0.229044ms)
✔ artisan activity shows a load error only when both primary activity sources fail (2.005644ms)
✔ mobile auth entry resolves only supported mobile universes (1.44312ms)
✔ mobile auth entry hides technical credential and network errors (0.983818ms)
✔ W4 Client priorities put validation before intervention, assignment, matching and alerts (3.257076ms)
✔ W4 creation and understanding cannot masquerade as an active artisan search (0.345175ms)
✔ W4 larger RAFI fits both small and standard canvases without changing W3 geometry (0.328096ms)
✔ W4 mission presentation never invents assignment or arrival while loading or unknown (0.555282ms)
✔ W4 notification grouping uses existing event types, read state, and known supersession only (0.535524ms)
✔ diagnostic provenance survives confirmation and unknown provenance stays unconfirmed (2.273382ms)
✔ safety and pending analysis or confirmation always block intake (0.414567ms)
✔ all canonical outcomes render literal server amounts, quote and diagnostic are valid outcomes (0.782498ms)
✔ mobile consumes no pricing engine, legacy import or estimator secret; source guard precedes request (1.55158ms)
✔ preventive safety questions are hidden using the real canonical question metadata (9.806849ms)
✔ mild uncertainty has at most one useful qualification, no safety loop or invented answers (1.068348ms)
✔ a real STOP is never locally cleared, including after confirmation or exit (0.749759ms)
✔ W4 preserves all existing services, mission engine, W2, W3, Auth and Artisan sources byte-for-byte (4.64807ms)
✔ W4 keeps original request, auth, watch, load, evidence, validation and adjustment callbacks (165.177536ms)
✔ W4 request contract remains four arguments including normalized city and no GPS (1.262852ms)
✔ W4 cities are a verbatim projection of the existing canonical public catalogue (9.910681ms)
✔ W4 foreground success returns only a city and never returns GPS coordinates (1.02504ms)
✔ W4 denied and permanently denied permissions never reach the location provider (5.356432ms)
✔ W4 disabled GPS, native errors and unsupported web all retain a manual fallback result (0.845067ms)
✔ W4 geocoding uses cities, known city aliases only for subregions, never guesses a province (6.196466ms)
✔ W4 timeout discards late fixes before geocoding and never requests GPS after a late permission (36.202002ms)
✔ W4 cancelled or backgrounded requests do no further location work (0.373862ms)
✔ W4 native configuration is foreground only and SDK-compatible (7.573041ms)
✔ Client cockpit always prioritizes an active intervention over alerts (1.287346ms)
✔ Artisan cockpit prioritizes mission, then offers, then availability and private activity (0.474886ms)
✔ DS2 real primitives render their accessible states with the installed React Native Web adapter (946.947068ms)
✔ DS2 retains every P1–P7 token value while new screens opt into semantic roles (2.932928ms)
✔ DS2 supported foreground/surface pairings preserve readable contrast (0.988176ms)
✔ DS2 typography reserves readable line height and moderate emphasis (0.581573ms)
✔ screen metrics preserve portrait padding, protect side cutouts and reserve floating controls once (0.569071ms)
✔ busy and disabled states cannot be weakened by accessibility overrides (0.412683ms)
✔ reduced motion retains press feedback without spatial transform; disabled never presses (0.34959ms)
✔ all motion presets remove both duration and orchestration delay under Reduced Motion (0.59068ms)
✔ motion preference shares one native subscription, defaults static and releases it (0.587797ms)
✔ late preference read cannot override a newer native event or an unmounted generation (0.662342ms)
✔ preference read failures leave content static and visible (0.538656ms)
✔ Agenda inputs format naturally without technical ISO syntax (1.630661ms)
✔ Agenda rejects impossible dates and invalid times (1.12684ms)
✔ Mobile UI deadline resolves fast work and bounds stalled work (16.46758ms)
✔ dispatch feed accepts only canonical active queue offers (1.580447ms)
✔ dispatch feed fails closed on malformed RPC payload (0.227095ms)
✔ W2 Drawer capture accepts final geometry and the 390px width cap (3.264173ms)
✔ W2 Drawer capture rejects mounted controls while the panel is off-screen or moving (9.471396ms)
✔ W2 Drawer capture rejects wrong width, hidden critical controls and overflow (3.311789ms)
✔ Vercel routes M5 native RAFI endpoints to isolated preview functions (1.929039ms)
✔ mobile bundle never embeds privileged provider or Supabase server credentials (0.756656ms)
✔ native RAFI gateways require the authenticated Supabase session token (0.587292ms)
✔ server-side native RAFI functions are preview-only and staging-pinned (0.327258ms)
✔ Magic Loop retains canonical request id across matching to found (1.637909ms)
✔ mobile gateway response preserves diagnostic and labour semantics without calculating or decoding (1.798892ms)
✔ notification routing opens the exact mission for the matching universe (2.185348ms)
✔ notification routing never crosses Client and Artisan universes (0.185773ms)
✔ notification routing supports useful workspace destinations and safe fallback (0.523794ms)
✔ RAFI local rules classify common FIXEO needs without AI cost (1.879679ms)
✔ RAFI does not invent a trade for an unknown short need (0.514159ms)
✔ RAFI keeps ambiguous room-level requests unclassified until the user adds a concrete problem (0.738657ms)
✔ W3 eight semantic states and French labels are exhaustive; legacy calls retain identity (1.851371ms)
✔ W3 client maps only known facts, keeps creation distinct from matching and validation from success (0.240291ms)
✔ W3 artisan derives priorities from the actual mission, offers, acceptance and load-error inputs (0.149966ms)
✔ success is consumed once, never replayed by polling, focus, or Reduced Motion changes (0.180765ms)
✔ all sizes and motion peaks stay within frame; compact fits unchanged W2 56px host (0.479554ms)
✔ activity shares one native listener and cleans up the last subscriber (0.339954ms)
✔ presence engine has no backend or per-frame React side effects; visual material is centralized (0.64636ms)
✔ W3 keeps certified Artisan mission/evidence source byte-identical to post-W2 (0.642253ms)
✔ RAFI keeps manual problem and city as user-declared facts (1.537638ms)
✔ RAFI preserves explicit user confirmation of an AI-assisted description (0.170201ms)
✔ RAFI context omits empty facts (0.235972ms)
✔ Shell subpages do not render legacy duplicate back rows (7.364006ms)
✔ Client workspace detail pages use bounded loading and foreground refresh (3.437161ms)
✔ W2 client: real Drawer routes and active state (2.352824ms)
✔ W2 artisan: real Drawer routes and active state (0.365834ms)
✔ W2 Dock opts in only workspace roots, excludes forms/auth/missions/unknown/cross-role routes (5.125034ms)
✔ W2 Dock limits, duplicate guard, visibility and badges (1.024983ms)
✔ W2 floating reservation and enlarged text: safe area + height + gaps counted once (1.600078ms)
✔ W2 targets and Reduced Motion: DS2, no pressed transform, no delayed close (0.605816ms)
✔ W2 installed StackRouter: no duplicate roots, detail preserves return history (2.57709ms)
✔ W2 actual JSX: one stable Shell per screen; docks only on the two overviews (128.076979ms)
✔ W2 Dock yields space to content when enlarged header/toolbar or landscape leaves insufficient room (0.349384ms)
✔ W2 root right-actions preserve their parent context; subpage right-actions return to an existing root (21.765542ms)
"shadow*" style props are deprecated. Use "boxShadow".
props.pointerEvents is deprecated. Use style.pointerEvents
✔ W2 real Drawer/Dock/controls render accessible states with React Native Web (692.728085ms)
ℹ tests 85
ℹ suites 0
ℹ pass 85
ℹ fail 0
ℹ cancelled 0
ℹ skipped 0
ℹ todo 0
ℹ duration_ms 1849.028729
