✔ critical registration requires explicit acknowledgement of the exact immutable result (5.094496ms)
✔ old dossiers, noncritical results, stale revisions and invalid phone cannot use critical registration (0.899996ms)
✔ acknowledged critical API uses existing quota gates and one atomic registration RPC; never calls pricing, AI or direct dispatch (7.019609ms)
✔ broken electrical equipment alone warns and routes urgently to an electrician without certifying safety (168.034167ms)
✔ critical electrical and fire signs stop before any media download or AI call (2.060401ms)
✔ technical risk cannot clear confirmed, previous, model or uncertain critical signals (2.119194ms)
✔ explicit negations do not invent technical risk or clear another positive mention (0.597613ms)
✔ photo-only electrical risk is retained independently of synthesis; any photo critical sign wins (43.355101ms)
✔ technical-risk result can enter the existing handoff with electrician and urgent context; critical results cannot (8.259419ms)
✔ production regression: informative electrical photo + valid literal finding + normal visual-check language yields a complete noncritical result (330.125847ms)
✔ normal diagnostic vocabulary in problem is not forged photo provenance (0.775897ms)
✔ normal diagnostic vocabulary in hypotheses is not forged photo provenance (0.264138ms)
✔ normal diagnostic vocabulary in urgency_reason is not forged photo provenance (0.48077ms)
✔ normal diagnostic vocabulary in checks is not forged photo provenance (0.328524ms)
✔ normal diagnostic vocabulary in possible_parts is not forged photo provenance (0.248851ms)
✔ photo-only inference retains isolated facts without manufacturing a customer declaration (93.54501ms)
✔ valid electrical-photo paraphrase cannot trigger a false 502: only literal isolated findings become photo proof (91.197308ms)
✔ unsupported photographic prose is removed in all fields without inventing replacements or losing danger signals (6.005957ms)
✔ normalization log metadata contains only known field labels (0.491771ms)
✔ a multi-sentence isolated observation remains valid when used as the grounded replacement (0.906672ms)
✔ inconclusive photo supports useful text analysis, never a visual finding (78.008984ms)
✔ text only permits normal photo/observation vocabulary without vision or observed provenance (2.053523ms)
✔ literal photo attribution is allowed only when the entire claim belongs to isolated vision (1.843841ms)
✔ every prose field rejects an invented affirmative visual claim with the field label only (15.284011ms)
✔ a real visible finding can be referenced literally; generic photography and visibility vocabulary does not require fake observations (0.973798ms)
✔ analyze HTTP action finishes and returns 200 for the valid electrical-photo regression (99.190758ms)
✔ missing/nonempty synthesis observations have distinct instrumentation and fail closed even when copied correctly (1.010057ms)
✔ engine observation comparison is structural, independent of object key order, and rejects every changed fact component (0.862974ms)
✔ photo evidence identifies exact structural failures, without logging IDs or observations (0.433805ms)
✔ provider provenance and media validation remain strict and independently identifiable (0.409445ms)
✔ critical visual danger takes precedence over contradicting text and a lower-risk synthesis (192.618544ms)
✔ contradicting user description never contaminates the isolated photographic facts (150.657532ms)
✔ real text danger remains a pre-AI stop; no photo or model call (1.574046ms)
✔ production error log includes only trusted branch/condition/field, not evidence or attacker-supplied metadata (59.363032ms)
✔ informative evidence and qualified trade: zero questions (6.510481ms)
✔ ambiguous photo: only a relevant area question (0.653229ms)
✔ unknown/skipped answers are never asked again (0.166638ms)
✔ maximum two questions across rounds (0.094867ms)
✔ known onset/area/frequency are not asked again (0.586781ms)
✔ unrelated gas and structure questions omitted (0.371457ms)
✔ critical routing never yields qualification questions (0.438643ms)
✔ area choices match plomberie, never another trade's surfaces (1.068696ms)
✔ area choices match electricite, never another trade's surfaces (0.621393ms)
✔ area choices match climatisation, never another trade's surfaces (0.511938ms)
✔ area choices match maconnerie, never another trade's surfaces (0.498333ms)
✔ area choices match autre, never another trade's surfaces (0.166892ms)
✔ already-known plomberie facts skip onset: Une fuite (0.572191ms)
✔ already-known plomberie facts skip affected_area: Sous mon lavabo (0.286574ms)
✔ already-known electricite facts skip affected_area: Ma prise ne fonctionne plus (0.092208ms)
✔ already-known climatisation facts skip affected_area: L’unité extérieure fait du bruit (0.156079ms)
✔ already-known maconnerie facts skip affected_area: Une fissure sur mon mur (0.064069ms)
✔ already-known serrurerie facts skip affected_area: Ma porte est bloquée (0.149215ms)
✔ already-known serrurerie facts skip occurrence: Clé perdue (0.114671ms)
✔ clear locksmith needs zero questions, including a short description (0.221075ms)
✔ two questions total, including optional/skipped answers over later rounds (0.230223ms)
✔ photo facts and the effective electrical risk trade control area routing (0.293046ms)
✔ exact selected run, revision, completed state and current risk contract required (1.302385ms)
✔ reuse only the authenticated owner profile phone (1.027518ms)
✔ TECHNICAL uses canonical quote RPC, server facts and deterministic retry credentials (2.336573ms)
✔ URGENT uses canonical quote RPC, server facts and deterministic retry credentials (0.62906ms)
✔ critical acknowledgement cannot be skipped, falsified or used for another run (0.671703ms)
✔ truthful lifecycle: queue is not contact (0.595074ms)
✔ truthful lifecycle: CONTACTED alone is not delivery (0.385745ms)
✔ truthful lifecycle: outbox pending is not sent (0.689879ms)
✔ truthful lifecycle: SENT without delivery evidence is not sent (0.228389ms)
✔ truthful lifecycle: real send is not acceptance (0.166373ms)
✔ truthful lifecycle: assigned without mission remains unconfirmed (0.490791ms)
✔ truthful lifecycle: assigned with pending mission is confirmed (0.397038ms)
✔ truthful lifecycle: in progress mission (0.215974ms)
✔ truthful lifecycle: finished mission (0.129011ms)
✔ truthful lifecycle: cancelled request (0.094911ms)
✔ followup failures preserve registration and require only a read retry (0.243872ms)
✔ confirmation_context retains same-origin, owner lock and quota gates (2.280522ms)
✔ confirm_intervention retains same-origin, owner lock and quota gates (0.852503ms)
✔ intervention_status retains same-origin, owner lock and quota gates (0.662774ms)
✔ neutral synthetic photo is deterministically inconclusive; no visual findings are requested or invented (259.596731ms)
✔ informative photo is read without description or answers; only its exact isolated facts are displayed as observed (184.872838ms)
✔ useful description survives an inconclusive photo and retains its own provenance, including in the legacy modal (113.95218ms)
✔ synthesis cannot invent photographic evidence: forged provenance fails, unsupported prose never reaches the result (515.031543ms)
✔ missing, duplicate, unknown or contradictory photo evidence fails closed (1.674045ms)
✔ real declared danger still stops before photo download or AI, even with a neutral photo (2.581235ms)
✔ isolated visual danger cannot be cancelled by the text synthesis or a user negation (127.372626ms)
✔ isolated technical electrical risk survives synthesis and keeps photo-only routing open with fixed guidance (172.498294ms)
✔ multiple photos keep separate evidence; a uniform photo cannot inherit findings from an informative photo (294.124573ms)
✔ both provider passes share the original timeout budget (167.650415ms)
✔ engine refuses findings not copied from the isolated photo evidence (17.37926ms)
✔ provider adapter sends only bounded evidence, no tools, no persistence; validates completed/refusal states (120.279972ms)
✔ money and repair instructions hidden in free result fields are rejected; model danger cannot become user confirmation (16.792137ms)
✔ public activation fails closed until all operational prerequisites are acknowledged; video always OFF (1.549344ms)
✔ risk matrix: électricité — Prise cassée avec un fil apparent. → URGENT (127.078944ms)
✔ risk matrix: électricité — Des étincelles actives sortent de la prise. → CRITICAL (0.390337ms)
✔ risk matrix: plomberie — Petite fuite sous le lavabo. → TECHNICAL (3.041809ms)
✔ risk matrix: plomberie — Grosse fuite maîtrisable. → URGENT (1.492602ms)
✔ risk matrix: plomberie — Une fuite importante est contenue. → URGENT (1.238295ms)
✔ risk matrix: plomberie — Une fuite incontrôlable. → CRITICAL (0.600788ms)
✔ risk matrix: plomberie/électricité — Eau en contact avec l’installation électrique. → CRITICAL (0.246766ms)
✔ risk matrix: gaz — Appareil à gaz en panne, pas de fuite de gaz. → TECHNICAL (0.788542ms)
✔ risk matrix: gaz — Odeur de gaz près de la chaudière. → CRITICAL (0.258445ms)
✔ risk matrix: serrurerie — Serrure bloquée. → TECHNICAL (1.290901ms)
✔ risk matrix: serrurerie — Serrure bloquée, danger immédiat explicite. → CRITICAL (0.449702ms)
✔ risk matrix: climatisation — Clim en panne. → TECHNICAL (1.249843ms)
✔ risk matrix: climatisation — Une fumée active sort de la climatisation. → CRITICAL (0.241958ms)
✔ risk matrix: maçonnerie — Une fissure simple sur le mur. → TECHNICAL (0.27552ms)
✔ risk matrix: maçonnerie — Une fissure s’agrandit. → URGENT (0.68638ms)
✔ risk matrix: structure — Effondrement en cours. → CRITICAL (0.182897ms)
✔ risk matrix: toiture — Petite infiltration de la toiture. → TECHNICAL (1.53871ms)
✔ risk matrix: toiture — Toiture avec infiltration importante. → URGENT (0.281775ms)
✔ risk matrix: toiture — Des tuiles menacent de tomber. → CRITICAL (0.093832ms)
✔ risk matrix: chauffage — Chauffage en panne. → TECHNICAL (0.273309ms)
✔ risk matrix: chauffage — Chauffage en panne avec fumée active. → CRITICAL (0.095261ms)
✔ risk matrix: chauffe-eau — Chauffe-eau en panne. → TECHNICAL (0.170797ms)
✔ risk matrix: électroménager / autre — Un lave-linge en panne. → TECHNICAL (0.3814ms)
✔ risk matrix: électroménager / autre — Un lave-linge avec fumée active. → CRITICAL (0.294977ms)
✔ severity is independent of trade: plomberie / TECHNICAL (0.256558ms)
✔ severity is independent of trade: plomberie / URGENT (0.102385ms)
✔ severity is independent of trade: plomberie / CRITICAL (0.061934ms)
✔ severity is independent of trade: electricite / TECHNICAL (0.051597ms)
✔ severity is independent of trade: electricite / URGENT (0.05156ms)
✔ severity is independent of trade: electricite / CRITICAL (0.048162ms)
✔ severity is independent of trade: serrurerie / TECHNICAL (0.080287ms)
✔ severity is independent of trade: serrurerie / URGENT (0.052423ms)
✔ severity is independent of trade: serrurerie / CRITICAL (0.0519ms)
✔ severity is independent of trade: climatisation / TECHNICAL (0.253271ms)
✔ severity is independent of trade: climatisation / URGENT (0.090885ms)
✔ severity is independent of trade: climatisation / CRITICAL (0.063621ms)
✔ severity is independent of trade: bricolage / TECHNICAL (0.476151ms)
✔ severity is independent of trade: bricolage / URGENT (0.103175ms)
✔ severity is independent of trade: bricolage / CRITICAL (2.059718ms)
✔ severity is independent of trade: menuiserie / TECHNICAL (0.075615ms)
✔ severity is independent of trade: menuiserie / URGENT (0.042345ms)
✔ severity is independent of trade: menuiserie / CRITICAL (0.040302ms)
✔ severity is independent of trade: peinture / TECHNICAL (0.037486ms)
✔ severity is independent of trade: peinture / URGENT (0.037897ms)
✔ severity is independent of trade: peinture / CRITICAL (0.036417ms)
✔ severity is independent of trade: maconnerie / TECHNICAL (0.035651ms)
✔ severity is independent of trade: maconnerie / URGENT (0.034716ms)
✔ severity is independent of trade: maconnerie / CRITICAL (0.035384ms)
✔ severity is independent of trade: nettoyage / TECHNICAL (0.0357ms)
✔ severity is independent of trade: nettoyage / URGENT (0.034571ms)
✔ severity is independent of trade: nettoyage / CRITICAL (0.073985ms)
✔ severity is independent of trade: jardinage / TECHNICAL (0.03748ms)
✔ severity is independent of trade: jardinage / URGENT (0.034587ms)
✔ severity is independent of trade: jardinage / CRITICAL (0.036637ms)
✔ severity is independent of trade: demenagement / TECHNICAL (0.037185ms)
✔ severity is independent of trade: demenagement / URGENT (0.035123ms)
✔ severity is independent of trade: demenagement / CRITICAL (0.073724ms)
✔ severity is independent of trade: carrelage / TECHNICAL (0.03661ms)
✔ severity is independent of trade: carrelage / URGENT (0.414252ms)
✔ severity is independent of trade: carrelage / CRITICAL (0.087906ms)
✔ severity is independent of trade: autre / TECHNICAL (0.066233ms)
✔ severity is independent of trade: autre / URGENT (0.042161ms)
✔ severity is independent of trade: autre / CRITICAL (0.046413ms)
✔ a controlled leak never cancels a different active danger or uncertainty (0.298466ms)
✔ critical guidance contains no technical handling instruction even when urgent evidence is also present (0.484651ms)
✔ Fès blocked door since today: qualified trade, no artificial urgency, warning or surface questions (2.359023ms)
✔ business priority without hazard evidence retains its urgency but never invents danger advice (0.200101ms)
✔ a blocked door never suppresses an actual, declared, model or previously recorded hazard (2.106312ms)
✔ explicit local negations reach analysis without certifying safety (18.174747ms)
✔ affirmative hazards and a second positive mention remain blocked (1.129905ms)
✔ questions, uncertainty, exceptions and double negation fail closed (1.779395ms)
✔ negation cannot cancel confirmed, previous or model hazards, or cross fields (0.958074ms)
✔ engine calls provider for the production regression and stops a real hazard before AI (92.136151ms)
✔ transport records request milestones and never retries uncertain quota mutations (519.530909ms)
✔ raw error messages, headers, causes and arbitrary codes never reach trace logs (1.459786ms)
✔ 6 approved services across 20 cities: exact prices and strict qualification without legacy fallback (90.890513ms)
✔ Rendered plumbing questions, parts and diagnosis use customer language with explicit scope (189.079002ms)
✔ Guest repair API hashes credentials, requires exact consent and maps rejected transitions (11.150562ms)
✔ Guest screen shows a single total and credit; acceptance stays disabled until explicit consent (43.624107ms)
✔ Artisan form sends the selected repair, checked scope, declared cash credit and stable proposal identity (46.98136ms)
✔ Artisan financial center uses the recorded fee: repair retention 220/270, diagnostic 160, no second diagnostic revenue (2.454906ms)
✔ Public route view retains only approved destinations and explanation, with legacy string compatibility (2.181707ms)
✔ Real public API preserves diagnostic and utility routes at start and rejects pricing evaluation of blocked sessions (115.944567ms)
✔ The browser renders the diagnostic explanation from the public API view (225.941962ms)
✔ BP 3.3 reference examples, floor and cap (1.642167ms)
✔ centime continuity around floor, band changes and cap (0.32848ms)
✔ materials never increase commission; total reconciles and retention is explicit (0.465197ms)
✔ six pilot hypotheses reconcile without activating prices (0.318034ms)
✔ invalid money and unknown/legacy versions fail rather than being coerced (1.104488ms)
✔ calculation is repeatable, immutable, and does not mutate accepted legacy data (2.157673ms)
✔ commission and total stay monotonic across a broad range (43.859765ms)
✔ Real estimator handler signs persisted VAP and forwards its exact total to atomic confirmation (40.814374ms)
✔ Migrated plumbing fails closed without a calibrated entry (9.692232ms)
✔ Persist offer before issuing signed context; preserve centimes and fail closed (21.350529ms)
✔ JWT SQL: attestation, owner, canonical offer, atomic confirmation, retry/conflict, ACL and Storage RLS (2430.662013ms)
✔ W41 builds only three JWT mobile endpoints; legacy routing preserved for other branches (86.263573ms)
✔ real persisted diagnostic lifecycle → canonical bridge; provenance, Safety exception, owner, revision and expiry (2564.809596ms)
✔ auth, Client, exact target, no privileged fallback, strict inputs (406.322588ms)
✔ real canonical fixed scope → evaluate → verify → authenticated confirmation, tamper and TTL (463.280687ms)
✔ one useful clarification; no Safety questionnaire, real STOP cannot continue (91.322384ms)
✔ attestation binds fixed stage, user, branch, operation, payload, <=60 seconds (57.785641ms)
✔ quota fails closed; provider/SQL detail never reaches mobile (8.187949ms)
ℹ tests 191
ℹ suites 0
ℹ pass 191
ℹ fail 0
ℹ cancelled 0
ℹ skipped 0
ℹ todo 0
ℹ duration_ms 3733.339415
