npm warn Unknown env config "http-proxy". This will stop working in the next major version of npm.
Starting Metro Bundler
| (node:464) Warning: The 'NO_COLOR' env is ignored due to the 'FORCE_COLOR' env being set.
| (Use `node --trace-warnings ...` to show where the warning was created)
| (node:465) Warning: The 'NO_COLOR' env is ignored due to the 'FORCE_COLOR' env being set.
| (Use `node --trace-warnings ...` to show where the warning was created)
| (node:478) Warning: The 'NO_COLOR' env is ignored due to the 'FORCE_COLOR' env being set.
| (Use `node --trace-warnings ...` to show where the warning was created)
| (node:471) Warning: The 'NO_COLOR' env is ignored due to the 'FORCE_COLOR' env being set.
| (Use `node --trace-warnings ...` to show where the warning was created)
| (node:484) Warning: The 'NO_COLOR' env is ignored due to the 'FORCE_COLOR' env being set.
| (Use `node --trace-warnings ...` to show where the warning was created)
| (node:472) Warning: The 'NO_COLOR' env is ignored due to the 'FORCE_COLOR' env being set.
| (Use `node --trace-warnings ...` to show where the warning was created)
Android node_modules/expo-router/entry.js ▓▓▓▓▓▓▓▓▓▓▓▓▓▓▓░ 99.9% (1407/1407)
Android Bundled 4939ms node_modules/expo-router/entry.js (1407 modules)
Android node_modules/expo-router/entry.js ▓▓▓▓▓▓▓▓▓▓▓▓▓▓▓░ 99.9% (1407/1407)

› Assets (31):
assets/rafi/master-loop-v1/rafi-hero-poster.png (200 kB)
assets/rafi/master-loop-v1/rafi-hero.webp (9.35 MB)
assets/rafi/master-loop-v1/rafi-medium-poster.png (74.3 kB)
assets/rafi/master-loop-v1/rafi-medium.webp (4.01 MB)
assets/rafi/master-loop-v1/rafi-mini-poster.png (22.2 kB)
assets/rafi/master-loop-v1/rafi-mini.webp (1.46 MB)
node_modules/@expo/vector-icons/build/vendor/react-native-vector-icons/Fonts/Ionicons.ttf (390 kB)
node_modules/@react-navigation/elements/lib/module/assets/back-icon-mask.png (653 B)
node_modules/@react-navigation/elements/lib/module/assets/back-icon.png (4 variations | 152 B)
node_modules/@react-navigation/elements/lib/module/assets/clear-icon.png (4 variations | 425 B)
node_modules/@react-navigation/elements/lib/module/assets/close-icon.png (4 variations | 235 B)
node_modules/@react-navigation/elements/lib/module/assets/search-icon.png (4 variations | 599 B)
node_modules/expo-router/assets/arrow_down.png (9.46 kB)
node_modules/expo-router/assets/error.png (469 B)
node_modules/expo-router/assets/file.png (138 B)
node_modules/expo-router/assets/forward.png (188 B)
node_modules/expo-router/assets/pkg.png (364 B)
node_modules/expo-router/assets/sitemap.png (465 B)
node_modules/expo-router/assets/unmatched.png (4.75 kB)

› android bundles (1):
_expo/static/js/android/entry-a3046bde7d35955fb866d28281ec1c53.hbc (4.2 MB)

› Files (1):
metadata.json (2.23 kB)

Exported: dist-pb11-hermes
