✔ No authentication: refuse before any backend access (3.346498ms)
✔ Preview rejects Production backend configuration (0.754241ms)
✔ Fixed reader routes use only public key + user JWT, reject arbitrary fields and business types (2.84113ms)
✔ One failed source never makes a global zero or a healthy briefing (3.795898ms)
✔ Unknown/partial/forbidden metrics stay null; stale keeps dated values only (0.548181ms)
✔ Human confirmation is mandatory; a model cannot choose an RPC (0.873064ms)
✔ An observed activity lower bound is not published as a complete global metric (0.271897ms)
✔ Registry covers every SQL summary metric and specifies its completeness contract (3.322096ms)
✔ Historic classification remains unknown; future canonical creation is production and idempotent (2229.10545ms)
✔ Anon and authenticated cannot write direct SR, Mission or Quote, including column grants (61.29505ms)
✔ Submitted quote is owner-visible, hidden from client, and emits no client notification (28.29339ms)
✔ Review requires Admin and a human confirmation; duplicate execution is idempotent (36.689701ms)
✔ Acceptance creates pending/assigned, never validated; full lifecycle retains canonical owners (44.509356ms)
✔ Resubmission invalidates approval and stale previews without exposing unreviewed price (19.392478ms)
✔ Expired reviewed quote cannot be accepted and review cannot change a submitted price (16.090322ms)
✔ Claims view denies anon and keeps owner isolation; no audit contains requester PII (13.934434ms)
✔ Settlement records canonical price/commission, never a remittance (49.593704ms)
✔ Finance proof, reconciliation, correction and cancellation are versioned and audit-safe (78.888706ms)
✔ Bounded projections exclude private business, raw PII and arbitrary types (21.743832ms)
✔ Exact totals exceed a frontend page; pagination never claims a global total (8539.354933ms)
✔ Classification is explicit, reversible and unavailable through direct updates (9.818315ms)
✔ Verification synchronises the canonical flag only through a reviewed authority (17.242436ms)
✔ Enterprise global supervision is minimal, scoped, and creates no membership (15.588112ms)
✔ SLA canonical facts recognise an internal winner and deny unrelated users (22.555437ms)
✔ Diagnostic projection exposes metadata only and only when bound to a request (8.737906ms)
✔ VAP settlement preserves the persisted commission and rejects a different total (19.597418ms)
✔ Sensitive functions cannot be executed by anon, non-admin or service-role without actor context (12.894767ms)
✔ Claims approval resolves the legacy link and preserves the canonical owner rule (14.489515ms)
✔ Claim rejection uses the existing authority and failed review is durably audited (12.722673ms)
✔ Dossier relations are bounded and report overflow instead of silently claiming completeness (17.805626ms)
✔ History and empty totals retain distinct meanings (15.333613ms)
✔ Existing server intake producer retains its grant while browser writes are denied (13.838691ms)
✔ Legacy accepted quote history stays readable without allowing a new validated mission (7.822526ms)
✔ Artisan photo producer is owner-bound without a general update grant (11.057254ms)
✔ Postflight and non-destructive pause/resume scripts execute against the candidate schema (26.159479ms)
✔ Classification cannot be selected by an ordinary Marketplace producer (2.841256ms)
✔ Finance history is discoverable from its mission with minimal proof metadata (34.261621ms)
﹣ Native PostgreSQL concurrency suite runs in isolated CI service (0.98375ms) # CONTROL_TEST_DATABASE_URL absent; never use a remote or Production database
✔ RAFI abstains for missing, partial, forbidden and stale evidence (2.376274ms)
✔ Evidence provenance and hostile descriptions never become permissions or executable instructions (0.930793ms)
✔ DecisionResult requires canonical verification and durable audit identities (0.42421ms)
✔ Preflight accepts equivalent explicit/default ACLs but rejects changed grants and owners (2561.973085ms)
✔ Progressive source loading publishes available cards and coalesces refreshes (9.541413ms)
✔ A source selector is a fixed enum and does not permit arbitrary RPC access (4.391928ms)
✔ A complete but old snapshot is stale and cannot trigger a recommendation (2.379065ms)
✔ Missing or future provenance is unknown, never a healthy zero (0.331719ms)
ℹ tests 46
ℹ suites 0
ℹ pass 45
ℹ fail 0
ℹ cancelled 0
ℹ skipped 1
ℹ todo 0
ℹ duration_ms 11640.648944
