✔ critical registration requires explicit acknowledgement of the exact immutable result (3.265476ms)
✔ old dossiers, noncritical results, stale revisions and invalid phone cannot use critical registration (1.062314ms)
✔ acknowledged critical API uses existing quota gates and one atomic registration RPC; never calls pricing, AI or direct dispatch (5.204821ms)
✔ broken electrical equipment alone warns and routes urgently to an electrician without certifying safety (167.910825ms)
✔ critical electrical and fire signs stop before any media download or AI call (2.143017ms)
✔ technical risk cannot clear confirmed, previous, model or uncertain critical signals (2.585123ms)
✔ explicit negations do not invent technical risk or clear another positive mention (0.70785ms)
✔ photo-only electrical risk is retained independently of synthesis; any photo critical sign wins (58.079537ms)
✔ technical-risk result can enter the existing handoff with electrician and urgent context; critical results cannot (13.161065ms)
✔ production regression: informative electrical photo + valid literal finding + normal visual-check language yields a complete noncritical result (360.612605ms)
✔ normal diagnostic vocabulary in problem is not forged photo provenance (0.6211ms)
✔ normal diagnostic vocabulary in hypotheses is not forged photo provenance (0.326382ms)
✔ normal diagnostic vocabulary in urgency_reason is not forged photo provenance (0.428906ms)
✔ normal diagnostic vocabulary in checks is not forged photo provenance (0.161188ms)
✔ normal diagnostic vocabulary in possible_parts is not forged photo provenance (0.36289ms)
✔ photo-only inference retains isolated facts without manufacturing a customer declaration (49.568012ms)
✔ valid electrical-photo paraphrase cannot trigger a false 502: only literal isolated findings become photo proof (47.512323ms)
✔ unsupported photographic prose is removed in all fields without inventing replacements or losing danger signals (3.596229ms)
✔ normalization log metadata contains only known field labels (0.418868ms)
✔ a multi-sentence isolated observation remains valid when used as the grounded replacement (2.324992ms)
✔ inconclusive photo supports useful text analysis, never a visual finding (69.212621ms)
✔ text only permits normal photo/observation vocabulary without vision or observed provenance (1.223142ms)
✔ literal photo attribution is allowed only when the entire claim belongs to isolated vision (0.831543ms)
✔ every prose field rejects an invented affirmative visual claim with the field label only (0.479133ms)
✔ a real visible finding can be referenced literally; generic photography and visibility vocabulary does not require fake observations (0.516963ms)
✔ analyze HTTP action finishes and returns 200 for the valid electrical-photo regression (51.45269ms)
✔ missing/nonempty synthesis observations have distinct instrumentation and fail closed even when copied correctly (0.338773ms)
✔ engine observation comparison is structural, independent of object key order, and rejects every changed fact component (0.317471ms)
✔ photo evidence identifies exact structural failures, without logging IDs or observations (0.302626ms)
✔ provider provenance and media validation remain strict and independently identifiable (0.198424ms)
✔ critical visual danger takes precedence over contradicting text and a lower-risk synthesis (65.258003ms)
✔ contradicting user description never contaminates the isolated photographic facts (48.84417ms)
✔ real text danger remains a pre-AI stop; no photo or model call (2.795156ms)
✔ production error log includes only trusted branch/condition/field, not evidence or attacker-supplied metadata (1.324286ms)
✔ informative evidence and qualified trade: zero questions (2.526367ms)
✔ ambiguous photo: only a relevant area question (0.591493ms)
✔ unknown/skipped answers are never asked again (0.12139ms)
✔ maximum two questions across rounds (0.106708ms)
✔ known onset/area/frequency are not asked again (1.030866ms)
✔ unrelated gas and structure questions omitted (0.329059ms)
✔ critical routing never yields qualification questions (0.193359ms)
✔ area choices match plomberie, never another trade's surfaces (1.833408ms)
✔ area choices match electricite, never another trade's surfaces (0.559829ms)
✔ area choices match climatisation, never another trade's surfaces (0.291352ms)
✔ area choices match maconnerie, never another trade's surfaces (0.342094ms)
✔ area choices match autre, never another trade's surfaces (0.130946ms)
✔ already-known plomberie facts skip onset: Une fuite (0.252685ms)
✔ already-known plomberie facts skip affected_area: Sous mon lavabo (1.409314ms)
✔ already-known electricite facts skip affected_area: Ma prise ne fonctionne plus (0.095699ms)
✔ already-known climatisation facts skip affected_area: L’unité extérieure fait du bruit (0.103507ms)
✔ already-known maconnerie facts skip affected_area: Une fissure sur mon mur (0.044966ms)
✔ already-known serrurerie facts skip affected_area: Ma porte est bloquée (0.52833ms)
✔ already-known serrurerie facts skip occurrence: Clé perdue (0.32979ms)
✔ clear locksmith needs zero questions, including a short description (0.165434ms)
✔ two questions total, including optional/skipped answers over later rounds (0.23902ms)
✔ photo facts and the effective electrical risk trade control area routing (0.336286ms)
✔ exact selected run, revision, completed state and current risk contract required (4.89032ms)
✔ reuse only the authenticated owner profile phone (1.01909ms)
✔ TECHNICAL uses canonical quote RPC, server facts and deterministic retry credentials (2.805132ms)
✔ URGENT uses canonical quote RPC, server facts and deterministic retry credentials (0.391188ms)
✔ critical acknowledgement cannot be skipped, falsified or used for another run (0.566832ms)
✔ truthful lifecycle: queue is not contact (1.980734ms)
✔ truthful lifecycle: CONTACTED alone is not delivery (0.307097ms)
✔ truthful lifecycle: outbox pending is not sent (0.942247ms)
✔ truthful lifecycle: SENT without delivery evidence is not sent (0.161859ms)
✔ truthful lifecycle: real send is not acceptance (0.151695ms)
✔ truthful lifecycle: assigned without mission remains unconfirmed (0.300754ms)
✔ truthful lifecycle: assigned with pending mission is confirmed (0.71861ms)
✔ truthful lifecycle: in progress mission (0.183741ms)
✔ truthful lifecycle: finished mission (0.389256ms)
✔ truthful lifecycle: cancelled request (0.127406ms)
✔ followup failures preserve registration and require only a read retry (0.216683ms)
✔ confirmation_context retains same-origin, owner lock and quota gates (2.558045ms)
✔ confirm_intervention retains same-origin, owner lock and quota gates (1.090545ms)
✔ intervention_status retains same-origin, owner lock and quota gates (0.593643ms)
✔ neutral synthetic photo is deterministically inconclusive; no visual findings are requested or invented (290.362596ms)
✔ informative photo is read without description or answers; only its exact isolated facts are displayed as observed (109.768256ms)
✔ useful description survives an inconclusive photo and retains its own provenance, including in the legacy modal (66.08795ms)
✔ synthesis cannot invent photographic evidence: forged provenance fails, unsupported prose never reaches the result (109.257153ms)
✔ missing, duplicate, unknown or contradictory photo evidence fails closed (0.83433ms)
✔ real declared danger still stops before photo download or AI, even with a neutral photo (0.570863ms)
✔ isolated visual danger cannot be cancelled by the text synthesis or a user negation (45.471588ms)
✔ isolated technical electrical risk survives synthesis and keeps photo-only routing open with fixed guidance (37.629726ms)
✔ multiple photos keep separate evidence; a uniform photo cannot inherit findings from an informative photo (52.364845ms)
✔ both provider passes share the original timeout budget (35.883884ms)
✔ engine refuses findings not copied from the isolated photo evidence (1.231165ms)
✔ provider adapter sends only bounded evidence, no tools, no persistence; validates completed/refusal states (158.085671ms)
✔ money and repair instructions hidden in free result fields are rejected; model danger cannot become user confirmation (23.775314ms)
✔ public activation fails closed until all operational prerequisites are acknowledged; video always OFF (1.141889ms)
✔ risk matrix: électricité — Prise cassée avec un fil apparent. → URGENT (165.855839ms)
✔ risk matrix: électricité — Des étincelles actives sortent de la prise. → CRITICAL (0.406532ms)
✔ risk matrix: plomberie — Petite fuite sous le lavabo. → TECHNICAL (4.833266ms)
✔ risk matrix: plomberie — Grosse fuite maîtrisable. → URGENT (1.78521ms)
✔ risk matrix: plomberie — Une fuite importante est contenue. → URGENT (0.766798ms)
✔ risk matrix: plomberie — Une fuite incontrôlable. → CRITICAL (0.307334ms)
✔ risk matrix: plomberie/électricité — Eau en contact avec l’installation électrique. → CRITICAL (0.269697ms)
✔ risk matrix: gaz — Appareil à gaz en panne, pas de fuite de gaz. → TECHNICAL (0.900094ms)
✔ risk matrix: gaz — Odeur de gaz près de la chaudière. → CRITICAL (0.256811ms)
✔ risk matrix: serrurerie — Serrure bloquée. → TECHNICAL (0.728384ms)
✔ risk matrix: serrurerie — Serrure bloquée, danger immédiat explicite. → CRITICAL (0.398653ms)
✔ risk matrix: climatisation — Clim en panne. → TECHNICAL (0.339155ms)
✔ risk matrix: climatisation — Une fumée active sort de la climatisation. → CRITICAL (0.132534ms)
✔ risk matrix: maçonnerie — Une fissure simple sur le mur. → TECHNICAL (0.251855ms)
✔ risk matrix: maçonnerie — Une fissure s’agrandit. → URGENT (0.426584ms)
✔ risk matrix: structure — Effondrement en cours. → CRITICAL (0.189439ms)
✔ risk matrix: toiture — Petite infiltration de la toiture. → TECHNICAL (0.231062ms)
✔ risk matrix: toiture — Toiture avec infiltration importante. → URGENT (0.210464ms)
✔ risk matrix: toiture — Des tuiles menacent de tomber. → CRITICAL (0.080703ms)
✔ risk matrix: chauffage — Chauffage en panne. → TECHNICAL (0.427605ms)
✔ risk matrix: chauffage — Chauffage en panne avec fumée active. → CRITICAL (0.152691ms)
✔ risk matrix: chauffe-eau — Chauffe-eau en panne. → TECHNICAL (0.239785ms)
✔ risk matrix: électroménager / autre — Un lave-linge en panne. → TECHNICAL (0.337268ms)
✔ risk matrix: électroménager / autre — Un lave-linge avec fumée active. → CRITICAL (0.252013ms)
✔ severity is independent of trade: plomberie / TECHNICAL (0.257907ms)
✔ severity is independent of trade: plomberie / URGENT (0.105837ms)
✔ severity is independent of trade: plomberie / CRITICAL (0.063509ms)
✔ severity is independent of trade: electricite / TECHNICAL (0.054023ms)
✔ severity is independent of trade: electricite / URGENT (0.060598ms)
✔ severity is independent of trade: electricite / CRITICAL (0.050784ms)
✔ severity is independent of trade: serrurerie / TECHNICAL (0.842343ms)
✔ severity is independent of trade: serrurerie / URGENT (0.087539ms)
✔ severity is independent of trade: serrurerie / CRITICAL (0.090474ms)
✔ severity is independent of trade: climatisation / TECHNICAL (0.138669ms)
✔ severity is independent of trade: climatisation / URGENT (1.90622ms)
✔ severity is independent of trade: climatisation / CRITICAL (0.153502ms)
✔ severity is independent of trade: bricolage / TECHNICAL (0.129609ms)
✔ severity is independent of trade: bricolage / URGENT (0.062267ms)
✔ severity is independent of trade: bricolage / CRITICAL (0.050531ms)
✔ severity is independent of trade: menuiserie / TECHNICAL (1.769646ms)
✔ severity is independent of trade: menuiserie / URGENT (0.144651ms)
✔ severity is independent of trade: menuiserie / CRITICAL (0.047805ms)
✔ severity is independent of trade: peinture / TECHNICAL (0.039118ms)
✔ severity is independent of trade: peinture / URGENT (0.037548ms)
✔ severity is independent of trade: peinture / CRITICAL (0.033969ms)
✔ severity is independent of trade: maconnerie / TECHNICAL (0.033723ms)
✔ severity is independent of trade: maconnerie / URGENT (0.033599ms)
✔ severity is independent of trade: maconnerie / CRITICAL (0.038216ms)
✔ severity is independent of trade: nettoyage / TECHNICAL (0.080747ms)
✔ severity is independent of trade: nettoyage / URGENT (0.038666ms)
✔ severity is independent of trade: nettoyage / CRITICAL (0.042118ms)
✔ severity is independent of trade: jardinage / TECHNICAL (0.034612ms)
✔ severity is independent of trade: jardinage / URGENT (0.035265ms)
✔ severity is independent of trade: jardinage / CRITICAL (0.033114ms)
✔ severity is independent of trade: demenagement / TECHNICAL (0.034074ms)
✔ severity is independent of trade: demenagement / URGENT (0.050753ms)
✔ severity is independent of trade: demenagement / CRITICAL (0.059751ms)
✔ severity is independent of trade: carrelage / TECHNICAL (0.059129ms)
✔ severity is independent of trade: carrelage / URGENT (5.83961ms)
✔ severity is independent of trade: carrelage / CRITICAL (0.108664ms)
✔ severity is independent of trade: autre / TECHNICAL (0.048403ms)
✔ severity is independent of trade: autre / URGENT (0.251102ms)
✔ severity is independent of trade: autre / CRITICAL (0.12799ms)
✔ a controlled leak never cancels a different active danger or uncertainty (0.296278ms)
✔ critical guidance contains no technical handling instruction even when urgent evidence is also present (0.428307ms)
✔ Fès blocked door since today: qualified trade, no artificial urgency, warning or surface questions (1.991769ms)
✔ business priority without hazard evidence retains its urgency but never invents danger advice (0.180532ms)
✔ a blocked door never suppresses an actual, declared, model or previously recorded hazard (5.79514ms)
✔ explicit local negations reach analysis without certifying safety (28.933549ms)
✔ affirmative hazards and a second positive mention remain blocked (1.220051ms)
✔ questions, uncertainty, exceptions and double negation fail closed (0.546047ms)
✔ negation cannot cancel confirmed, previous or model hazards, or cross fields (0.763196ms)
✔ engine calls provider for the production regression and stops a real hazard before AI (140.101504ms)
✔ transport records request milestones and never retries uncertain quota mutations (517.79019ms)
✔ raw error messages, headers, causes and arbitrary codes never reach trace logs (1.27971ms)
ℹ tests 164
ℹ suites 0
ℹ pass 164
ℹ fail 0
ℹ cancelled 0
ℹ skipped 0
ℹ todo 0
ℹ duration_ms 997.138089
DIAGNOSTIC_BUILD_TESTS_PASS: live photo E2E is manual and was not run.
