✔ critical registration requires explicit acknowledgement of the exact immutable result (2.425822ms)
✔ old dossiers, noncritical results, stale revisions and invalid phone cannot use critical registration (1.071441ms)
✔ acknowledged critical API uses existing quota gates and one atomic registration RPC; never calls pricing, AI or direct dispatch (6.8453ms)
✔ broken electrical equipment alone warns and routes urgently to an electrician without certifying safety (144.45372ms)
✔ critical electrical and fire signs stop before any media download or AI call (1.988702ms)
✔ technical risk cannot clear confirmed, previous, model or uncertain critical signals (2.208867ms)
✔ explicit negations do not invent technical risk or clear another positive mention (0.961553ms)
✔ photo-only electrical risk is retained independently of synthesis; any photo critical sign wins (35.256659ms)
✔ technical-risk result can enter the existing handoff with electrician and urgent context; critical results cannot (6.130721ms)
✔ production regression: informative electrical photo + valid literal finding + normal visual-check language yields a complete noncritical result (373.833065ms)
✔ normal diagnostic vocabulary in problem is not forged photo provenance (0.851545ms)
✔ normal diagnostic vocabulary in hypotheses is not forged photo provenance (0.280815ms)
✔ normal diagnostic vocabulary in urgency_reason is not forged photo provenance (0.450198ms)
✔ normal diagnostic vocabulary in checks is not forged photo provenance (0.257927ms)
✔ normal diagnostic vocabulary in possible_parts is not forged photo provenance (0.252321ms)
✔ photo-only inference retains isolated facts without manufacturing a customer declaration (66.732726ms)
✔ valid electrical-photo paraphrase cannot trigger a false 502: only literal isolated findings become photo proof (53.213942ms)
✔ unsupported photographic prose is removed in all fields without inventing replacements or losing danger signals (1.265555ms)
✔ normalization log metadata contains only known field labels (0.658517ms)
✔ a multi-sentence isolated observation remains valid when used as the grounded replacement (0.905009ms)
✔ inconclusive photo supports useful text analysis, never a visual finding (55.40216ms)
✔ text only permits normal photo/observation vocabulary without vision or observed provenance (1.665801ms)
✔ literal photo attribution is allowed only when the entire claim belongs to isolated vision (0.736312ms)
✔ every prose field rejects an invented affirmative visual claim with the field label only (0.578157ms)
✔ a real visible finding can be referenced literally; generic photography and visibility vocabulary does not require fake observations (0.920039ms)
✔ analyze HTTP action finishes and returns 200 for the valid electrical-photo regression (58.081717ms)
✔ missing/nonempty synthesis observations have distinct instrumentation and fail closed even when copied correctly (0.414762ms)
✔ engine observation comparison is structural, independent of object key order, and rejects every changed fact component (0.508653ms)
✔ photo evidence identifies exact structural failures, without logging IDs or observations (0.257311ms)
✔ provider provenance and media validation remain strict and independently identifiable (0.211295ms)
✔ critical visual danger takes precedence over contradicting text and a lower-risk synthesis (53.332425ms)
✔ contradicting user description never contaminates the isolated photographic facts (52.848277ms)
✔ real text danger remains a pre-AI stop; no photo or model call (3.208693ms)
✔ production error log includes only trusted branch/condition/field, not evidence or attacker-supplied metadata (1.922708ms)
✔ informative evidence and qualified trade: zero questions (4.618488ms)
✔ ambiguous photo: only a relevant area question (0.82681ms)
✔ unknown/skipped answers are never asked again (0.183272ms)
✔ maximum two questions across rounds (0.288391ms)
✔ known onset/area/frequency are not asked again (0.563194ms)
✔ unrelated gas and structure questions omitted (0.509044ms)
✔ critical routing never yields qualification questions (0.441872ms)
✔ area choices match plomberie, never another trade's surfaces (1.13823ms)
✔ area choices match electricite, never another trade's surfaces (0.749856ms)
✔ area choices match climatisation, never another trade's surfaces (0.548822ms)
✔ area choices match maconnerie, never another trade's surfaces (1.024728ms)
✔ area choices match autre, never another trade's surfaces (0.239049ms)
✔ already-known plomberie facts skip onset: Une fuite (0.312188ms)
✔ already-known plomberie facts skip affected_area: Sous mon lavabo (0.464975ms)
✔ already-known electricite facts skip affected_area: Ma prise ne fonctionne plus (0.222675ms)
✔ already-known climatisation facts skip affected_area: L’unité extérieure fait du bruit (0.186503ms)
✔ already-known maconnerie facts skip affected_area: Une fissure sur mon mur (0.090518ms)
✔ already-known serrurerie facts skip affected_area: Ma porte est bloquée (0.203927ms)
✔ already-known serrurerie facts skip occurrence: Clé perdue (0.266828ms)
✔ clear locksmith needs zero questions, including a short description (0.482753ms)
✔ two questions total, including optional/skipped answers over later rounds (0.292358ms)
✔ photo facts and the effective electrical risk trade control area routing (0.309389ms)
✔ exact selected run, revision, completed state and current risk contract required (3.718233ms)
✔ reuse only the authenticated owner profile phone (1.309617ms)
✔ TECHNICAL uses canonical quote RPC, server facts and deterministic retry credentials (2.84016ms)
✔ URGENT uses canonical quote RPC, server facts and deterministic retry credentials (0.515121ms)
✔ critical acknowledgement cannot be skipped, falsified or used for another run (0.836133ms)
✔ truthful lifecycle: queue is not contact (0.931571ms)
✔ truthful lifecycle: CONTACTED alone is not delivery (4.144652ms)
✔ truthful lifecycle: outbox pending is not sent (0.50961ms)
✔ truthful lifecycle: SENT without delivery evidence is not sent (0.206357ms)
✔ truthful lifecycle: real send is not acceptance (0.169189ms)
✔ truthful lifecycle: assigned without mission remains unconfirmed (0.274245ms)
✔ truthful lifecycle: assigned with pending mission is confirmed (0.329582ms)
✔ truthful lifecycle: in progress mission (0.131028ms)
✔ truthful lifecycle: finished mission (0.129813ms)
✔ truthful lifecycle: cancelled request (1.36567ms)
✔ followup failures preserve registration and require only a read retry (0.359499ms)
✔ confirmation_context retains same-origin, owner lock and quota gates (7.399946ms)
✔ confirm_intervention retains same-origin, owner lock and quota gates (4.222842ms)
✔ intervention_status retains same-origin, owner lock and quota gates (0.80817ms)
✔ neutral synthetic photo is deterministically inconclusive; no visual findings are requested or invented (282.976058ms)
✔ informative photo is read without description or answers; only its exact isolated facts are displayed as observed (128.502742ms)
✔ useful description survives an inconclusive photo and retains its own provenance, including in the legacy modal (53.279263ms)
✔ synthesis cannot invent photographic evidence: forged provenance fails, unsupported prose never reaches the result (91.585941ms)
✔ missing, duplicate, unknown or contradictory photo evidence fails closed (0.812022ms)
✔ real declared danger still stops before photo download or AI, even with a neutral photo (0.503296ms)
✔ isolated visual danger cannot be cancelled by the text synthesis or a user negation (43.706156ms)
✔ isolated technical electrical risk survives synthesis and keeps photo-only routing open with fixed guidance (49.234294ms)
✔ multiple photos keep separate evidence; a uniform photo cannot inherit findings from an informative photo (60.585262ms)
✔ both provider passes share the original timeout budget (36.090771ms)
✔ engine refuses findings not copied from the isolated photo evidence (1.271369ms)
✔ provider adapter sends only bounded evidence, no tools, no persistence; validates completed/refusal states (178.364602ms)
✔ money and repair instructions hidden in free result fields are rejected; model danger cannot become user confirmation (16.201206ms)
✔ public activation fails closed until all operational prerequisites are acknowledged; video always OFF (0.656684ms)
✔ risk matrix: électricité — Prise cassée avec un fil apparent. → URGENT (117.492684ms)
✔ risk matrix: électricité — Des étincelles actives sortent de la prise. → CRITICAL (0.461184ms)
✔ risk matrix: plomberie — Petite fuite sous le lavabo. → TECHNICAL (3.24708ms)
✔ risk matrix: plomberie — Grosse fuite maîtrisable. → URGENT (2.112214ms)
✔ risk matrix: plomberie — Une fuite importante est contenue. → URGENT (1.244036ms)
✔ risk matrix: plomberie — Une fuite incontrôlable. → CRITICAL (0.314255ms)
✔ risk matrix: plomberie/électricité — Eau en contact avec l’installation électrique. → CRITICAL (0.222056ms)
✔ risk matrix: gaz — Appareil à gaz en panne, pas de fuite de gaz. → TECHNICAL (0.712026ms)
✔ risk matrix: gaz — Odeur de gaz près de la chaudière. → CRITICAL (0.23037ms)
✔ risk matrix: serrurerie — Serrure bloquée. → TECHNICAL (0.479435ms)
✔ risk matrix: serrurerie — Serrure bloquée, danger immédiat explicite. → CRITICAL (0.375541ms)
✔ risk matrix: climatisation — Clim en panne. → TECHNICAL (0.387441ms)
✔ risk matrix: climatisation — Une fumée active sort de la climatisation. → CRITICAL (0.141325ms)
✔ risk matrix: maçonnerie — Une fissure simple sur le mur. → TECHNICAL (0.422733ms)
✔ risk matrix: maçonnerie — Une fissure s’agrandit. → URGENT (0.42344ms)
✔ risk matrix: structure — Effondrement en cours. → CRITICAL (0.251221ms)
✔ risk matrix: toiture — Petite infiltration de la toiture. → TECHNICAL (0.309239ms)
✔ risk matrix: toiture — Toiture avec infiltration importante. → URGENT (0.322846ms)
✔ risk matrix: toiture — Des tuiles menacent de tomber. → CRITICAL (0.09308ms)
✔ risk matrix: chauffage — Chauffage en panne. → TECHNICAL (0.351624ms)
✔ risk matrix: chauffage — Chauffage en panne avec fumée active. → CRITICAL (0.09695ms)
✔ risk matrix: chauffe-eau — Chauffe-eau en panne. → TECHNICAL (0.32685ms)
✔ risk matrix: électroménager / autre — Un lave-linge en panne. → TECHNICAL (0.410532ms)
✔ risk matrix: électroménager / autre — Un lave-linge avec fumée active. → CRITICAL (0.371774ms)
✔ severity is independent of trade: plomberie / TECHNICAL (0.267049ms)
✔ severity is independent of trade: plomberie / URGENT (0.334729ms)
✔ severity is independent of trade: plomberie / CRITICAL (3.488866ms)
✔ severity is independent of trade: electricite / TECHNICAL (0.103835ms)
✔ severity is independent of trade: electricite / URGENT (0.055795ms)
✔ severity is independent of trade: electricite / CRITICAL (0.056398ms)
✔ severity is independent of trade: serrurerie / TECHNICAL (0.050608ms)
✔ severity is independent of trade: serrurerie / URGENT (0.049504ms)
✔ severity is independent of trade: serrurerie / CRITICAL (0.054017ms)
✔ severity is independent of trade: climatisation / TECHNICAL (0.187539ms)
✔ severity is independent of trade: climatisation / URGENT (0.079729ms)
✔ severity is independent of trade: climatisation / CRITICAL (4.090842ms)
✔ severity is independent of trade: bricolage / TECHNICAL (0.162324ms)
✔ severity is independent of trade: bricolage / URGENT (0.06638ms)
✔ severity is independent of trade: bricolage / CRITICAL (0.062849ms)
✔ severity is independent of trade: menuiserie / TECHNICAL (0.160445ms)
✔ severity is independent of trade: menuiserie / URGENT (1.358493ms)
✔ severity is independent of trade: menuiserie / CRITICAL (0.112634ms)
✔ severity is independent of trade: peinture / TECHNICAL (0.049621ms)
✔ severity is independent of trade: peinture / URGENT (0.050781ms)
✔ severity is independent of trade: peinture / CRITICAL (0.042226ms)
✔ severity is independent of trade: maconnerie / TECHNICAL (0.038966ms)
✔ severity is independent of trade: maconnerie / URGENT (0.035375ms)
✔ severity is independent of trade: maconnerie / CRITICAL (0.036902ms)
✔ severity is independent of trade: nettoyage / TECHNICAL (0.036416ms)
✔ severity is independent of trade: nettoyage / URGENT (0.036436ms)
✔ severity is independent of trade: nettoyage / CRITICAL (0.034963ms)
✔ severity is independent of trade: jardinage / TECHNICAL (0.03434ms)
✔ severity is independent of trade: jardinage / URGENT (0.03424ms)
✔ severity is independent of trade: jardinage / CRITICAL (0.034286ms)
✔ severity is independent of trade: demenagement / TECHNICAL (0.066658ms)
✔ severity is independent of trade: demenagement / URGENT (0.038898ms)
✔ severity is independent of trade: demenagement / CRITICAL (0.03856ms)
✔ severity is independent of trade: carrelage / TECHNICAL (0.03679ms)
✔ severity is independent of trade: carrelage / URGENT (0.098178ms)
✔ severity is independent of trade: carrelage / CRITICAL (0.05074ms)
✔ severity is independent of trade: autre / TECHNICAL (0.041846ms)
✔ severity is independent of trade: autre / URGENT (0.037517ms)
✔ severity is independent of trade: autre / CRITICAL (0.035052ms)
✔ a controlled leak never cancels a different active danger or uncertainty (0.383535ms)
✔ critical guidance contains no technical handling instruction even when urgent evidence is also present (0.508934ms)
✔ Fès blocked door since today: qualified trade, no artificial urgency, warning or surface questions (1.089953ms)
✔ business priority without hazard evidence retains its urgency but never invents danger advice (0.377126ms)
✔ a blocked door never suppresses an actual, declared, model or previously recorded hazard (1.045389ms)
✔ explicit local negations reach analysis without certifying safety (20.840401ms)
✔ affirmative hazards and a second positive mention remain blocked (1.384379ms)
✔ questions, uncertainty, exceptions and double negation fail closed (0.825857ms)
✔ negation cannot cancel confirmed, previous or model hazards, or cross fields (1.392412ms)
✔ engine calls provider for the production regression and stops a real hazard before AI (115.284709ms)
✔ transport records request milestones and never retries uncertain quota mutations (527.959327ms)
✔ raw error messages, headers, causes and arbitrary codes never reach trace logs (1.057388ms)
ℹ tests 164
ℹ suites 0
ℹ pass 164
ℹ fail 0
ℹ cancelled 0
ℹ skipped 0
ℹ todo 0
ℹ duration_ms 928.12237
DIAGNOSTIC_BUILD_TESTS_PASS: live photo E2E is manual and was not run.
