✔ critical registration requires explicit acknowledgement of the exact immutable result (9.162445ms)
✔ old dossiers, noncritical results, stale revisions and invalid phone cannot use critical registration (0.730399ms)
✔ acknowledged critical API uses existing quota gates and one atomic registration RPC; never calls pricing, AI or direct dispatch (4.431252ms)
✔ broken electrical equipment alone warns and routes urgently to an electrician without certifying safety (116.614744ms)
✔ critical electrical and fire signs stop before any media download or AI call (1.139546ms)
✔ technical risk cannot clear confirmed, previous, model or uncertain critical signals (1.038825ms)
✔ explicit negations do not invent technical risk or clear another positive mention (0.313602ms)
✔ photo-only electrical risk is retained independently of synthesis; any photo critical sign wins (22.179455ms)
✔ technical-risk result can enter the existing handoff with electrician and urgent context; critical results cannot (3.582093ms)
✔ production regression: informative electrical photo + valid literal finding + normal visual-check language yields a complete noncritical result (304.060156ms)
✔ normal diagnostic vocabulary in problem is not forged photo provenance (0.610158ms)
✔ normal diagnostic vocabulary in hypotheses is not forged photo provenance (0.234894ms)
✔ normal diagnostic vocabulary in urgency_reason is not forged photo provenance (0.195664ms)
✔ normal diagnostic vocabulary in checks is not forged photo provenance (0.134182ms)
✔ normal diagnostic vocabulary in possible_parts is not forged photo provenance (0.111718ms)
✔ photo-only inference retains isolated facts without manufacturing a customer declaration (94.779918ms)
✔ valid electrical-photo paraphrase cannot trigger a false 502: only literal isolated findings become photo proof (77.165926ms)
✔ unsupported photographic prose is removed in all fields without inventing replacements or losing danger signals (1.479658ms)
✔ normalization log metadata contains only known field labels (0.335005ms)
✔ a multi-sentence isolated observation remains valid when used as the grounded replacement (0.535286ms)
✔ inconclusive photo supports useful text analysis, never a visual finding (55.473325ms)
✔ text only permits normal photo/observation vocabulary without vision or observed provenance (1.427419ms)
✔ literal photo attribution is allowed only when the entire claim belongs to isolated vision (0.722538ms)
✔ every prose field rejects an invented affirmative visual claim with the field label only (0.607324ms)
✔ a real visible finding can be referenced literally; generic photography and visibility vocabulary does not require fake observations (0.592392ms)
✔ analyze HTTP action finishes and returns 200 for the valid electrical-photo regression (94.595139ms)
✔ missing/nonempty synthesis observations have distinct instrumentation and fail closed even when copied correctly (0.399051ms)
✔ engine observation comparison is structural, independent of object key order, and rejects every changed fact component (0.326392ms)
✔ photo evidence identifies exact structural failures, without logging IDs or observations (0.306612ms)
✔ provider provenance and media validation remain strict and independently identifiable (0.330908ms)
✔ critical visual danger takes precedence over contradicting text and a lower-risk synthesis (97.971615ms)
✔ contradicting user description never contaminates the isolated photographic facts (137.623594ms)
✔ real text danger remains a pre-AI stop; no photo or model call (2.70277ms)
✔ production error log includes only trusted branch/condition/field, not evidence or attacker-supplied metadata (19.405106ms)
✔ informative evidence and qualified trade: zero questions (11.654939ms)
✔ ambiguous photo: only a relevant area question (0.699904ms)
✔ unknown/skipped answers are never asked again (0.18575ms)
✔ maximum two questions across rounds (0.176616ms)
✔ known onset/area/frequency are not asked again (1.895724ms)
✔ unrelated gas and structure questions omitted (0.304478ms)
✔ critical routing never yields qualification questions (0.205269ms)
✔ area choices match plomberie, never another trade's surfaces (1.026656ms)
✔ area choices match electricite, never another trade's surfaces (1.7601ms)
✔ area choices match climatisation, never another trade's surfaces (0.53158ms)
✔ area choices match maconnerie, never another trade's surfaces (0.904472ms)
✔ area choices match autre, never another trade's surfaces (0.129605ms)
✔ already-known plomberie facts skip onset: Une fuite (0.637049ms)
✔ already-known plomberie facts skip affected_area: Sous mon lavabo (0.17303ms)
✔ already-known electricite facts skip affected_area: Ma prise ne fonctionne plus (0.084157ms)
✔ already-known climatisation facts skip affected_area: L’unité extérieure fait du bruit (0.122114ms)
✔ already-known maconnerie facts skip affected_area: Une fissure sur mon mur (0.07285ms)
✔ already-known serrurerie facts skip affected_area: Ma porte est bloquée (0.13915ms)
✔ already-known serrurerie facts skip occurrence: Clé perdue (0.162805ms)
✔ clear locksmith needs zero questions, including a short description (0.453533ms)
✔ two questions total, including optional/skipped answers over later rounds (0.207342ms)
✔ photo facts and the effective electrical risk trade control area routing (0.766564ms)
✔ exact selected run, revision, completed state and current risk contract required (1.309963ms)
✔ reuse only the authenticated owner profile phone (0.764911ms)
✔ TECHNICAL uses canonical quote RPC, server facts and deterministic retry credentials (1.635703ms)
✔ URGENT uses canonical quote RPC, server facts and deterministic retry credentials (0.29852ms)
✔ critical acknowledgement cannot be skipped, falsified or used for another run (0.468256ms)
✔ truthful lifecycle: queue is not contact (0.397588ms)
✔ truthful lifecycle: CONTACTED alone is not delivery (1.175851ms)
✔ truthful lifecycle: outbox pending is not sent (1.871138ms)
✔ truthful lifecycle: SENT without delivery evidence is not sent (1.928163ms)
✔ truthful lifecycle: real send is not acceptance (0.336647ms)
✔ truthful lifecycle: assigned without mission remains unconfirmed (4.12493ms)
✔ truthful lifecycle: assigned with pending mission is confirmed (0.56475ms)
✔ truthful lifecycle: in progress mission (0.222986ms)
✔ truthful lifecycle: finished mission (0.268795ms)
✔ truthful lifecycle: cancelled request (0.162936ms)
✔ followup failures preserve registration and require only a read retry (0.321815ms)
✔ confirmation_context retains same-origin, owner lock and quota gates (3.155862ms)
✔ confirm_intervention retains same-origin, owner lock and quota gates (1.378115ms)
✔ intervention_status retains same-origin, owner lock and quota gates (0.809529ms)
✔ neutral synthetic photo is deterministically inconclusive; no visual findings are requested or invented (204.033233ms)
✔ informative photo is read without description or answers; only its exact isolated facts are displayed as observed (204.917604ms)
✔ useful description survives an inconclusive photo and retains its own provenance, including in the legacy modal (79.981245ms)
✔ synthesis cannot invent photographic evidence: forged provenance fails, unsupported prose never reaches the result (166.971844ms)
✔ missing, duplicate, unknown or contradictory photo evidence fails closed (0.525632ms)
✔ real declared danger still stops before photo download or AI, even with a neutral photo (0.409006ms)
✔ isolated visual danger cannot be cancelled by the text synthesis or a user negation (227.776808ms)
✔ isolated technical electrical risk survives synthesis and keeps photo-only routing open with fixed guidance (110.248473ms)
✔ multiple photos keep separate evidence; a uniform photo cannot inherit findings from an informative photo (190.596381ms)
✔ both provider passes share the original timeout budget (121.117153ms)
✔ engine refuses findings not copied from the isolated photo evidence (2.065951ms)
✔ provider adapter sends only bounded evidence, no tools, no persistence; validates completed/refusal states (121.512744ms)
✔ money and repair instructions hidden in free result fields are rejected; model danger cannot become user confirmation (22.262911ms)
✔ public activation fails closed until all operational prerequisites are acknowledged; video always OFF (0.490058ms)
✔ risk matrix: électricité — Prise cassée avec un fil apparent. → URGENT (84.21435ms)
✔ risk matrix: électricité — Des étincelles actives sortent de la prise. → CRITICAL (0.307973ms)
✔ risk matrix: plomberie — Petite fuite sous le lavabo. → TECHNICAL (2.479723ms)
✔ risk matrix: plomberie — Grosse fuite maîtrisable. → URGENT (1.044032ms)
✔ risk matrix: plomberie — Une fuite importante est contenue. → URGENT (0.500254ms)
✔ risk matrix: plomberie — Une fuite incontrôlable. → CRITICAL (0.26544ms)
✔ risk matrix: plomberie/électricité — Eau en contact avec l’installation électrique. → CRITICAL (0.158389ms)
✔ risk matrix: gaz — Appareil à gaz en panne, pas de fuite de gaz. → TECHNICAL (0.488165ms)
✔ risk matrix: gaz — Odeur de gaz près de la chaudière. → CRITICAL (0.246861ms)
✔ risk matrix: serrurerie — Serrure bloquée. → TECHNICAL (0.369736ms)
✔ risk matrix: serrurerie — Serrure bloquée, danger immédiat explicite. → CRITICAL (0.316266ms)
✔ risk matrix: climatisation — Clim en panne. → TECHNICAL (0.316827ms)
✔ risk matrix: climatisation — Une fumée active sort de la climatisation. → CRITICAL (0.128384ms)
✔ risk matrix: maçonnerie — Une fissure simple sur le mur. → TECHNICAL (0.231068ms)
✔ risk matrix: maçonnerie — Une fissure s’agrandit. → URGENT (0.300202ms)
✔ risk matrix: structure — Effondrement en cours. → CRITICAL (0.163086ms)
✔ risk matrix: toiture — Petite infiltration de la toiture. → TECHNICAL (0.199059ms)
✔ risk matrix: toiture — Toiture avec infiltration importante. → URGENT (0.154994ms)
✔ risk matrix: toiture — Des tuiles menacent de tomber. → CRITICAL (0.111689ms)
✔ risk matrix: chauffage — Chauffage en panne. → TECHNICAL (0.16615ms)
✔ risk matrix: chauffage — Chauffage en panne avec fumée active. → CRITICAL (0.080842ms)
✔ risk matrix: chauffe-eau — Chauffe-eau en panne. → TECHNICAL (0.138258ms)
✔ risk matrix: électroménager / autre — Un lave-linge en panne. → TECHNICAL (0.254183ms)
✔ risk matrix: électroménager / autre — Un lave-linge avec fumée active. → CRITICAL (0.21256ms)
✔ severity is independent of trade: plomberie / TECHNICAL (0.122795ms)
✔ severity is independent of trade: plomberie / URGENT (0.090235ms)
✔ severity is independent of trade: plomberie / CRITICAL (0.077868ms)
✔ severity is independent of trade: electricite / TECHNICAL (0.057076ms)
✔ severity is independent of trade: electricite / URGENT (0.055553ms)
✔ severity is independent of trade: electricite / CRITICAL (0.047472ms)
✔ severity is independent of trade: serrurerie / TECHNICAL (0.043606ms)
✔ severity is independent of trade: serrurerie / URGENT (0.043135ms)
✔ severity is independent of trade: serrurerie / CRITICAL (0.048433ms)
✔ severity is independent of trade: climatisation / TECHNICAL (0.077597ms)
✔ severity is independent of trade: climatisation / URGENT (0.251129ms)
✔ severity is independent of trade: climatisation / CRITICAL (0.075273ms)
✔ severity is independent of trade: bricolage / TECHNICAL (0.203797ms)
✔ severity is independent of trade: bricolage / URGENT (0.106921ms)
✔ severity is independent of trade: bricolage / CRITICAL (0.053511ms)
✔ severity is independent of trade: menuiserie / TECHNICAL (0.040361ms)
✔ severity is independent of trade: menuiserie / URGENT (0.035974ms)
✔ severity is independent of trade: menuiserie / CRITICAL (0.037517ms)
✔ severity is independent of trade: peinture / TECHNICAL (0.035673ms)
✔ severity is independent of trade: peinture / URGENT (0.036916ms)
✔ severity is independent of trade: peinture / CRITICAL (0.036154ms)
✔ severity is independent of trade: maconnerie / TECHNICAL (0.03326ms)
✔ severity is independent of trade: maconnerie / URGENT (0.03279ms)
✔ severity is independent of trade: maconnerie / CRITICAL (0.034973ms)
✔ severity is independent of trade: nettoyage / TECHNICAL (0.032109ms)
✔ severity is independent of trade: nettoyage / URGENT (0.03293ms)
✔ severity is independent of trade: nettoyage / CRITICAL (0.03285ms)
✔ severity is independent of trade: jardinage / TECHNICAL (0.03343ms)
✔ severity is independent of trade: jardinage / URGENT (0.032499ms)
✔ severity is independent of trade: jardinage / CRITICAL (0.034061ms)
✔ severity is independent of trade: demenagement / TECHNICAL (0.094502ms)
✔ severity is independent of trade: demenagement / URGENT (0.056525ms)
✔ severity is independent of trade: demenagement / CRITICAL (0.038027ms)
✔ severity is independent of trade: carrelage / TECHNICAL (0.034142ms)
✔ severity is independent of trade: carrelage / URGENT (3.090153ms)
✔ severity is independent of trade: carrelage / CRITICAL (0.075524ms)
✔ severity is independent of trade: autre / TECHNICAL (0.074072ms)
✔ severity is independent of trade: autre / URGENT (0.045338ms)
✔ severity is independent of trade: autre / CRITICAL (0.036245ms)
✔ a controlled leak never cancels a different active danger or uncertainty (0.306271ms)
✔ critical guidance contains no technical handling instruction even when urgent evidence is also present (0.30592ms)
✔ Fès blocked door since today: qualified trade, no artificial urgency, warning or surface questions (0.948968ms)
✔ business priority without hazard evidence retains its urgency but never invents danger advice (0.15909ms)
✔ a blocked door never suppresses an actual, declared, model or previously recorded hazard (2.555298ms)
✔ explicit local negations reach analysis without certifying safety (10.773522ms)
✔ affirmative hazards and a second positive mention remain blocked (0.741777ms)
✔ questions, uncertainty, exceptions and double negation fail closed (1.864807ms)
✔ negation cannot cancel confirmed, previous or model hazards, or cross fields (0.375175ms)
✔ engine calls provider for the production regression and stops a real hazard before AI (96.424598ms)
✔ transport records request milestones and never retries uncertain quota mutations (529.205025ms)
✔ raw error messages, headers, causes and arbitrary codes never reach trace logs (5.177196ms)
✔ 6 approved services across 20 cities: exact prices and strict qualification without legacy fallback (72.777789ms)
✔ Rendered plumbing questions, parts and diagnosis use customer language with explicit scope (249.389021ms)
✔ Guest repair API hashes credentials, requires exact consent and maps rejected transitions (9.200414ms)
✔ Guest screen shows a single total and credit; acceptance stays disabled until explicit consent (54.52595ms)
✔ Artisan form sends the selected repair, checked scope, declared cash credit and stable proposal identity (73.817474ms)
✔ Artisan financial center uses the recorded fee: repair retention 220/270, diagnostic 160, no second diagnostic revenue (8.349332ms)
✔ Public route view retains only approved destinations and explanation, with legacy string compatibility (1.481852ms)
✔ Real public API preserves diagnostic and utility routes at start and rejects pricing evaluation of blocked sessions (34.724649ms)
✔ The browser renders the diagnostic explanation from the public API view (61.320497ms)
✔ BP 3.3 reference examples, floor and cap (1.014117ms)
✔ centime continuity around floor, band changes and cap (0.169615ms)
✔ materials never increase commission; total reconciles and retention is explicit (0.213161ms)
✔ six pilot hypotheses reconcile without activating prices (0.168133ms)
✔ invalid money and unknown/legacy versions fail rather than being coerced (0.85684ms)
✔ calculation is repeatable, immutable, and does not mutate accepted legacy data (0.764331ms)
✔ commission and total stay monotonic across a broad range (42.548283ms)
✔ Real estimator handler signs persisted VAP and forwards its exact total to atomic confirmation (30.216602ms)
✔ Migrated plumbing fails closed without a calibrated entry (5.827355ms)
✔ Persist offer before issuing signed context; preserve centimes and fail closed (6.445785ms)
✔ W5 V2 isolated wrapper: no data effects on definition, direct legacy denied, valid Artisan only, historical body preserved (2812.624122ms)
✔ W5 V2 exact literal gate, 19 guarded definitions, preserved business bodies and Mobile wrapper call (2.51054ms)
✔ W5 V2 rollback file restores exactly the 19 baseline definitions and the original activity permission (10.872372ms)
✔ W5 real SQL policies: canonical role, active session, forged owners and foreign links remain separate (3897.838373ms)
✔ W5 guards are added to canonical routines without rewriting their business decisions (5.06069ms)
✔ W5 Bio: additive definition, canonical authority, timestamp exception, exact other columns, owner isolation and length (3747.892413ms)
✔ W5 Bio migration creates only its approved RPC and leaves table rights and triggers intact (0.977492ms)
✔ PB1 post audit: exact SQL, stale profile repair without forced availability, missing fields, guarded quote source/title/lines and legacy bypass refusal (3859.541706ms)
✔ PB1.1 PostgreSQL: exact migration rejects inconsistent client/job/quote/source and preserves valid links, RLS and rollback (2455.547685ms)
✔ JWT SQL: attestation, owner, canonical offer, atomic confirmation, retry/conflict, ACL and Storage RLS (4223.854796ms)
✔ W41 builds only three JWT mobile endpoints; legacy routing preserved for other branches (1.81334ms)
✔ PB1 Git deployment exclusions are literal static properties before runtime evaluation (0.365591ms)
✔ real persisted diagnostic lifecycle → canonical bridge; provenance, Safety exception, owner, revision and expiry (3551.721871ms)
✔ auth, Client, exact target, no privileged fallback, strict inputs (86.201983ms)
✔ real canonical fixed scope → evaluate → verify → authenticated confirmation, tamper and TTL (47.76846ms)
✔ PB1 native estimator follows the full canonical plumbing branch, back tokens and genuine Safety STOP (15.259178ms)
✔ attestation binds fixed stage, user, branch, operation, payload, <=60 seconds (0.562157ms)
✔ quota fails closed; provider/SQL detail never reaches mobile (0.492101ms)
✔ PB1 city migration adds Martil and canonical accents without changing function guards or privileges (2560.403102ms)
✔ PB1 canonical SQL: independent A/B, same trade C, abandon, retry, state isolation, owner and role (2356.960727ms)
✔ PB1 toilet declaration and computer photo remain separate, explicit mismatch never becomes visual plumbing evidence (700.825512ms)
✔ PB1 image: actual repository photograph survives sanitization and arrives byte-identical at vision boundary (254.218723ms)
✔ PB1 descriptive photo policy is opt-in; web safety and provenance are retained (0.370769ms)
✔ PB1 live proof gate rejects generic fallback, declarations used as observations and lost privacy (1.966491ms)
✔ PB1 calibrated image-to-result: an unused socket keeps OBSERVED/DECLARED/HYPOTHESIS/UNCERTAINTY without invented electrical urgency (179.222309ms)
✔ PB1 socket calibration never removes declared symptoms, damaged equipment or isolated hazards (0.671771ms)
(node:282) ExperimentalWarning: stripTypeScriptTypes is an experimental feature and might change at any time
(Use `node --trace-warnings ...` to show where the warning was created)
✔ proxy allows only three authenticated routes and keeps authority at endpoints (39.017403ms)
✔ proxy bounds input/output, fails closed on upstream timeout/non-JSON and missing config (15.805651ms)
{"event":"mobile_rafi_voice_gateway_error","code":"AUTH_REQUIRED","status":401,"latency_ms":0}
{"event":"mobile_rafi_voice_gateway_error","code":"AUTH_REQUIRED","status":401,"latency_ms":5}
{"event":"mobile_rafi_voice_ok","bytes":17,"latency_ms":2}
{"event":"mobile_rafi_voice_ok","bytes":17,"latency_ms":4}
{"event":"mobile_rafi_photo_gateway_error","code":"ROLE_FORBIDDEN","status":403,"latency_ms":19}
{"event":"mobile_rafi_photo_ok","input_bytes":201,"safe_bytes":66,"latency_ms":45,"provider_called":false}
{"event":"mobile_rafi_photo_ok","input_bytes":201,"safe_bytes":66,"latency_ms":26,"provider_called":false}
✔ route authority: Voice shared; ephemeral photo shared; persisted photo Client-only (295.346405ms)
ℹ tests 212
ℹ suites 0
ℹ pass 212
ℹ fail 0
ℹ cancelled 0
ℹ skipped 0
ℹ todo 0
ℹ duration_ms 6665.805008
