npm warn Unknown env config "http-proxy". This will stop working in the next major version of npm.

> fixeo-mobile@0.1.0 test:contracts
> node --import tsx --test tests/*.test.ts

✔ artisan activity does not show a blocking load error when offers load (1.460915ms)
✔ artisan activity does not show a blocking load error when current mission loads (0.232829ms)
✔ artisan activity shows a load error only when both primary activity sources fail (4.444867ms)
✔ mobile auth entry resolves only supported mobile universes (5.849201ms)
✔ mobile auth entry hides technical credential and network errors (0.543728ms)
✔ W4 Client priorities put validation before intervention, assignment, matching and alerts (2.010208ms)
✔ W4 creation and understanding cannot masquerade as an active artisan search (0.215612ms)
✔ W4 larger RAFI fits both small and standard canvases without changing W3 geometry (0.288218ms)
✔ W4 mission presentation never invents assignment or arrival while loading or unknown (16.585815ms)
✔ W4 notification grouping uses existing event types, read state, and known supersession only (0.591746ms)
✔ diagnostic provenance survives confirmation and unknown provenance stays unconfirmed (2.904302ms)
✔ safety and pending analysis or confirmation always block intake (0.488505ms)
✔ all canonical outcomes render literal server amounts, quote and diagnostic are valid outcomes (0.749315ms)
✔ mobile consumes no pricing engine, legacy import or estimator secret; source guard precedes request (10.333945ms)
✔ preventive safety questions are hidden using the real canonical question metadata (44.514464ms)
✔ mild uncertainty has at most one useful qualification, no safety loop or invented answers (0.580553ms)
✔ a real STOP is never locally cleared, including after confirmation or exit (5.558939ms)
✔ W4 preserves all existing services, mission engine, W2, W3, Auth and Artisan sources byte-for-byte (5.987112ms)
✔ W4 keeps original request, auth, watch, load, evidence, validation and adjustment callbacks (310.316602ms)
✔ W4 request contract remains four arguments including normalized city and no GPS (0.665607ms)
✔ W4 cities are a verbatim projection of the existing canonical public catalogue (26.545314ms)
✔ W4 foreground success returns only a city and never returns GPS coordinates (10.410224ms)
✔ W4 denied and permanently denied permissions never reach the location provider (0.838029ms)
✔ W4 disabled GPS, native errors and unsupported web all retain a manual fallback result (1.255448ms)
✔ W4 geocoding uses cities, known city aliases only for subregions, never guesses a province (5.357ms)
✔ W4 timeout discards late fixes before geocoding and never requests GPS after a late permission (47.897158ms)
✔ W4 cancelled or backgrounded requests do no further location work (0.551456ms)
✔ W4 native configuration is foreground only and SDK-compatible (10.536105ms)
✔ Client cockpit always prioritizes an active intervention over alerts (1.534053ms)
✔ Artisan cockpit prioritizes mission, then offers, then availability and private activity (0.563249ms)
✔ DS2 real primitives render their accessible states with the installed React Native Web adapter (1907.483387ms)
✔ DS2 retains every P1–P7 token value while new screens opt into semantic roles (10.391091ms)
✔ DS2 supported foreground/surface pairings preserve readable contrast (5.22416ms)
✔ DS2 typography reserves readable line height and moderate emphasis (0.2691ms)
✔ screen metrics preserve portrait padding, protect side cutouts and reserve floating controls once (0.441457ms)
✔ busy and disabled states cannot be weakened by accessibility overrides (0.402384ms)
✔ reduced motion retains press feedback without spatial transform; disabled never presses (0.741181ms)
✔ all motion presets remove both duration and orchestration delay under Reduced Motion (0.337603ms)
✔ motion preference shares one native subscription, defaults static and releases it (0.477345ms)
✔ late preference read cannot override a newer native event or an unmounted generation (3.522631ms)
✔ preference read failures leave content static and visible (1.136782ms)
✔ Agenda inputs format naturally without technical ISO syntax (1.655479ms)
✔ Agenda rejects impossible dates and invalid times (2.118603ms)
✔ Mobile UI deadline resolves fast work and bounds stalled work (17.50878ms)
✔ dispatch feed accepts only canonical active queue offers (2.944931ms)
✔ dispatch feed fails closed on malformed RPC payload (0.258376ms)
✔ W2 Drawer capture accepts final geometry and the 390px width cap (15.265596ms)
✔ W2 Drawer capture rejects mounted controls while the panel is off-screen or moving (16.111823ms)
✔ W2 Drawer capture rejects wrong width, hidden critical controls and overflow (10.270929ms)
✔ Vercel routes M5 native RAFI endpoints to isolated preview functions (2.016242ms)
✔ mobile bundle never embeds privileged provider or Supabase server credentials (0.653727ms)
✔ native RAFI gateways require the authenticated Supabase session token (0.402242ms)
✔ server-side native RAFI functions are preview-only and staging-pinned (0.336393ms)
✔ Magic Loop retains canonical request id across matching to found (1.03247ms)
✔ mobile gateway response preserves diagnostic and labour semantics without calculating or decoding (2.655315ms)
✔ notification routing opens the exact mission for the matching universe (12.613258ms)
✔ notification routing never crosses Client and Artisan universes (0.294677ms)
✔ notification routing supports useful workspace destinations and safe fallback (0.585248ms)
✔ RAFI local rules classify common FIXEO needs without AI cost (1.713539ms)
✔ RAFI does not invent a trade for an unknown short need (0.297913ms)
✔ RAFI keeps ambiguous room-level requests unclassified until the user adds a concrete problem (0.357352ms)
✔ W3 eight semantic states and French labels are exhaustive; legacy calls retain identity (8.240703ms)
✔ W3 client maps only known facts, keeps creation distinct from matching and validation from success (0.443542ms)
✔ W3 artisan derives priorities from the actual mission, offers, acceptance and load-error inputs (0.351222ms)
✔ success is consumed once, never replayed by polling, focus, or Reduced Motion changes (0.806052ms)
✔ all sizes and motion peaks stay within frame; compact fits unchanged W2 56px host (1.045349ms)
✔ activity shares one native listener and cleans up the last subscriber (0.652788ms)
✔ presence engine has no backend or per-frame React side effects; visual material is centralized (1.224431ms)
✔ W3 keeps certified Artisan mission/evidence source byte-identical to post-W2 (1.186784ms)
✔ RAFI keeps manual problem and city as user-declared facts (2.327208ms)
✔ RAFI preserves explicit user confirmation of an AI-assisted description (0.379601ms)
✔ RAFI context omits empty facts (0.404644ms)
✔ Shell subpages do not render legacy duplicate back rows (91.052984ms)
✔ Client workspace detail pages use bounded loading and foreground refresh (10.880833ms)
✔ W2 client: real Drawer routes and active state (1.571165ms)
✔ W2 artisan: real Drawer routes and active state (0.307373ms)
✔ W2 Dock opts in only workspace roots, excludes forms/auth/missions/unknown/cross-role routes (1.155987ms)
✔ W2 Dock limits, duplicate guard, visibility and badges (0.561482ms)
✔ W2 floating reservation and enlarged text: safe area + height + gaps counted once (0.436829ms)
✔ W2 targets and Reduced Motion: DS2, no pressed transform, no delayed close (0.528431ms)
✔ W2 installed StackRouter: no duplicate roots, detail preserves return history (1.870469ms)
✔ W2 actual JSX: one stable Shell per screen; docks only on the two overviews (100.793187ms)
✔ W2 Dock yields space to content when enlarged header/toolbar or landscape leaves insufficient room (0.246547ms)
✔ W2 root right-actions preserve their parent context; subpage right-actions return to an existing root (12.019523ms)
"shadow*" style props are deprecated. Use "boxShadow".
props.pointerEvents is deprecated. Use style.pointerEvents
✔ W2 real Drawer/Dock/controls render accessible states with React Native Web (887.519128ms)
ℹ tests 85
ℹ suites 0
ℹ pass 85
ℹ fail 0
ℹ cancelled 0
ℹ skipped 0
ℹ todo 0
ℹ duration_ms 3224.368374
