✔ critical registration requires explicit acknowledgement of the exact immutable result (3.061124ms)
✔ old dossiers, noncritical results, stale revisions and invalid phone cannot use critical registration (1.140115ms)
✔ acknowledged critical API uses existing quota gates and one atomic registration RPC; never calls pricing, AI or direct dispatch (6.232314ms)
✔ broken electrical equipment alone warns and routes urgently to an electrician without certifying safety (143.954758ms)
✔ critical electrical and fire signs stop before any media download or AI call (2.427766ms)
✔ technical risk cannot clear confirmed, previous, model or uncertain critical signals (2.978873ms)
✔ explicit negations do not invent technical risk or clear another positive mention (0.590207ms)
✔ photo-only electrical risk is retained independently of synthesis; any photo critical sign wins (29.709393ms)
✔ technical-risk result can enter the existing handoff with electrician and urgent context; critical results cannot (6.923799ms)
✔ production regression: informative electrical photo + valid literal finding + normal visual-check language yields a complete noncritical result (376.246776ms)
✔ normal diagnostic vocabulary in problem is not forged photo provenance (0.645183ms)
✔ normal diagnostic vocabulary in hypotheses is not forged photo provenance (0.301755ms)
✔ normal diagnostic vocabulary in urgency_reason is not forged photo provenance (0.27479ms)
✔ normal diagnostic vocabulary in checks is not forged photo provenance (0.21721ms)
✔ normal diagnostic vocabulary in possible_parts is not forged photo provenance (3.048525ms)
✔ photo-only inference retains isolated facts without manufacturing a customer declaration (99.96096ms)
✔ valid electrical-photo paraphrase cannot trigger a false 502: only literal isolated findings become photo proof (81.916034ms)
✔ unsupported photographic prose is removed in all fields without inventing replacements or losing danger signals (1.526101ms)
✔ normalization log metadata contains only known field labels (0.484055ms)
✔ a multi-sentence isolated observation remains valid when used as the grounded replacement (0.903673ms)
✔ inconclusive photo supports useful text analysis, never a visual finding (60.905572ms)
✔ text only permits normal photo/observation vocabulary without vision or observed provenance (2.57611ms)
✔ literal photo attribution is allowed only when the entire claim belongs to isolated vision (1.284555ms)
✔ every prose field rejects an invented affirmative visual claim with the field label only (1.120021ms)
✔ a real visible finding can be referenced literally; generic photography and visibility vocabulary does not require fake observations (1.0776ms)
✔ analyze HTTP action finishes and returns 200 for the valid electrical-photo regression (76.99178ms)
✔ missing/nonempty synthesis observations have distinct instrumentation and fail closed even when copied correctly (0.692468ms)
✔ engine observation comparison is structural, independent of object key order, and rejects every changed fact component (0.503667ms)
✔ photo evidence identifies exact structural failures, without logging IDs or observations (0.402999ms)
✔ provider provenance and media validation remain strict and independently identifiable (0.457093ms)
✔ critical visual danger takes precedence over contradicting text and a lower-risk synthesis (101.828141ms)
✔ contradicting user description never contaminates the isolated photographic facts (75.837025ms)
✔ real text danger remains a pre-AI stop; no photo or model call (7.861446ms)
✔ production error log includes only trusted branch/condition/field, not evidence or attacker-supplied metadata (1.214531ms)
✔ informative evidence and qualified trade: zero questions (6.30529ms)
✔ ambiguous photo: only a relevant area question (0.861154ms)
✔ unknown/skipped answers are never asked again (0.203844ms)
✔ maximum two questions across rounds (0.178799ms)
✔ known onset/area/frequency are not asked again (0.667624ms)
✔ unrelated gas and structure questions omitted (0.350868ms)
✔ critical routing never yields qualification questions (0.289893ms)
✔ area choices match plomberie, never another trade's surfaces (1.84469ms)
✔ area choices match electricite, never another trade's surfaces (0.823045ms)
✔ area choices match climatisation, never another trade's surfaces (0.610581ms)
✔ area choices match maconnerie, never another trade's surfaces (0.754148ms)
✔ area choices match autre, never another trade's surfaces (0.161344ms)
✔ already-known plomberie facts skip onset: Une fuite (0.396962ms)
✔ already-known plomberie facts skip affected_area: Sous mon lavabo (0.18927ms)
✔ already-known electricite facts skip affected_area: Ma prise ne fonctionne plus (0.082077ms)
✔ already-known climatisation facts skip affected_area: L’unité extérieure fait du bruit (0.122908ms)
✔ already-known maconnerie facts skip affected_area: Une fissure sur mon mur (0.065801ms)
✔ already-known serrurerie facts skip affected_area: Ma porte est bloquée (0.122185ms)
✔ already-known serrurerie facts skip occurrence: Clé perdue (0.148913ms)
✔ clear locksmith needs zero questions, including a short description (0.271023ms)
✔ two questions total, including optional/skipped answers over later rounds (0.235713ms)
✔ photo facts and the effective electrical risk trade control area routing (0.697013ms)
✔ exact selected run, revision, completed state and current risk contract required (1.282149ms)
✔ reuse only the authenticated owner profile phone (1.060998ms)
✔ TECHNICAL uses canonical quote RPC, server facts and deterministic retry credentials (3.775918ms)
✔ URGENT uses canonical quote RPC, server facts and deterministic retry credentials (0.993584ms)
✔ critical acknowledgement cannot be skipped, falsified or used for another run (0.81335ms)
✔ truthful lifecycle: queue is not contact (0.819596ms)
✔ truthful lifecycle: CONTACTED alone is not delivery (0.932723ms)
✔ truthful lifecycle: outbox pending is not sent (0.361457ms)
✔ truthful lifecycle: SENT without delivery evidence is not sent (0.531872ms)
✔ truthful lifecycle: real send is not acceptance (0.335559ms)
✔ truthful lifecycle: assigned without mission remains unconfirmed (3.338159ms)
✔ truthful lifecycle: assigned with pending mission is confirmed (0.197411ms)
✔ truthful lifecycle: in progress mission (0.112408ms)
✔ truthful lifecycle: finished mission (0.428112ms)
✔ truthful lifecycle: cancelled request (0.31326ms)
✔ followup failures preserve registration and require only a read retry (0.265044ms)
✔ confirmation_context retains same-origin, owner lock and quota gates (3.858246ms)
✔ confirm_intervention retains same-origin, owner lock and quota gates (0.965714ms)
✔ intervention_status retains same-origin, owner lock and quota gates (1.42096ms)
✔ neutral synthetic photo is deterministically inconclusive; no visual findings are requested or invented (250.656227ms)
✔ informative photo is read without description or answers; only its exact isolated facts are displayed as observed (153.923221ms)
✔ useful description survives an inconclusive photo and retains its own provenance, including in the legacy modal (76.035946ms)
✔ synthesis cannot invent photographic evidence: forged provenance fails, unsupported prose never reaches the result (138.243194ms)
✔ missing, duplicate, unknown or contradictory photo evidence fails closed (0.596773ms)
✔ real declared danger still stops before photo download or AI, even with a neutral photo (0.484002ms)
✔ isolated visual danger cannot be cancelled by the text synthesis or a user negation (89.410805ms)
✔ isolated technical electrical risk survives synthesis and keeps photo-only routing open with fixed guidance (55.218019ms)
✔ multiple photos keep separate evidence; a uniform photo cannot inherit findings from an informative photo (85.885094ms)
✔ both provider passes share the original timeout budget (65.243686ms)
✔ engine refuses findings not copied from the isolated photo evidence (12.0699ms)
✔ provider adapter sends only bounded evidence, no tools, no persistence; validates completed/refusal states (135.758728ms)
✔ money and repair instructions hidden in free result fields are rejected; model danger cannot become user confirmation (12.065286ms)
✔ public activation fails closed until all operational prerequisites are acknowledged; video always OFF (1.034183ms)
✔ risk matrix: électricité — Prise cassée avec un fil apparent. → URGENT (150.6722ms)
✔ risk matrix: électricité — Des étincelles actives sortent de la prise. → CRITICAL (0.499066ms)
✔ risk matrix: plomberie — Petite fuite sous le lavabo. → TECHNICAL (5.557801ms)
✔ risk matrix: plomberie — Grosse fuite maîtrisable. → URGENT (2.790209ms)
✔ risk matrix: plomberie — Une fuite importante est contenue. → URGENT (1.146201ms)
✔ risk matrix: plomberie — Une fuite incontrôlable. → CRITICAL (0.375757ms)
✔ risk matrix: plomberie/électricité — Eau en contact avec l’installation électrique. → CRITICAL (0.31803ms)
✔ risk matrix: gaz — Appareil à gaz en panne, pas de fuite de gaz. → TECHNICAL (1.106025ms)
✔ risk matrix: gaz — Odeur de gaz près de la chaudière. → CRITICAL (0.557272ms)
✔ risk matrix: serrurerie — Serrure bloquée. → TECHNICAL (0.682967ms)
✔ risk matrix: serrurerie — Serrure bloquée, danger immédiat explicite. → CRITICAL (0.491684ms)
✔ risk matrix: climatisation — Clim en panne. → TECHNICAL (0.634167ms)
✔ risk matrix: climatisation — Une fumée active sort de la climatisation. → CRITICAL (0.586056ms)
✔ risk matrix: maçonnerie — Une fissure simple sur le mur. → TECHNICAL (0.421993ms)
✔ risk matrix: maçonnerie — Une fissure s’agrandit. → URGENT (0.604566ms)
✔ risk matrix: structure — Effondrement en cours. → CRITICAL (0.43133ms)
✔ risk matrix: toiture — Petite infiltration de la toiture. → TECHNICAL (0.556566ms)
✔ risk matrix: toiture — Toiture avec infiltration importante. → URGENT (0.301476ms)
✔ risk matrix: toiture — Des tuiles menacent de tomber. → CRITICAL (0.130449ms)
✔ risk matrix: chauffage — Chauffage en panne. → TECHNICAL (0.339064ms)
✔ risk matrix: chauffage — Chauffage en panne avec fumée active. → CRITICAL (0.189423ms)
✔ risk matrix: chauffe-eau — Chauffe-eau en panne. → TECHNICAL (0.267122ms)
✔ risk matrix: électroménager / autre — Un lave-linge en panne. → TECHNICAL (0.524524ms)
✔ risk matrix: électroménager / autre — Un lave-linge avec fumée active. → CRITICAL (0.308959ms)
✔ severity is independent of trade: plomberie / TECHNICAL (0.225381ms)
✔ severity is independent of trade: plomberie / URGENT (0.224356ms)
✔ severity is independent of trade: plomberie / CRITICAL (0.182937ms)
✔ severity is independent of trade: electricite / TECHNICAL (0.129646ms)
✔ severity is independent of trade: electricite / URGENT (0.103083ms)
✔ severity is independent of trade: electricite / CRITICAL (0.0959ms)
✔ severity is independent of trade: serrurerie / TECHNICAL (0.224667ms)
✔ severity is independent of trade: serrurerie / URGENT (0.122207ms)
✔ severity is independent of trade: serrurerie / CRITICAL (0.105093ms)
✔ severity is independent of trade: climatisation / TECHNICAL (0.163912ms)
✔ severity is independent of trade: climatisation / URGENT (0.138951ms)
✔ severity is independent of trade: climatisation / CRITICAL (0.113606ms)
✔ severity is independent of trade: bricolage / TECHNICAL (0.247311ms)
✔ severity is independent of trade: bricolage / URGENT (0.157009ms)
✔ severity is independent of trade: bricolage / CRITICAL (0.096988ms)
✔ severity is independent of trade: menuiserie / TECHNICAL (0.086493ms)
✔ severity is independent of trade: menuiserie / URGENT (0.103771ms)
✔ severity is independent of trade: menuiserie / CRITICAL (0.08361ms)
✔ severity is independent of trade: peinture / TECHNICAL (0.073107ms)
✔ severity is independent of trade: peinture / URGENT (0.071989ms)
✔ severity is independent of trade: peinture / CRITICAL (0.0681ms)
✔ severity is independent of trade: maconnerie / TECHNICAL (0.079434ms)
✔ severity is independent of trade: maconnerie / URGENT (0.071675ms)
✔ severity is independent of trade: maconnerie / CRITICAL (0.070134ms)
✔ severity is independent of trade: nettoyage / TECHNICAL (0.073168ms)
✔ severity is independent of trade: nettoyage / URGENT (0.067911ms)
✔ severity is independent of trade: nettoyage / CRITICAL (0.072932ms)
✔ severity is independent of trade: jardinage / TECHNICAL (0.069755ms)
✔ severity is independent of trade: jardinage / URGENT (0.067474ms)
✔ severity is independent of trade: jardinage / CRITICAL (0.140749ms)
✔ severity is independent of trade: demenagement / TECHNICAL (0.083492ms)
✔ severity is independent of trade: demenagement / URGENT (0.073084ms)
✔ severity is independent of trade: demenagement / CRITICAL (0.147036ms)
✔ severity is independent of trade: carrelage / TECHNICAL (0.074623ms)
✔ severity is independent of trade: carrelage / URGENT (0.264414ms)
✔ severity is independent of trade: carrelage / CRITICAL (0.10076ms)
✔ severity is independent of trade: autre / TECHNICAL (0.18849ms)
✔ severity is independent of trade: autre / URGENT (0.10331ms)
✔ severity is independent of trade: autre / CRITICAL (0.079961ms)
✔ a controlled leak never cancels a different active danger or uncertainty (0.443643ms)
✔ critical guidance contains no technical handling instruction even when urgent evidence is also present (0.511138ms)
✔ Fès blocked door since today: qualified trade, no artificial urgency, warning or surface questions (1.482227ms)
✔ business priority without hazard evidence retains its urgency but never invents danger advice (0.281853ms)
✔ a blocked door never suppresses an actual, declared, model or previously recorded hazard (1.420664ms)
✔ explicit local negations reach analysis without certifying safety (20.254641ms)
✔ affirmative hazards and a second positive mention remain blocked (1.52253ms)
✔ questions, uncertainty, exceptions and double negation fail closed (2.93321ms)
✔ negation cannot cancel confirmed, previous or model hazards, or cross fields (0.819559ms)
✔ engine calls provider for the production regression and stops a real hazard before AI (137.685357ms)
✔ transport records request milestones and never retries uncertain quota mutations (531.450544ms)
✔ raw error messages, headers, causes and arbitrary codes never reach trace logs (1.289743ms)
✔ 6 approved services across 20 cities: exact prices and strict qualification without legacy fallback (60.109414ms)
✔ Rendered plumbing questions, parts and diagnosis use customer language with explicit scope (201.474188ms)
✔ Guest repair API hashes credentials, requires exact consent and maps rejected transitions (5.347777ms)
✔ Guest screen shows a single total and credit; acceptance stays disabled until explicit consent (58.115202ms)
✔ Artisan form sends the selected repair, checked scope, declared cash credit and stable proposal identity (61.884476ms)
✔ Artisan financial center uses the recorded fee: repair retention 220/270, diagnostic 160, no second diagnostic revenue (3.933808ms)
✔ Public route view retains only approved destinations and explanation, with legacy string compatibility (1.707504ms)
✔ Real public API preserves diagnostic and utility routes at start and rejects pricing evaluation of blocked sessions (30.67445ms)
✔ The browser renders the diagnostic explanation from the public API view (97.019427ms)
✔ BP 3.3 reference examples, floor and cap (1.468599ms)
✔ centime continuity around floor, band changes and cap (0.445463ms)
✔ materials never increase commission; total reconciles and retention is explicit (0.545537ms)
✔ six pilot hypotheses reconcile without activating prices (0.236303ms)
✔ invalid money and unknown/legacy versions fail rather than being coerced (0.590247ms)
✔ calculation is repeatable, immutable, and does not mutate accepted legacy data (1.866966ms)
✔ commission and total stay monotonic across a broad range (38.689311ms)
✔ Real estimator handler signs persisted VAP and forwards its exact total to atomic confirmation (44.722224ms)
✔ Migrated plumbing fails closed without a calibrated entry (8.614679ms)
✔ Persist offer before issuing signed context; preserve centimes and fail closed (6.711523ms)
✔ JWT SQL: attestation, owner, canonical offer, atomic confirmation, retry/conflict, ACL and Storage RLS (3057.29333ms)
✔ W41 builds only three JWT mobile endpoints; legacy routing preserved for other branches (2.857746ms)
✔ real persisted diagnostic lifecycle → canonical bridge; provenance, Safety exception, owner, revision and expiry (2673.429951ms)
✔ auth, Client, exact target, no privileged fallback, strict inputs (49.238771ms)
✔ real canonical fixed scope → evaluate → verify → authenticated confirmation, tamper and TTL (35.077511ms)
✔ one useful clarification; no Safety questionnaire, real STOP cannot continue (6.532797ms)
✔ attestation binds fixed stage, user, branch, operation, payload, <=60 seconds (0.540046ms)
✔ quota fails closed; provider/SQL detail never reaches mobile (0.531889ms)
ℹ tests 191
ℹ suites 0
ℹ pass 191
ℹ fail 0
ℹ cancelled 0
ℹ skipped 0
ℹ todo 0
ℹ duration_ms 4395.363708
