npm warn Unknown env config "http-proxy". This will stop working in the next major version of npm.

> fixeo-mobile@0.1.0 test:contracts
> node --import tsx --test tests/*.test.ts

✔ artisan activity does not show a blocking load error when offers load (8.835241ms)
✔ artisan activity does not show a blocking load error when current mission loads (0.250918ms)
✔ artisan activity shows a load error only when both primary activity sources fail (0.247914ms)
✔ mobile auth entry resolves only supported mobile universes (1.18437ms)
✔ mobile auth entry hides technical credential and network errors (0.302525ms)
✔ W4 Client priorities put validation before intervention, assignment, matching and alerts (3.186627ms)
✔ W4 creation and understanding cannot masquerade as an active artisan search (0.349553ms)
✔ W4 larger RAFI fits both small and standard canvases without changing W3 geometry (0.746742ms)
✔ W4 mission presentation never invents assignment or arrival while loading or unknown (1.159904ms)
✔ W4 notification grouping uses existing event types, read state, and known supersession only (1.001289ms)
✔ diagnostic provenance survives confirmation and unknown provenance stays unconfirmed (2.119795ms)
✔ safety and pending analysis or confirmation always block intake (0.389998ms)
✔ all canonical outcomes render literal server amounts, quote and diagnostic are valid outcomes (0.592373ms)
✔ mobile consumes no pricing engine, legacy import or estimator secret; source guard precedes request (1.492426ms)
✔ preventive safety questions are hidden using the real canonical question metadata (21.465677ms)
✔ mild uncertainty has at most one useful qualification, no safety loop or invented answers (0.906047ms)
✔ a real STOP is never locally cleared, including after confirmation or exit (0.784861ms)
✔ W4 preserves all existing services, mission engine, W2, W3, Auth and Artisan sources byte-for-byte (9.80673ms)
✔ W4 keeps original request, auth, watch, load, evidence, validation and adjustment callbacks (303.797371ms)
✔ W4 request contract remains four arguments including normalized city and no GPS (1.285179ms)
✔ W4 cities are a verbatim projection of the existing canonical public catalogue (13.584931ms)
✔ W4 foreground success returns only a city and never returns GPS coordinates (0.814246ms)
✔ W4 denied and permanently denied permissions never reach the location provider (0.583705ms)
✔ W4 disabled GPS, native errors and unsupported web all retain a manual fallback result (0.522932ms)
✔ W4 geocoding uses cities, known city aliases only for subregions, never guesses a province (0.862822ms)
✔ W4 timeout discards late fixes before geocoding and never requests GPS after a late permission (48.631882ms)
✔ W4 cancelled or backgrounded requests do no further location work (1.023931ms)
✔ W4 native configuration is foreground only and SDK-compatible (2.022575ms)
✔ Client cockpit always prioritizes an active intervention over alerts (1.303966ms)
✔ Artisan cockpit prioritizes mission, then offers, then availability and private activity (4.896302ms)
✔ DS2 real primitives render their accessible states with the installed React Native Web adapter (2302.868381ms)
✔ DS2 retains every P1–P7 token value while new screens opt into semantic roles (6.257312ms)
✔ DS2 supported foreground/surface pairings preserve readable contrast (1.005939ms)
✔ DS2 typography reserves readable line height and moderate emphasis (0.199765ms)
✔ screen metrics preserve portrait padding, protect side cutouts and reserve floating controls once (0.487121ms)
✔ busy and disabled states cannot be weakened by accessibility overrides (0.392272ms)
✔ reduced motion retains press feedback without spatial transform; disabled never presses (12.910458ms)
✔ all motion presets remove both duration and orchestration delay under Reduced Motion (0.28245ms)
✔ motion preference shares one native subscription, defaults static and releases it (0.407809ms)
✔ late preference read cannot override a newer native event or an unmounted generation (6.580657ms)
✔ preference read failures leave content static and visible (0.681408ms)
✔ Agenda inputs format naturally without technical ISO syntax (1.379926ms)
✔ Agenda rejects impossible dates and invalid times (1.418291ms)
✔ Mobile UI deadline resolves fast work and bounds stalled work (15.945953ms)
✔ dispatch feed accepts only canonical active queue offers (10.193724ms)
✔ dispatch feed fails closed on malformed RPC payload (0.317115ms)
✔ W2 Drawer capture accepts final geometry and the 390px width cap (3.045027ms)
✔ W2 Drawer capture rejects mounted controls while the panel is off-screen or moving (7.261886ms)
✔ W2 Drawer capture rejects wrong width, hidden critical controls and overflow (5.662105ms)
✔ Vercel routes M5 native RAFI endpoints to isolated preview functions (6.175631ms)
✔ mobile bundle never embeds privileged provider or Supabase server credentials (0.721778ms)
✔ native RAFI gateways require the authenticated Supabase session token (0.468015ms)
✔ server-side native RAFI functions are preview-only and staging-pinned (4.847991ms)
✔ Magic Loop retains canonical request id across matching to found (1.855812ms)
✔ mobile gateway response preserves diagnostic and labour semantics without calculating or decoding (13.604615ms)
✔ notification routing opens the exact mission for the matching universe (2.041372ms)
✔ notification routing never crosses Client and Artisan universes (0.915832ms)
✔ notification routing supports useful workspace destinations and safe fallback (4.607931ms)
✔ RAFI local rules classify common FIXEO needs without AI cost (1.648483ms)
✔ RAFI does not invent a trade for an unknown short need (0.586642ms)
✔ RAFI keeps ambiguous room-level requests unclassified until the user adds a concrete problem (0.33098ms)
✔ W3 eight semantic states and French labels are exhaustive; legacy calls retain identity (5.601206ms)
✔ W3 client maps only known facts, keeps creation distinct from matching and validation from success (0.398809ms)
✔ W3 artisan derives priorities from the actual mission, offers, acceptance and load-error inputs (0.27181ms)
✔ success is consumed once, never replayed by polling, focus, or Reduced Motion changes (0.751753ms)
✔ all sizes and motion peaks stay within frame; compact fits unchanged W2 56px host (0.862612ms)
✔ activity shares one native listener and cleans up the last subscriber (0.793542ms)
✔ presence engine has no backend or per-frame React side effects; visual material is centralized (0.895897ms)
✔ W3 keeps certified Artisan mission/evidence source byte-identical to post-W2 (1.073892ms)
✔ RAFI keeps manual problem and city as user-declared facts (2.967222ms)
✔ RAFI preserves explicit user confirmation of an AI-assisted description (0.309069ms)
✔ RAFI context omits empty facts (0.591803ms)
✔ Shell subpages do not render legacy duplicate back rows (24.338063ms)
✔ Client workspace detail pages use bounded loading and foreground refresh (10.05836ms)
✔ W2 client: real Drawer routes and active state (7.949314ms)
✔ W2 artisan: real Drawer routes and active state (0.480058ms)
✔ W2 Dock opts in only workspace roots, excludes forms/auth/missions/unknown/cross-role routes (1.729241ms)
✔ W2 Dock limits, duplicate guard, visibility and badges (1.302894ms)
✔ W2 floating reservation and enlarged text: safe area + height + gaps counted once (0.726521ms)
✔ W2 targets and Reduced Motion: DS2, no pressed transform, no delayed close (0.472953ms)
✔ W2 installed StackRouter: no duplicate roots, detail preserves return history (2.721888ms)
✔ W2 actual JSX: one stable Shell per screen; docks only on the two overviews (120.083852ms)
✔ W2 Dock yields space to content when enlarged header/toolbar or landscape leaves insufficient room (1.323757ms)
✔ W2 root right-actions preserve their parent context; subpage right-actions return to an existing root (12.647424ms)
"shadow*" style props are deprecated. Use "boxShadow".
props.pointerEvents is deprecated. Use style.pointerEvents
✔ W2 real Drawer/Dock/controls render accessible states with React Native Web (1462.830217ms)
ℹ tests 85
ℹ suites 0
ℹ pass 85
ℹ fail 0
ℹ cancelled 0
ℹ skipped 0
ℹ todo 0
ℹ duration_ms 3813.496124
