npm warn Unknown env config "http-proxy". This will stop working in the next major version of npm.

> fixeo-mobile@0.1.0 test:contracts
> node --import tsx --test tests/*.test.ts

✔ artisan activity does not show a blocking load error when offers load (6.035224ms)
✔ artisan activity does not show a blocking load error when current mission loads (0.690909ms)
✔ artisan activity shows a load error only when both primary activity sources fail (0.587431ms)
✔ mobile auth entry resolves only supported mobile universes (13.288553ms)
✔ mobile auth entry hides technical credential and network errors (0.37341ms)
✔ W4 Client priorities put validation before intervention, assignment, matching and alerts (5.457347ms)
✔ W4 creation and understanding cannot masquerade as an active artisan search (0.221738ms)
✔ W4 larger RAFI fits both small and standard canvases without changing W3 geometry (0.343572ms)
✔ W4 mission presentation never invents assignment or arrival while loading or unknown (0.407126ms)
✔ W4 notification grouping uses existing event types, read state, and known supersession only (0.845509ms)
✔ diagnostic provenance survives confirmation and unknown provenance stays unconfirmed (2.217799ms)
✔ safety and pending analysis or confirmation always block intake (0.380377ms)
✔ all canonical outcomes render literal server amounts, quote and diagnostic are valid outcomes (0.96832ms)
✔ mobile consumes no pricing engine, legacy import or estimator secret; source guard precedes request (1.542557ms)
✔ preventive safety questions are hidden using the real canonical question metadata (22.387616ms)
✔ mild uncertainty has at most one useful qualification, no safety loop or invented answers (0.390575ms)
✔ a real STOP is never locally cleared, including after confirmation or exit (0.548946ms)
✔ W4 preserves all existing services, mission engine, W2, W3, Auth and Artisan sources byte-for-byte (10.177353ms)
✔ W4 keeps original request, auth, watch, load, evidence, validation and adjustment callbacks (230.958355ms)
✔ W4 request contract remains four arguments including normalized city and no GPS (0.894969ms)
✔ W4 cities are a verbatim projection of the existing canonical public catalogue (5.932978ms)
✔ W4 foreground success returns only a city and never returns GPS coordinates (1.301505ms)
✔ W4 denied and permanently denied permissions never reach the location provider (0.546567ms)
✔ W4 disabled GPS, native errors and unsupported web all retain a manual fallback result (0.643461ms)
✔ W4 geocoding uses cities, known city aliases only for subregions, never guesses a province (1.020373ms)
✔ W4 timeout discards late fixes before geocoding and never requests GPS after a late permission (34.434625ms)
✔ W4 cancelled or backgrounded requests do no further location work (0.469582ms)
✔ W4 native configuration is foreground only and SDK-compatible (1.328678ms)
✔ Client cockpit always prioritizes an active intervention over alerts (1.801817ms)
✔ Artisan cockpit prioritizes mission, then offers, then availability and private activity (0.466995ms)
✔ DS2 real primitives render their accessible states with the installed React Native Web adapter (1599.837593ms)
✔ DS2 retains every P1–P7 token value while new screens opt into semantic roles (1.818833ms)
✔ DS2 supported foreground/surface pairings preserve readable contrast (0.686985ms)
✔ DS2 typography reserves readable line height and moderate emphasis (0.194365ms)
✔ screen metrics preserve portrait padding, protect side cutouts and reserve floating controls once (0.372511ms)
✔ busy and disabled states cannot be weakened by accessibility overrides (8.959184ms)
✔ reduced motion retains press feedback without spatial transform; disabled never presses (0.250369ms)
✔ all motion presets remove both duration and orchestration delay under Reduced Motion (0.320012ms)
✔ motion preference shares one native subscription, defaults static and releases it (0.560862ms)
✔ late preference read cannot override a newer native event or an unmounted generation (2.217303ms)
✔ preference read failures leave content static and visible (0.893853ms)
✔ Agenda inputs format naturally without technical ISO syntax (1.620551ms)
✔ Agenda rejects impossible dates and invalid times (1.535902ms)
✔ Mobile UI deadline resolves fast work and bounds stalled work (16.271501ms)
✔ dispatch feed accepts only canonical active queue offers (1.470334ms)
✔ dispatch feed fails closed on malformed RPC payload (0.163139ms)
✔ W2 Drawer capture accepts final geometry and the 390px width cap (2.627391ms)
✔ W2 Drawer capture rejects mounted controls while the panel is off-screen or moving (17.598733ms)
✔ W2 Drawer capture rejects wrong width, hidden critical controls and overflow (1.851224ms)
✔ Vercel routes M5 native RAFI endpoints to isolated preview functions (13.570673ms)
✔ mobile bundle never embeds privileged provider or Supabase server credentials (0.686715ms)
✔ native RAFI gateways require the authenticated Supabase session token (0.268825ms)
✔ server-side native RAFI functions are preview-only and staging-pinned (0.324002ms)
✔ Magic Loop retains canonical request id across matching to found (0.830158ms)
✔ mobile gateway response preserves diagnostic and labour semantics without calculating or decoding (1.963999ms)
✔ notification routing opens the exact mission for the matching universe (5.724331ms)
✔ notification routing never crosses Client and Artisan universes (0.188951ms)
✔ notification routing supports useful workspace destinations and safe fallback (0.290796ms)
✔ RAFI local rules classify common FIXEO needs without AI cost (1.904916ms)
✔ RAFI does not invent a trade for an unknown short need (3.614524ms)
✔ RAFI keeps ambiguous room-level requests unclassified until the user adds a concrete problem (0.327786ms)
✔ W3 eight semantic states and French labels are exhaustive; legacy calls retain identity (5.287789ms)
✔ W3 client maps only known facts, keeps creation distinct from matching and validation from success (0.227827ms)
✔ W3 artisan derives priorities from the actual mission, offers, acceptance and load-error inputs (0.368985ms)
✔ success is consumed once, never replayed by polling, focus, or Reduced Motion changes (0.451473ms)
✔ all sizes and motion peaks stay within frame; compact fits unchanged W2 56px host (0.44459ms)
✔ activity shares one native listener and cleans up the last subscriber (0.310175ms)
✔ presence engine has no backend or per-frame React side effects; visual material is centralized (0.540307ms)
✔ W3 keeps certified Artisan mission/evidence source byte-identical to post-W2 (0.873164ms)
✔ RAFI keeps manual problem and city as user-declared facts (3.360833ms)
✔ RAFI preserves explicit user confirmation of an AI-assisted description (0.308491ms)
✔ RAFI context omits empty facts (0.242836ms)
✔ Shell subpages do not render legacy duplicate back rows (33.781386ms)
✔ Client workspace detail pages use bounded loading and foreground refresh (9.469595ms)
✔ W2 client: real Drawer routes and active state (3.410306ms)
✔ W2 artisan: real Drawer routes and active state (0.436492ms)
✔ W2 Dock opts in only workspace roots, excludes forms/auth/missions/unknown/cross-role routes (3.131829ms)
✔ W2 Dock limits, duplicate guard, visibility and badges (1.690145ms)
✔ W2 floating reservation and enlarged text: safe area + height + gaps counted once (4.622163ms)
✔ W2 targets and Reduced Motion: DS2, no pressed transform, no delayed close (0.764952ms)
✔ W2 installed StackRouter: no duplicate roots, detail preserves return history (3.017004ms)
✔ W2 actual JSX: one stable Shell per screen; docks only on the two overviews (257.400219ms)
✔ W2 Dock yields space to content when enlarged header/toolbar or landscape leaves insufficient room (0.468184ms)
✔ W2 root right-actions preserve their parent context; subpage right-actions return to an existing root (34.937898ms)
"shadow*" style props are deprecated. Use "boxShadow".
props.pointerEvents is deprecated. Use style.pointerEvents
✔ W2 real Drawer/Dock/controls render accessible states with React Native Web (1157.839233ms)
ℹ tests 85
ℹ suites 0
ℹ pass 85
ℹ fail 0
ℹ cancelled 0
ℹ skipped 0
ℹ todo 0
ℹ duration_ms 3406.457713
