✔ critical registration requires explicit acknowledgement of the exact immutable result (3.35311ms)
✔ old dossiers, noncritical results, stale revisions and invalid phone cannot use critical registration (1.240702ms)
✔ acknowledged critical API uses existing quota gates and one atomic registration RPC; never calls pricing, AI or direct dispatch (8.141175ms)
✔ broken electrical equipment alone warns and routes urgently to an electrician without certifying safety (155.843362ms)
✔ critical electrical and fire signs stop before any media download or AI call (1.46006ms)
✔ technical risk cannot clear confirmed, previous, model or uncertain critical signals (1.535258ms)
✔ explicit negations do not invent technical risk or clear another positive mention (0.390479ms)
✔ photo-only electrical risk is retained independently of synthesis; any photo critical sign wins (63.343427ms)
✔ technical-risk result can enter the existing handoff with electrician and urgent context; critical results cannot (6.751601ms)
✔ production regression: informative electrical photo + valid literal finding + normal visual-check language yields a complete noncritical result (419.942323ms)
✔ normal diagnostic vocabulary in problem is not forged photo provenance (0.866254ms)
✔ normal diagnostic vocabulary in hypotheses is not forged photo provenance (0.490008ms)
✔ normal diagnostic vocabulary in urgency_reason is not forged photo provenance (0.603076ms)
✔ normal diagnostic vocabulary in checks is not forged photo provenance (0.261381ms)
✔ normal diagnostic vocabulary in possible_parts is not forged photo provenance (0.234624ms)
✔ photo-only inference retains isolated facts without manufacturing a customer declaration (133.87781ms)
✔ valid electrical-photo paraphrase cannot trigger a false 502: only literal isolated findings become photo proof (86.672458ms)
✔ unsupported photographic prose is removed in all fields without inventing replacements or losing danger signals (1.674271ms)
✔ normalization log metadata contains only known field labels (0.82567ms)
✔ a multi-sentence isolated observation remains valid when used as the grounded replacement (0.803583ms)
✔ inconclusive photo supports useful text analysis, never a visual finding (93.744483ms)
✔ text only permits normal photo/observation vocabulary without vision or observed provenance (2.722976ms)
✔ literal photo attribution is allowed only when the entire claim belongs to isolated vision (1.475059ms)
✔ every prose field rejects an invented affirmative visual claim with the field label only (0.883703ms)
✔ a real visible finding can be referenced literally; generic photography and visibility vocabulary does not require fake observations (0.813185ms)
✔ analyze HTTP action finishes and returns 200 for the valid electrical-photo regression (85.070823ms)
✔ missing/nonempty synthesis observations have distinct instrumentation and fail closed even when copied correctly (0.598827ms)
✔ engine observation comparison is structural, independent of object key order, and rejects every changed fact component (0.617862ms)
✔ photo evidence identifies exact structural failures, without logging IDs or observations (0.528348ms)
✔ provider provenance and media validation remain strict and independently identifiable (0.411577ms)
✔ critical visual danger takes precedence over contradicting text and a lower-risk synthesis (92.52075ms)
✔ contradicting user description never contaminates the isolated photographic facts (62.627455ms)
✔ real text danger remains a pre-AI stop; no photo or model call (1.549752ms)
✔ production error log includes only trusted branch/condition/field, not evidence or attacker-supplied metadata (1.727557ms)
✔ informative evidence and qualified trade: zero questions (9.369275ms)
✔ ambiguous photo: only a relevant area question (0.747835ms)
✔ unknown/skipped answers are never asked again (0.22194ms)
✔ maximum two questions across rounds (0.188421ms)
✔ known onset/area/frequency are not asked again (1.102349ms)
✔ unrelated gas and structure questions omitted (0.503259ms)
✔ critical routing never yields qualification questions (0.259042ms)
✔ area choices match plomberie, never another trade's surfaces (1.600293ms)
✔ area choices match electricite, never another trade's surfaces (3.357627ms)
✔ area choices match climatisation, never another trade's surfaces (0.755091ms)
✔ area choices match maconnerie, never another trade's surfaces (2.134838ms)
✔ area choices match autre, never another trade's surfaces (0.228546ms)
✔ already-known plomberie facts skip onset: Une fuite (0.295462ms)
✔ already-known plomberie facts skip affected_area: Sous mon lavabo (0.22051ms)
✔ already-known electricite facts skip affected_area: Ma prise ne fonctionne plus (0.504487ms)
✔ already-known climatisation facts skip affected_area: L’unité extérieure fait du bruit (0.169376ms)
✔ already-known maconnerie facts skip affected_area: Une fissure sur mon mur (0.08896ms)
✔ already-known serrurerie facts skip affected_area: Ma porte est bloquée (0.21948ms)
✔ already-known serrurerie facts skip occurrence: Clé perdue (0.341605ms)
✔ clear locksmith needs zero questions, including a short description (0.261719ms)
✔ two questions total, including optional/skipped answers over later rounds (0.520069ms)
✔ photo facts and the effective electrical risk trade control area routing (0.308849ms)
✔ exact selected run, revision, completed state and current risk contract required (1.633047ms)
✔ reuse only the authenticated owner profile phone (1.546581ms)
✔ TECHNICAL uses canonical quote RPC, server facts and deterministic retry credentials (2.456978ms)
✔ URGENT uses canonical quote RPC, server facts and deterministic retry credentials (0.853434ms)
✔ critical acknowledgement cannot be skipped, falsified or used for another run (1.221295ms)
✔ truthful lifecycle: queue is not contact (0.861909ms)
✔ truthful lifecycle: CONTACTED alone is not delivery (1.186861ms)
✔ truthful lifecycle: outbox pending is not sent (0.404612ms)
✔ truthful lifecycle: SENT without delivery evidence is not sent (0.459062ms)
✔ truthful lifecycle: real send is not acceptance (0.425663ms)
✔ truthful lifecycle: assigned without mission remains unconfirmed (2.685732ms)
✔ truthful lifecycle: assigned with pending mission is confirmed (0.555922ms)
✔ truthful lifecycle: in progress mission (0.374926ms)
✔ truthful lifecycle: finished mission (0.243988ms)
✔ truthful lifecycle: cancelled request (3.221404ms)
✔ followup failures preserve registration and require only a read retry (0.430048ms)
✔ confirmation_context retains same-origin, owner lock and quota gates (5.108778ms)
✔ confirm_intervention retains same-origin, owner lock and quota gates (0.999097ms)
✔ intervention_status retains same-origin, owner lock and quota gates (0.618384ms)
✔ neutral synthetic photo is deterministically inconclusive; no visual findings are requested or invented (423.305733ms)
✔ informative photo is read without description or answers; only its exact isolated facts are displayed as observed (184.286486ms)
✔ useful description survives an inconclusive photo and retains its own provenance, including in the legacy modal (89.604808ms)
✔ synthesis cannot invent photographic evidence: forged provenance fails, unsupported prose never reaches the result (136.843268ms)
✔ missing, duplicate, unknown or contradictory photo evidence fails closed (0.694531ms)
✔ real declared danger still stops before photo download or AI, even with a neutral photo (0.440025ms)
✔ isolated visual danger cannot be cancelled by the text synthesis or a user negation (86.313411ms)
✔ isolated technical electrical risk survives synthesis and keeps photo-only routing open with fixed guidance (90.826841ms)
✔ multiple photos keep separate evidence; a uniform photo cannot inherit findings from an informative photo (187.62182ms)
✔ both provider passes share the original timeout budget (66.852116ms)
✔ engine refuses findings not copied from the isolated photo evidence (1.414912ms)
✔ provider adapter sends only bounded evidence, no tools, no persistence; validates completed/refusal states (167.21875ms)
✔ money and repair instructions hidden in free result fields are rejected; model danger cannot become user confirmation (11.297729ms)
✔ public activation fails closed until all operational prerequisites are acknowledged; video always OFF (1.023326ms)
✔ risk matrix: électricité — Prise cassée avec un fil apparent. → URGENT (225.849598ms)
✔ risk matrix: électricité — Des étincelles actives sortent de la prise. → CRITICAL (0.636713ms)
✔ risk matrix: plomberie — Petite fuite sous le lavabo. → TECHNICAL (5.318047ms)
✔ risk matrix: plomberie — Grosse fuite maîtrisable. → URGENT (2.380962ms)
✔ risk matrix: plomberie — Une fuite importante est contenue. → URGENT (2.030601ms)
✔ risk matrix: plomberie — Une fuite incontrôlable. → CRITICAL (0.753906ms)
✔ risk matrix: plomberie/électricité — Eau en contact avec l’installation électrique. → CRITICAL (0.55542ms)
✔ risk matrix: gaz — Appareil à gaz en panne, pas de fuite de gaz. → TECHNICAL (1.44058ms)
✔ risk matrix: gaz — Odeur de gaz près de la chaudière. → CRITICAL (0.558245ms)
✔ risk matrix: serrurerie — Serrure bloquée. → TECHNICAL (1.168847ms)
✔ risk matrix: serrurerie — Serrure bloquée, danger immédiat explicite. → CRITICAL (0.825043ms)
✔ risk matrix: climatisation — Clim en panne. → TECHNICAL (0.819013ms)
✔ risk matrix: climatisation — Une fumée active sort de la climatisation. → CRITICAL (0.431217ms)
✔ risk matrix: maçonnerie — Une fissure simple sur le mur. → TECHNICAL (0.526245ms)
✔ risk matrix: maçonnerie — Une fissure s’agrandit. → URGENT (1.937638ms)
✔ risk matrix: structure — Effondrement en cours. → CRITICAL (0.310287ms)
✔ risk matrix: toiture — Petite infiltration de la toiture. → TECHNICAL (0.692419ms)
✔ risk matrix: toiture — Toiture avec infiltration importante. → URGENT (0.390467ms)
✔ risk matrix: toiture — Des tuiles menacent de tomber. → CRITICAL (0.230463ms)
✔ risk matrix: chauffage — Chauffage en panne. → TECHNICAL (0.320373ms)
✔ risk matrix: chauffage — Chauffage en panne avec fumée active. → CRITICAL (0.152349ms)
✔ risk matrix: chauffe-eau — Chauffe-eau en panne. → TECHNICAL (0.248926ms)
✔ risk matrix: électroménager / autre — Un lave-linge en panne. → TECHNICAL (0.821267ms)
✔ risk matrix: électroménager / autre — Un lave-linge avec fumée active. → CRITICAL (0.550317ms)
✔ severity is independent of trade: plomberie / TECHNICAL (0.361167ms)
✔ severity is independent of trade: plomberie / URGENT (0.412972ms)
✔ severity is independent of trade: plomberie / CRITICAL (0.224303ms)
✔ severity is independent of trade: electricite / TECHNICAL (0.318708ms)
✔ severity is independent of trade: electricite / URGENT (0.269343ms)
✔ severity is independent of trade: electricite / CRITICAL (0.888079ms)
✔ severity is independent of trade: serrurerie / TECHNICAL (0.21551ms)
✔ severity is independent of trade: serrurerie / URGENT (0.299418ms)
✔ severity is independent of trade: serrurerie / CRITICAL (0.174807ms)
✔ severity is independent of trade: climatisation / TECHNICAL (0.410916ms)
✔ severity is independent of trade: climatisation / URGENT (0.477458ms)
✔ severity is independent of trade: climatisation / CRITICAL (0.18118ms)
✔ severity is independent of trade: bricolage / TECHNICAL (0.728428ms)
✔ severity is independent of trade: bricolage / URGENT (0.387515ms)
✔ severity is independent of trade: bricolage / CRITICAL (3.427982ms)
✔ severity is independent of trade: menuiserie / TECHNICAL (0.128645ms)
✔ severity is independent of trade: menuiserie / URGENT (0.090344ms)
✔ severity is independent of trade: menuiserie / CRITICAL (1.164302ms)
✔ severity is independent of trade: peinture / TECHNICAL (0.186777ms)
✔ severity is independent of trade: peinture / URGENT (0.101216ms)
✔ severity is independent of trade: peinture / CRITICAL (0.532446ms)
✔ severity is independent of trade: maconnerie / TECHNICAL (0.126398ms)
✔ severity is independent of trade: maconnerie / URGENT (0.0775ms)
✔ severity is independent of trade: maconnerie / CRITICAL (0.063029ms)
✔ severity is independent of trade: nettoyage / TECHNICAL (0.065537ms)
✔ severity is independent of trade: nettoyage / URGENT (0.073716ms)
✔ severity is independent of trade: nettoyage / CRITICAL (0.07398ms)
✔ severity is independent of trade: jardinage / TECHNICAL (0.134352ms)
✔ severity is independent of trade: jardinage / URGENT (0.291163ms)
✔ severity is independent of trade: jardinage / CRITICAL (0.084936ms)
✔ severity is independent of trade: demenagement / TECHNICAL (0.069677ms)
✔ severity is independent of trade: demenagement / URGENT (0.069923ms)
✔ severity is independent of trade: demenagement / CRITICAL (0.065316ms)
✔ severity is independent of trade: carrelage / TECHNICAL (0.241554ms)
✔ severity is independent of trade: carrelage / URGENT (0.460442ms)
✔ severity is independent of trade: carrelage / CRITICAL (0.124565ms)
✔ severity is independent of trade: autre / TECHNICAL (0.172095ms)
✔ severity is independent of trade: autre / URGENT (0.21663ms)
✔ severity is independent of trade: autre / CRITICAL (0.148352ms)
✔ a controlled leak never cancels a different active danger or uncertainty (0.53313ms)
✔ critical guidance contains no technical handling instruction even when urgent evidence is also present (0.554533ms)
✔ Fès blocked door since today: qualified trade, no artificial urgency, warning or surface questions (2.23127ms)
✔ business priority without hazard evidence retains its urgency but never invents danger advice (0.252964ms)
✔ a blocked door never suppresses an actual, declared, model or previously recorded hazard (1.615589ms)
✔ explicit local negations reach analysis without certifying safety (34.41609ms)
✔ affirmative hazards and a second positive mention remain blocked (1.526697ms)
✔ questions, uncertainty, exceptions and double negation fail closed (2.044532ms)
✔ negation cannot cancel confirmed, previous or model hazards, or cross fields (2.14179ms)
✔ engine calls provider for the production regression and stops a real hazard before AI (133.149464ms)
✔ transport records request milestones and never retries uncertain quota mutations (525.501066ms)
✔ raw error messages, headers, causes and arbitrary codes never reach trace logs (1.138755ms)
✔ 6 approved services across 20 cities: exact prices and strict qualification without legacy fallback (87.370021ms)
✔ Rendered plumbing questions, parts and diagnosis use customer language with explicit scope (207.250192ms)
✔ Guest repair API hashes credentials, requires exact consent and maps rejected transitions (6.595336ms)
✔ Guest screen shows a single total and credit; acceptance stays disabled until explicit consent (75.988604ms)
✔ Artisan form sends the selected repair, checked scope, declared cash credit and stable proposal identity (71.493158ms)
✔ Artisan financial center uses the recorded fee: repair retention 220/270, diagnostic 160, no second diagnostic revenue (3.960285ms)
✔ Public route view retains only approved destinations and explanation, with legacy string compatibility (2.529358ms)
✔ Real public API preserves diagnostic and utility routes at start and rejects pricing evaluation of blocked sessions (51.528258ms)
✔ The browser renders the diagnostic explanation from the public API view (103.917379ms)
✔ BP 3.3 reference examples, floor and cap (1.498575ms)
✔ centime continuity around floor, band changes and cap (0.353174ms)
✔ materials never increase commission; total reconciles and retention is explicit (0.281462ms)
✔ six pilot hypotheses reconcile without activating prices (0.273563ms)
✔ invalid money and unknown/legacy versions fail rather than being coerced (0.632591ms)
✔ calculation is repeatable, immutable, and does not mutate accepted legacy data (1.156175ms)
✔ commission and total stay monotonic across a broad range (50.737268ms)
✔ Real estimator handler signs persisted VAP and forwards its exact total to atomic confirmation (70.053929ms)
✔ Migrated plumbing fails closed without a calibrated entry (6.628604ms)
✔ Persist offer before issuing signed context; preserve centimes and fail closed (6.611014ms)
✔ JWT SQL: attestation, owner, canonical offer, atomic confirmation, retry/conflict, ACL and Storage RLS (4233.469096ms)
✔ W41 builds only three JWT mobile endpoints; legacy routing preserved for other branches (1.631402ms)
✔ real persisted diagnostic lifecycle → canonical bridge; provenance, Safety exception, owner, revision and expiry (3667.585118ms)
✔ auth, Client, exact target, no privileged fallback, strict inputs (49.299959ms)
✔ real canonical fixed scope → evaluate → verify → authenticated confirmation, tamper and TTL (47.35559ms)
✔ one useful clarification; no Safety questionnaire, real STOP cannot continue (14.138477ms)
✔ attestation binds fixed stage, user, branch, operation, payload, <=60 seconds (0.907884ms)
✔ quota fails closed; provider/SQL detail never reaches mobile (0.465806ms)
ℹ tests 191
ℹ suites 0
ℹ pass 191
ℹ fail 0
ℹ cancelled 0
ℹ skipped 0
ℹ todo 0
ℹ duration_ms 5377.259627
