✔ critical registration requires explicit acknowledgement of the exact immutable result (1.858895ms)
✔ old dossiers, noncritical results, stale revisions and invalid phone cannot use critical registration (0.893855ms)
✔ acknowledged critical API uses existing quota gates and one atomic registration RPC; never calls pricing, AI or direct dispatch (5.205568ms)
✔ broken electrical equipment alone warns and routes urgently to an electrician without certifying safety (162.886297ms)
✔ critical electrical and fire signs stop before any media download or AI call (2.555175ms)
✔ technical risk cannot clear confirmed, previous, model or uncertain critical signals (2.215833ms)
✔ explicit negations do not invent technical risk or clear another positive mention (0.775747ms)
✔ photo-only electrical risk is retained independently of synthesis; any photo critical sign wins (33.641138ms)
✔ technical-risk result can enter the existing handoff with electrician and urgent context; critical results cannot (5.012125ms)
✔ production regression: informative electrical photo + valid literal finding + normal visual-check language yields a complete noncritical result (387.501346ms)
✔ normal diagnostic vocabulary in problem is not forged photo provenance (0.925958ms)
✔ normal diagnostic vocabulary in hypotheses is not forged photo provenance (0.249345ms)
✔ normal diagnostic vocabulary in urgency_reason is not forged photo provenance (0.293197ms)
✔ normal diagnostic vocabulary in checks is not forged photo provenance (0.202075ms)
✔ normal diagnostic vocabulary in possible_parts is not forged photo provenance (0.3992ms)
✔ photo-only inference retains isolated facts without manufacturing a customer declaration (80.222567ms)
✔ valid electrical-photo paraphrase cannot trigger a false 502: only literal isolated findings become photo proof (66.364826ms)
✔ unsupported photographic prose is removed in all fields without inventing replacements or losing danger signals (2.251809ms)
✔ normalization log metadata contains only known field labels (0.636281ms)
✔ a multi-sentence isolated observation remains valid when used as the grounded replacement (0.753005ms)
✔ inconclusive photo supports useful text analysis, never a visual finding (78.959455ms)
✔ text only permits normal photo/observation vocabulary without vision or observed provenance (1.736047ms)
✔ literal photo attribution is allowed only when the entire claim belongs to isolated vision (1.245069ms)
✔ every prose field rejects an invented affirmative visual claim with the field label only (0.625709ms)
✔ a real visible finding can be referenced literally; generic photography and visibility vocabulary does not require fake observations (0.845407ms)
✔ analyze HTTP action finishes and returns 200 for the valid electrical-photo regression (54.817227ms)
✔ missing/nonempty synthesis observations have distinct instrumentation and fail closed even when copied correctly (0.478769ms)
✔ engine observation comparison is structural, independent of object key order, and rejects every changed fact component (0.459209ms)
✔ photo evidence identifies exact structural failures, without logging IDs or observations (0.554486ms)
✔ provider provenance and media validation remain strict and independently identifiable (0.270775ms)
✔ critical visual danger takes precedence over contradicting text and a lower-risk synthesis (44.293561ms)
✔ contradicting user description never contaminates the isolated photographic facts (57.72795ms)
✔ real text danger remains a pre-AI stop; no photo or model call (1.832802ms)
✔ production error log includes only trusted branch/condition/field, not evidence or attacker-supplied metadata (2.57269ms)
✔ informative evidence and qualified trade: zero questions (6.521153ms)
✔ ambiguous photo: only a relevant area question (1.19317ms)
✔ unknown/skipped answers are never asked again (0.198201ms)
✔ maximum two questions across rounds (0.270814ms)
✔ known onset/area/frequency are not asked again (0.719781ms)
✔ unrelated gas and structure questions omitted (0.494881ms)
✔ critical routing never yields qualification questions (0.317457ms)
✔ area choices match plomberie, never another trade's surfaces (1.102768ms)
✔ area choices match electricite, never another trade's surfaces (0.756175ms)
✔ area choices match climatisation, never another trade's surfaces (0.554548ms)
✔ area choices match maconnerie, never another trade's surfaces (0.509409ms)
✔ area choices match autre, never another trade's surfaces (0.27799ms)
✔ already-known plomberie facts skip onset: Une fuite (0.319812ms)
✔ already-known plomberie facts skip affected_area: Sous mon lavabo (0.338024ms)
✔ already-known electricite facts skip affected_area: Ma prise ne fonctionne plus (0.111374ms)
✔ already-known climatisation facts skip affected_area: L’unité extérieure fait du bruit (0.165971ms)
✔ already-known maconnerie facts skip affected_area: Une fissure sur mon mur (0.084769ms)
✔ already-known serrurerie facts skip affected_area: Ma porte est bloquée (0.220923ms)
✔ already-known serrurerie facts skip occurrence: Clé perdue (0.321188ms)
✔ clear locksmith needs zero questions, including a short description (0.28199ms)
✔ two questions total, including optional/skipped answers over later rounds (0.342897ms)
✔ photo facts and the effective electrical risk trade control area routing (0.350642ms)
✔ exact selected run, revision, completed state and current risk contract required (1.555601ms)
✔ reuse only the authenticated owner profile phone (1.035059ms)
✔ TECHNICAL uses canonical quote RPC, server facts and deterministic retry credentials (2.792015ms)
✔ URGENT uses canonical quote RPC, server facts and deterministic retry credentials (0.815431ms)
✔ critical acknowledgement cannot be skipped, falsified or used for another run (0.979786ms)
✔ truthful lifecycle: queue is not contact (1.20433ms)
✔ truthful lifecycle: CONTACTED alone is not delivery (0.528373ms)
✔ truthful lifecycle: outbox pending is not sent (0.43215ms)
✔ truthful lifecycle: SENT without delivery evidence is not sent (0.346199ms)
✔ truthful lifecycle: real send is not acceptance (0.354597ms)
✔ truthful lifecycle: assigned without mission remains unconfirmed (0.457833ms)
✔ truthful lifecycle: assigned with pending mission is confirmed (2.91329ms)
✔ truthful lifecycle: in progress mission (0.213369ms)
✔ truthful lifecycle: finished mission (0.802849ms)
✔ truthful lifecycle: cancelled request (0.261792ms)
✔ followup failures preserve registration and require only a read retry (0.331776ms)
✔ confirmation_context retains same-origin, owner lock and quota gates (3.990335ms)
✔ confirm_intervention retains same-origin, owner lock and quota gates (1.066712ms)
✔ intervention_status retains same-origin, owner lock and quota gates (3.774058ms)
✔ neutral synthetic photo is deterministically inconclusive; no visual findings are requested or invented (247.804224ms)
✔ informative photo is read without description or answers; only its exact isolated facts are displayed as observed (171.238525ms)
✔ useful description survives an inconclusive photo and retains its own provenance, including in the legacy modal (105.184793ms)
✔ synthesis cannot invent photographic evidence: forged provenance fails, unsupported prose never reaches the result (130.633388ms)
✔ missing, duplicate, unknown or contradictory photo evidence fails closed (0.614032ms)
✔ real declared danger still stops before photo download or AI, even with a neutral photo (0.476487ms)
✔ isolated visual danger cannot be cancelled by the text synthesis or a user negation (55.102372ms)
✔ isolated technical electrical risk survives synthesis and keeps photo-only routing open with fixed guidance (92.700437ms)
✔ multiple photos keep separate evidence; a uniform photo cannot inherit findings from an informative photo (116.157581ms)
✔ both provider passes share the original timeout budget (86.020921ms)
✔ engine refuses findings not copied from the isolated photo evidence (12.93361ms)
✔ provider adapter sends only bounded evidence, no tools, no persistence; validates completed/refusal states (134.151125ms)
✔ money and repair instructions hidden in free result fields are rejected; model danger cannot become user confirmation (14.041495ms)
✔ public activation fails closed until all operational prerequisites are acknowledged; video always OFF (0.705318ms)
✔ risk matrix: électricité — Prise cassée avec un fil apparent. → URGENT (161.15799ms)
✔ risk matrix: électricité — Des étincelles actives sortent de la prise. → CRITICAL (1.087439ms)
✔ risk matrix: plomberie — Petite fuite sous le lavabo. → TECHNICAL (4.942887ms)
✔ risk matrix: plomberie — Grosse fuite maîtrisable. → URGENT (3.20185ms)
✔ risk matrix: plomberie — Une fuite importante est contenue. → URGENT (13.045376ms)
✔ risk matrix: plomberie — Une fuite incontrôlable. → CRITICAL (0.699349ms)
✔ risk matrix: plomberie/électricité — Eau en contact avec l’installation électrique. → CRITICAL (0.557028ms)
✔ risk matrix: gaz — Appareil à gaz en panne, pas de fuite de gaz. → TECHNICAL (1.37824ms)
✔ risk matrix: gaz — Odeur de gaz près de la chaudière. → CRITICAL (0.485849ms)
✔ risk matrix: serrurerie — Serrure bloquée. → TECHNICAL (1.167717ms)
✔ risk matrix: serrurerie — Serrure bloquée, danger immédiat explicite. → CRITICAL (1.273619ms)
✔ risk matrix: climatisation — Clim en panne. → TECHNICAL (0.67527ms)
✔ risk matrix: climatisation — Une fumée active sort de la climatisation. → CRITICAL (0.324478ms)
✔ risk matrix: maçonnerie — Une fissure simple sur le mur. → TECHNICAL (0.520906ms)
✔ risk matrix: maçonnerie — Une fissure s’agrandit. → URGENT (0.622182ms)
✔ risk matrix: structure — Effondrement en cours. → CRITICAL (0.469816ms)
✔ risk matrix: toiture — Petite infiltration de la toiture. → TECHNICAL (0.69997ms)
✔ risk matrix: toiture — Toiture avec infiltration importante. → URGENT (0.483855ms)
✔ risk matrix: toiture — Des tuiles menacent de tomber. → CRITICAL (0.212329ms)
✔ risk matrix: chauffage — Chauffage en panne. → TECHNICAL (0.353491ms)
✔ risk matrix: chauffage — Chauffage en panne avec fumée active. → CRITICAL (0.164661ms)
✔ risk matrix: chauffe-eau — Chauffe-eau en panne. → TECHNICAL (0.504512ms)
✔ risk matrix: électroménager / autre — Un lave-linge en panne. → TECHNICAL (1.27489ms)
✔ risk matrix: électroménager / autre — Un lave-linge avec fumée active. → CRITICAL (0.441096ms)
✔ severity is independent of trade: plomberie / TECHNICAL (0.234581ms)
✔ severity is independent of trade: plomberie / URGENT (0.133777ms)
✔ severity is independent of trade: plomberie / CRITICAL (0.21287ms)
✔ severity is independent of trade: electricite / TECHNICAL (0.151909ms)
✔ severity is independent of trade: electricite / URGENT (0.153446ms)
✔ severity is independent of trade: electricite / CRITICAL (0.187758ms)
✔ severity is independent of trade: serrurerie / TECHNICAL (0.090937ms)
✔ severity is independent of trade: serrurerie / URGENT (0.083826ms)
✔ severity is independent of trade: serrurerie / CRITICAL (0.09678ms)
✔ severity is independent of trade: climatisation / TECHNICAL (0.207506ms)
✔ severity is independent of trade: climatisation / URGENT (0.239394ms)
✔ severity is independent of trade: climatisation / CRITICAL (0.502075ms)
✔ severity is independent of trade: bricolage / TECHNICAL (0.634977ms)
✔ severity is independent of trade: bricolage / URGENT (0.308529ms)
✔ severity is independent of trade: bricolage / CRITICAL (4.396537ms)
✔ severity is independent of trade: menuiserie / TECHNICAL (0.1345ms)
✔ severity is independent of trade: menuiserie / URGENT (0.078627ms)
✔ severity is independent of trade: menuiserie / CRITICAL (0.071064ms)
✔ severity is independent of trade: peinture / TECHNICAL (0.103388ms)
✔ severity is independent of trade: peinture / URGENT (0.067904ms)
✔ severity is independent of trade: peinture / CRITICAL (0.074298ms)
✔ severity is independent of trade: maconnerie / TECHNICAL (0.204935ms)
✔ severity is independent of trade: maconnerie / URGENT (0.070364ms)
✔ severity is independent of trade: maconnerie / CRITICAL (0.063763ms)
✔ severity is independent of trade: nettoyage / TECHNICAL (0.092989ms)
✔ severity is independent of trade: nettoyage / URGENT (0.068339ms)
✔ severity is independent of trade: nettoyage / CRITICAL (0.063696ms)
✔ severity is independent of trade: jardinage / TECHNICAL (0.094435ms)
✔ severity is independent of trade: jardinage / URGENT (0.060432ms)
✔ severity is independent of trade: jardinage / CRITICAL (0.059536ms)
✔ severity is independent of trade: demenagement / TECHNICAL (0.05767ms)
✔ severity is independent of trade: demenagement / URGENT (0.055679ms)
✔ severity is independent of trade: demenagement / CRITICAL (0.096954ms)
✔ severity is independent of trade: carrelage / TECHNICAL (0.061542ms)
✔ severity is independent of trade: carrelage / URGENT (0.121102ms)
✔ severity is independent of trade: carrelage / CRITICAL (0.069881ms)
✔ severity is independent of trade: autre / TECHNICAL (0.159503ms)
✔ severity is independent of trade: autre / URGENT (0.069499ms)
✔ severity is independent of trade: autre / CRITICAL (0.105778ms)
✔ a controlled leak never cancels a different active danger or uncertainty (0.779161ms)
✔ critical guidance contains no technical handling instruction even when urgent evidence is also present (0.641942ms)
✔ Fès blocked door since today: qualified trade, no artificial urgency, warning or surface questions (1.706914ms)
✔ business priority without hazard evidence retains its urgency but never invents danger advice (0.190942ms)
✔ a blocked door never suppresses an actual, declared, model or previously recorded hazard (1.520657ms)
✔ explicit local negations reach analysis without certifying safety (25.932503ms)
✔ affirmative hazards and a second positive mention remain blocked (1.530485ms)
✔ questions, uncertainty, exceptions and double negation fail closed (2.375817ms)
✔ negation cannot cancel confirmed, previous or model hazards, or cross fields (0.888042ms)
✔ engine calls provider for the production regression and stops a real hazard before AI (151.819723ms)
✔ transport records request milestones and never retries uncertain quota mutations (523.774149ms)
✔ raw error messages, headers, causes and arbitrary codes never reach trace logs (2.588771ms)
✔ 6 approved services across 20 cities: exact prices and strict qualification without legacy fallback (106.819526ms)
✔ Rendered plumbing questions, parts and diagnosis use customer language with explicit scope (195.112845ms)
✔ Guest repair API hashes credentials, requires exact consent and maps rejected transitions (4.788565ms)
✔ Guest screen shows a single total and credit; acceptance stays disabled until explicit consent (51.398965ms)
✔ Artisan form sends the selected repair, checked scope, declared cash credit and stable proposal identity (67.138201ms)
✔ Artisan financial center uses the recorded fee: repair retention 220/270, diagnostic 160, no second diagnostic revenue (3.200875ms)
✔ Public route view retains only approved destinations and explanation, with legacy string compatibility (2.339492ms)
✔ Real public API preserves diagnostic and utility routes at start and rejects pricing evaluation of blocked sessions (54.884206ms)
✔ The browser renders the diagnostic explanation from the public API view (94.934633ms)
✔ BP 3.3 reference examples, floor and cap (3.931799ms)
✔ centime continuity around floor, band changes and cap (0.660033ms)
✔ materials never increase commission; total reconciles and retention is explicit (0.34269ms)
✔ six pilot hypotheses reconcile without activating prices (0.357191ms)
✔ invalid money and unknown/legacy versions fail rather than being coerced (0.664429ms)
✔ calculation is repeatable, immutable, and does not mutate accepted legacy data (0.865426ms)
✔ commission and total stay monotonic across a broad range (41.614644ms)
✔ Real estimator handler signs persisted VAP and forwards its exact total to atomic confirmation (32.401577ms)
✔ Migrated plumbing fails closed without a calibrated entry (8.138842ms)
✔ Persist offer before issuing signed context; preserve centimes and fail closed (7.07818ms)
✔ JWT SQL: attestation, owner, canonical offer, atomic confirmation, retry/conflict, ACL and Storage RLS (2042.55388ms)
✔ W41 builds only three JWT mobile endpoints; legacy routing preserved for other branches (2.250498ms)
✔ real persisted diagnostic lifecycle → canonical bridge; provenance, Safety exception, owner, revision and expiry (2107.381951ms)
✔ auth, Client, exact target, no privileged fallback, strict inputs (84.248583ms)
✔ real canonical fixed scope → evaluate → verify → authenticated confirmation, tamper and TTL (31.736111ms)
✔ one useful clarification; no Safety questionnaire, real STOP cannot continue (9.391425ms)
✔ attestation binds fixed stage, user, branch, operation, payload, <=60 seconds (0.461736ms)
✔ quota fails closed; provider/SQL detail never reaches mobile (0.66032ms)
(node:183) ExperimentalWarning: stripTypeScriptTypes is an experimental feature and might change at any time
(Use `node --trace-warnings ...` to show where the warning was created)
✔ proxy allows only three authenticated routes and keeps authority at endpoints (25.242437ms)
✔ proxy bounds input/output, fails closed on upstream timeout/non-JSON and missing config (15.394515ms)
{"event":"mobile_rafi_voice_gateway_error","code":"AUTH_REQUIRED","status":401,"latency_ms":0}
{"event":"mobile_rafi_voice_gateway_error","code":"AUTH_REQUIRED","status":401,"latency_ms":2}
{"event":"mobile_rafi_voice_ok","bytes":17,"latency_ms":1}
{"event":"mobile_rafi_voice_ok","bytes":17,"latency_ms":1}
{"event":"mobile_rafi_photo_gateway_error","code":"ROLE_FORBIDDEN","status":403,"latency_ms":11}
{"event":"mobile_rafi_photo_ok","input_bytes":201,"safe_bytes":66,"latency_ms":12,"provider_called":false}
{"event":"mobile_rafi_photo_ok","input_bytes":201,"safe_bytes":66,"latency_ms":7,"provider_called":false}
✔ route authority: Voice shared; ephemeral photo shared; persisted photo Client-only (126.022813ms)
ℹ tests 194
ℹ suites 0
ℹ pass 194
ℹ fail 0
ℹ cancelled 0
ℹ skipped 0
ℹ todo 0
ℹ duration_ms 3198.067913
