npm warn Unknown env config "http-proxy". This will stop working in the next major version of npm.

> fixeo-mobile@0.1.0 test:contracts
> node --import tsx --test tests/*.test.ts

✔ artisan activity does not show a blocking load error when offers load (1.764919ms)
✔ artisan activity does not show a blocking load error when current mission loads (0.163417ms)
✔ artisan activity shows a load error only when both primary activity sources fail (0.380015ms)
✔ W5 personal quote arithmetic preserves explicit prices, rounding and discount (1.191942ms)
✔ W5 incomplete or non-finite quote inputs cannot produce a valid amount (0.658666ms)
✔ W5 ledger states income and expense separately and never substitutes missing money (22.937624ms)
✔ W5 agenda only flags coincident active starts, without inferring duration (6.138701ms)
✔ W5 auth and ownership failures are actionable without exposing server internals (0.96537ms)
✔ W5 Bio separates size rejection from a write whose readback is unconfirmed (0.309688ms)
✔ Home publishes canonical authority and mission while finances are still pending; no duplicate reads (7.287227ms)
✔ One unavailable module does not block other modules; retry checks authority and only retries that module (3.663539ms)
✔ Denied or revoked authority hides every private result including previously ready modules (4.026007ms)
✔ Per-module deadline is a last resort; late responses do not overwrite an explicit retry (15.872949ms)
✔ Overlapping Home and RAFI reads share the request, but a later visit fetches afresh (3.554003ms)
✔ In-flight reads cannot cross an Auth session boundary (2.021095ms)
✔ mobile auth entry resolves only supported mobile universes (1.062506ms)
✔ mobile auth entry hides technical credential and network errors (0.249457ms)
✔ callback configuration accepts only the exact certified staging URL (1.486798ms)
✔ unapproved callback blocks both signup and recovery before any Auth request (142.331757ms)
✔ export activates the exact callback only for the W6 Preview branch (8.501394ms)
✔ callback binds web origin, rejects bearer fragments and accepts only authorization codes (0.783044ms)
✔ W6 deployment maps Expo root URLs to nested build output without changing other branches (19.369606ms)
✔ pre-router callback scrubs the URL and discards legacy tokens before any SDK (1.74587ms)
✔ late Artisan bootstrap cannot publish after logout or replace a Client identity (0.682372ms)
✔ unknown, resolving, offline, recovery and invalid-role states mount no private universe (0.233514ms)
✔ Auth failure categories remain actionable without exposing backend messages (0.791717ms)
✔ W4 Client priorities put validation before intervention, assignment, matching and alerts (2.181649ms)
✔ W4 creation and understanding cannot masquerade as an active artisan search (0.248415ms)
✔ W4 larger RAFI fits both small and standard canvases without changing W3 geometry (0.259893ms)
✔ W4 mission presentation never invents assignment or arrival while loading or unknown (0.576591ms)
✔ W4 notification grouping uses existing event types, read state, and known supersession only (0.37647ms)
✔ an explicit estimate intent is optional; ordinary requests do not select it (1.291193ms)
✔ confirmation preserves opaque server scope and never supplies a local amount or identity (1.500409ms)
✔ quote bridge requires persisted diagnostic; direct unpriced quote stays distinct (0.204299ms)
✔ server STOP denies confirmation even when accompanied by a pricing token (0.359453ms)
✔ only recognized server outcomes permit handoff (0.471442ms)
✔ error copy contains no server internals and separates auth, expiry, safety and recoverable failures (0.590563ms)
✔ malformed server output fails closed, canonical quote id is accepted (1.273826ms)
✔ unclassified canonical safety outcome remains blocking without a service code (0.171268ms)
✔ diagnostic provenance survives confirmation and unknown provenance stays unconfirmed (1.570905ms)
✔ safety and pending analysis or confirmation always block intake (0.796304ms)
✔ all canonical outcomes render literal server amounts, quote and diagnostic are valid outcomes (0.357561ms)
✔ mobile consumes no pricing engine, legacy import or estimator secret; source guard precedes request (1.135306ms)
✔ preventive safety questions are hidden using the real canonical question metadata (8.408874ms)
✔ mild uncertainty has at most one useful qualification, no safety loop or invented answers (0.258591ms)
✔ a real STOP is never locally cleared, including after confirmation or exit (0.333134ms)
✔ W6 preserves W4/W5 business services, mission engine and unchanged W2/W3 components byte-for-byte (2.711229ms)
✔ W4 keeps original request, auth, watch, load, evidence, validation and adjustment callbacks (133.210928ms)
✔ W4 request contract remains four arguments including normalized city and no GPS (1.727412ms)
✔ W4 cities are a verbatim projection of the existing canonical public catalogue (3.850121ms)
✔ W4 foreground success returns only a city and never returns GPS coordinates (0.697024ms)
✔ W4 denied and permanently denied permissions never reach the location provider (0.362138ms)
✔ W4 disabled GPS, native errors and unsupported web all retain a manual fallback result (0.444923ms)
✔ W4 geocoding uses cities, known city aliases only for subregions, never guesses a province (0.582711ms)
✔ W4 timeout discards late fixes before geocoding and never requests GPS after a late permission (34.827888ms)
✔ W4 cancelled or backgrounded requests do no further location work (0.632056ms)
✔ W4 native configuration is foreground only and SDK-compatible (0.880311ms)
✔ Client cockpit always prioritizes an active intervention over alerts (5.662742ms)
✔ Artisan cockpit prioritizes mission, then offers, then availability and private activity (0.383961ms)
✔ DS2 real primitives render their accessible states with the installed React Native Web adapter (640.07137ms)
✔ DS2 retains every P1–P7 token value while new screens opt into semantic roles (1.925591ms)
✔ DS2 supported foreground/surface pairings preserve readable contrast (0.798627ms)
✔ DS2 typography reserves readable line height and moderate emphasis (0.237709ms)
✔ screen metrics preserve portrait padding, protect side cutouts and reserve floating controls once (0.416941ms)
✔ busy and disabled states cannot be weakened by accessibility overrides (0.325923ms)
✔ reduced motion retains press feedback without spatial transform; disabled never presses (0.308677ms)
✔ all motion presets remove both duration and orchestration delay under Reduced Motion (0.309968ms)
✔ motion preference shares one native subscription, defaults static and releases it (0.480366ms)
✔ late preference read cannot override a newer native event or an unmounted generation (0.411472ms)
✔ preference read failures leave content static and visible (0.447045ms)
✔ Agenda inputs format naturally without technical ISO syntax (0.963907ms)
✔ Agenda rejects impossible dates and invalid times (0.820701ms)
✔ Mobile UI deadline resolves fast work and bounds stalled work (16.853662ms)
✔ dispatch feed accepts only canonical active queue offers (6.721122ms)
✔ dispatch feed fails closed on malformed RPC payload (0.235336ms)
✔ W2 Drawer capture accepts final geometry and the 390px width cap (1.886662ms)
✔ W2 Drawer capture rejects mounted controls while the panel is off-screen or moving (4.630782ms)
✔ W2 Drawer capture rejects wrong width, hidden critical controls and overflow (1.376491ms)
✔ Vercel routes M5 native RAFI endpoints to isolated preview functions (1.416512ms)
✔ mobile bundle never embeds privileged provider or Supabase server credentials (0.476821ms)
✔ native RAFI gateways require the authenticated Supabase session token (0.304821ms)
✔ server-side native RAFI functions are preview-only and staging-pinned (0.210619ms)
✔ Magic Loop retains canonical request id across matching to found (1.29658ms)
✔ mobile gateway response preserves diagnostic and labour semantics without calculating or decoding (1.713801ms)
✔ notification routing opens the exact mission for the matching universe (2.080015ms)
✔ notification routing never crosses Client and Artisan universes (0.3371ms)
✔ notification routing supports useful workspace destinations and safe fallback (0.285512ms)
✔ PB1 native RAFI regression: RN AbortSignal has no timeout; corrected estimator reaches HTTP (82.038943ms)
✔ PB1 fetch deadline covers a stalled body and clears completed timers (28.424741ms)
✔ PB1 canonical city selection works empty, exact, partial and without accents (2.066144ms)
✔ PB1 city write boundaries preserve request idempotency and profile ownership (12.337173ms)
✔ PB1 real Auth owner preserves screen identity during foreground, blocks access, and handles offline retry (25.178748ms)
✔ PB1 revalidation cannot restore a revoked or switched identity (0.164518ms)
✔ PB1 date/time picker preserves manual masks and device-local time (1.406056ms)
✔ PB1 finance labels never expose raw enums and preserve linked/independent movements (0.249036ms)
✔ PB1 business writes retain the same draft, CRM links and independent expense (30.70244ms)
✔ RAFI local rules classify common FIXEO needs without AI cost (1.545296ms)
✔ RAFI does not invent a trade for an unknown short need (0.201304ms)
✔ RAFI keeps ambiguous room-level requests unclassified until the user adds a concrete problem (0.194665ms)
✔ Living Sphere uses six canonical states, with legacy aliases and real action outcomes (5.66792ms)
✔ Living Sphere keeps compact calm, attention quieter, and reduced motion light-only (0.480667ms)
✔ Living Sphere visibility excludes clipped/offscreen content and invalid measurements (0.136446ms)
✔ Living Sphere preserves exact master pixels and static material renderer (1.384223ms)
✔ PB1 canonical and legacy semantic states and French labels are exhaustive; legacy calls retain identity (2.457996ms)
✔ W3 client maps only known facts, keeps creation distinct from matching and validation from success (0.424992ms)
✔ W3 artisan derives priorities from the actual mission, offers, acceptance and load-error inputs (0.20505ms)
✔ success is consumed once, never replayed by polling, focus, or Reduced Motion changes (0.238611ms)
✔ all sizes and motion peaks stay within frame; compact fits unchanged W2 56px host (1.242518ms)
✔ activity shares one native listener and cleans up the last subscriber (0.391122ms)
✔ presence engine has no backend or per-frame React side effects; visual material is centralized (0.52929ms)
✔ W6 permission explanation preserves the Evidence upload contract (0.292722ms)
✔ RAFI keeps manual problem and city as user-declared facts (1.226525ms)
✔ RAFI preserves explicit user confirmation of an AI-assisted description (0.188024ms)
✔ RAFI context omits empty facts (0.134103ms)
✔ Shell subpages do not render legacy duplicate back rows (11.675153ms)
✔ Client workspace detail pages use bounded loading and foreground refresh (1.795304ms)
✔ W2 client: real Drawer routes and active state (1.948556ms)
✔ W2 artisan: real Drawer routes and active state (0.257089ms)
✔ PB1 dock persists on every canonical top-level route, excludes details/auth/cross-role (1.209478ms)
✔ W2 Dock limits, duplicate guard, visibility and badges (0.463621ms)
✔ W2 floating reservation and enlarged text: safe area + height + gaps counted once (0.469771ms)
✔ W2 targets and Reduced Motion: DS2, no pressed transform, no delayed close (0.308537ms)
✔ W2 installed StackRouter: no duplicate roots, detail preserves return history (4.147862ms)
✔ W2 actual JSX: one stable Shell per screen, including the shared W5 Artisan frame (108.927346ms)
✔ W2 Dock yields space to content when enlarged header/toolbar or landscape leaves insufficient room (0.298431ms)
✔ W2 root right-actions preserve their parent context; subpage right-actions return to an existing root (21.035785ms)
"shadow*" style props are deprecated. Use "boxShadow".
props.pointerEvents is deprecated. Use style.pointerEvents
✔ W2 real Drawer/Dock/controls render accessible states with React Native Web (589.148788ms)
ℹ tests 127
ℹ suites 0
ℹ pass 127
ℹ fail 0
ℹ cancelled 0
ℹ skipped 0
ℹ todo 0
ℹ duration_ms 1883.0176
