npm warn Unknown env config "http-proxy". This will stop working in the next major version of npm.

> fixeo-mobile@0.1.0 test:contracts
> node --import tsx --test tests/*.test.ts

✔ artisan activity does not show a blocking load error when offers load (0.996777ms)
✔ artisan activity does not show a blocking load error when current mission loads (0.181494ms)
✔ artisan activity shows a load error only when both primary activity sources fail (0.189696ms)
✔ W5 personal quote arithmetic preserves explicit prices, rounding and discount (0.814452ms)
✔ W5 incomplete or non-finite quote inputs cannot produce a valid amount (0.364581ms)
✔ W5 ledger states income and expense separately and never substitutes missing money (12.55543ms)
✔ W5 agenda only flags coincident active starts, without inferring duration (3.901638ms)
✔ W5 auth and ownership failures are actionable without exposing server internals (1.199262ms)
✔ W5 Bio separates size rejection from a write whose readback is unconfirmed (0.498603ms)
✔ Home publishes canonical authority and mission while finances are still pending; no duplicate reads (13.272233ms)
✔ One unavailable module does not block other modules; retry checks authority and only retries that module (1.210229ms)
✔ Denied or revoked authority hides every private result including previously ready modules (0.732287ms)
✔ Per-module deadline is a last resort; late responses do not overwrite an explicit retry (16.949182ms)
✔ Overlapping Home and RAFI reads share the request, but a later visit fetches afresh (7.455309ms)
✔ In-flight reads cannot cross an Auth session boundary (0.804476ms)
✔ mobile auth entry resolves only supported mobile universes (1.762685ms)
✔ mobile auth entry hides technical credential and network errors (0.263508ms)
✔ callback configuration accepts only the exact certified staging URL (1.206254ms)
✔ unapproved callback blocks both signup and recovery before any Auth request (157.218413ms)
✔ export activates the exact callback only for the W6 Preview branch (10.533513ms)
✔ callback binds web origin, rejects bearer fragments and accepts only authorization codes (0.640959ms)
✔ W6 deployment maps Expo root URLs to nested build output without changing other branches (17.625273ms)
✔ pre-router callback scrubs the URL and discards legacy tokens before any SDK (1.644015ms)
✔ late Artisan bootstrap cannot publish after logout or replace a Client identity (0.382989ms)
✔ unknown, resolving, offline, recovery and invalid-role states mount no private universe (0.267153ms)
✔ Auth failure categories remain actionable without exposing backend messages (0.676893ms)
✔ W4 Client priorities put validation before intervention, assignment, matching and alerts (1.919281ms)
✔ W4 creation and understanding cannot masquerade as an active artisan search (0.270919ms)
✔ W4 larger RAFI fits both small and standard canvases without changing W3 geometry (0.300093ms)
✔ W4 mission presentation never invents assignment or arrival while loading or unknown (0.50281ms)
✔ W4 notification grouping uses existing event types, read state, and known supersession only (0.56886ms)
✔ an explicit estimate intent is optional; ordinary requests do not select it (1.406777ms)
✔ confirmation preserves opaque server scope and never supplies a local amount or identity (1.429981ms)
✔ quote bridge requires persisted diagnostic; direct unpriced quote stays distinct (0.253113ms)
✔ server STOP denies confirmation even when accompanied by a pricing token (0.202135ms)
✔ only recognized server outcomes permit handoff (0.235536ms)
✔ error copy contains no server internals and separates auth, expiry, safety and recoverable failures (0.807351ms)
✔ malformed server output fails closed, canonical quote id is accepted (0.889485ms)
✔ unclassified canonical safety outcome remains blocking without a service code (0.200854ms)
✔ diagnostic provenance survives confirmation and unknown provenance stays unconfirmed (1.349871ms)
✔ safety and pending analysis or confirmation always block intake (0.302958ms)
✔ all canonical outcomes render literal server amounts, quote and diagnostic are valid outcomes (0.500297ms)
✔ mobile consumes no pricing engine, legacy import or estimator secret; source guard precedes request (1.160324ms)
✔ preventive safety questions are hidden using the real canonical question metadata (7.775283ms)
✔ mild uncertainty has at most one useful qualification, no safety loop or invented answers (0.274715ms)
✔ a real STOP is never locally cleared, including after confirmation or exit (0.385633ms)
✔ W6 preserves W4/W5 business services, mission engine and unchanged W2/W3 components byte-for-byte (2.204352ms)
✔ W4 keeps original request, auth, watch, load, evidence, validation and adjustment callbacks (117.118462ms)
✔ W4 request contract remains four arguments including normalized city and no GPS (0.78054ms)
✔ W4 cities are a verbatim projection of the existing canonical public catalogue (4.222823ms)
✔ W4 foreground success returns only a city and never returns GPS coordinates (1.041074ms)
✔ W4 denied and permanently denied permissions never reach the location provider (0.464632ms)
✔ W4 disabled GPS, native errors and unsupported web all retain a manual fallback result (0.648561ms)
✔ W4 geocoding uses cities, known city aliases only for subregions, never guesses a province (0.564273ms)
✔ W4 timeout discards late fixes before geocoding and never requests GPS after a late permission (36.585965ms)
✔ W4 cancelled or backgrounded requests do no further location work (1.039221ms)
✔ W4 native configuration is foreground only and SDK-compatible (2.669295ms)
✔ Client cockpit always prioritizes an active intervention over alerts (0.870055ms)
✔ Artisan cockpit prioritizes mission, then offers, then availability and private activity (0.347005ms)
✔ DS2 real primitives render their accessible states with the installed React Native Web adapter (683.14392ms)
✔ DS2 retains every P1–P7 token value while new screens opt into semantic roles (1.91871ms)
✔ DS2 supported foreground/surface pairings preserve readable contrast (0.653608ms)
✔ DS2 typography reserves readable line height and moderate emphasis (0.197028ms)
✔ screen metrics preserve portrait padding, protect side cutouts and reserve floating controls once (0.427627ms)
✔ busy and disabled states cannot be weakened by accessibility overrides (0.273704ms)
✔ reduced motion retains press feedback without spatial transform; disabled never presses (0.215145ms)
✔ all motion presets remove both duration and orchestration delay under Reduced Motion (0.268346ms)
✔ motion preference shares one native subscription, defaults static and releases it (0.421637ms)
✔ late preference read cannot override a newer native event or an unmounted generation (3.858142ms)
✔ preference read failures leave content static and visible (0.462909ms)
✔ Agenda inputs format naturally without technical ISO syntax (0.881032ms)
✔ Agenda rejects impossible dates and invalid times (0.716784ms)
✔ Mobile UI deadline resolves fast work and bounds stalled work (15.377265ms)
✔ dispatch feed accepts only canonical active queue offers (1.563293ms)
✔ dispatch feed fails closed on malformed RPC payload (0.139441ms)
✔ W2 Drawer capture accepts final geometry and the 390px width cap (1.85917ms)
✔ W2 Drawer capture rejects mounted controls while the panel is off-screen or moving (3.71158ms)
✔ W2 Drawer capture rejects wrong width, hidden critical controls and overflow (1.314096ms)
✔ Vercel routes M5 native RAFI endpoints to isolated preview functions (1.2965ms)
✔ mobile bundle never embeds privileged provider or Supabase server credentials (0.342488ms)
✔ native RAFI gateways require the authenticated Supabase session token (0.240884ms)
✔ server-side native RAFI functions are preview-only and staging-pinned (0.168705ms)
✔ Magic Loop retains canonical request id across matching to found (0.616101ms)
✔ mobile gateway response preserves diagnostic and labour semantics without calculating or decoding (1.780652ms)
✔ notification routing opens the exact mission for the matching universe (2.088196ms)
✔ notification routing never crosses Client and Artisan universes (0.19185ms)
✔ notification routing supports useful workspace destinations and safe fallback (0.380816ms)
✔ PB1 native RAFI regression: RN AbortSignal has no timeout; corrected estimator reaches HTTP (81.53757ms)
✔ PB1 fetch deadline covers a stalled body and clears completed timers (24.193671ms)
✔ PB1 canonical city selection works empty, exact, partial and without accents (1.304973ms)
✔ PB1 city write boundaries preserve request idempotency and profile ownership (10.334873ms)
✔ PB1 real Auth owner preserves screen identity during foreground, blocks access, and handles offline retry (29.015626ms)
✔ PB1 revalidation cannot restore a revoked or switched identity (0.221916ms)
✔ PB1 date/time picker preserves manual masks and device-local time (1.391583ms)
✔ PB1 finance labels never expose raw enums and preserve linked/independent movements (0.324861ms)
✔ PB1 business writes retain the same draft, CRM links and independent expense (42.224955ms)
✔ RAFI local rules classify common FIXEO needs without AI cost (1.089337ms)
✔ RAFI does not invent a trade for an unknown short need (0.364652ms)
✔ RAFI keeps ambiguous room-level requests unclassified until the user adds a concrete problem (0.164719ms)
✔ Living Sphere uses six canonical states, with legacy aliases and real action outcomes (1.729575ms)
✔ Living Sphere keeps compact calm, attention quieter, and reduced motion light-only (0.779579ms)
✔ Living Sphere visibility excludes clipped/offscreen content and invalid measurements (0.176697ms)
✔ Living Sphere preserves exact master pixels and static material renderer (1.737196ms)
✔ PB1 canonical and legacy semantic states and French labels are exhaustive; legacy calls retain identity (2.638218ms)
✔ W3 client maps only known facts, keeps creation distinct from matching and validation from success (0.262848ms)
✔ W3 artisan derives priorities from the actual mission, offers, acceptance and load-error inputs (0.216657ms)
✔ success is consumed once, never replayed by polling, focus, or Reduced Motion changes (0.475599ms)
✔ all sizes and motion peaks stay within frame; compact fits unchanged W2 56px host (1.048075ms)
✔ activity shares one native listener and cleans up the last subscriber (0.685927ms)
✔ presence engine has no backend or per-frame React side effects; visual material is centralized (2.980395ms)
✔ W6 permission explanation preserves the Evidence upload contract (0.407496ms)
✔ RAFI keeps manual problem and city as user-declared facts (1.687771ms)
✔ RAFI preserves explicit user confirmation of an AI-assisted description (0.214514ms)
✔ RAFI context omits empty facts (0.180523ms)
✔ Shell subpages do not render legacy duplicate back rows (10.196274ms)
✔ Client workspace detail pages use bounded loading and foreground refresh (4.039015ms)
✔ W2 client: real Drawer routes and active state (1.831839ms)
✔ W2 artisan: real Drawer routes and active state (0.473105ms)
✔ PB1 dock persists on every canonical top-level route, excludes details/auth/cross-role (2.42094ms)
✔ W2 Dock limits, duplicate guard, visibility and badges (1.410783ms)
✔ W2 floating reservation and enlarged text: safe area + height + gaps counted once (0.590673ms)
✔ W2 targets and Reduced Motion: DS2, no pressed transform, no delayed close (0.318571ms)
✔ W2 installed StackRouter: no duplicate roots, detail preserves return history (3.747645ms)
✔ W2 actual JSX: one stable Shell per screen, including the shared W5 Artisan frame (82.58542ms)
✔ W2 Dock yields space to content when enlarged header/toolbar or landscape leaves insufficient room (0.295907ms)
✔ W2 root right-actions preserve their parent context; subpage right-actions return to an existing root (16.916853ms)
"shadow*" style props are deprecated. Use "boxShadow".
props.pointerEvents is deprecated. Use style.pointerEvents
✔ W2 real Drawer/Dock/controls render accessible states with React Native Web (530.225127ms)
ℹ tests 127
ℹ suites 0
ℹ pass 127
ℹ fail 0
ℹ cancelled 0
ℹ skipped 0
ℹ todo 0
ℹ duration_ms 1743.815508
