npm warn Unknown env config "http-proxy". This will stop working in the next major version of npm.

> fixeo-mobile@0.1.0 test:contracts
> node --import tsx --test tests/*.test.ts

✔ artisan activity does not show a blocking load error when offers load (1.227548ms)
✔ artisan activity does not show a blocking load error when current mission loads (0.208514ms)
✔ artisan activity shows a load error only when both primary activity sources fail (0.227192ms)
✔ mobile auth entry resolves only supported mobile universes (3.984317ms)
✔ mobile auth entry hides technical credential and network errors (0.319974ms)
✔ W4 Client priorities put validation before intervention, assignment, matching and alerts (2.830419ms)
✔ W4 creation and understanding cannot masquerade as an active artisan search (0.323591ms)
✔ W4 larger RAFI fits both small and standard canvases without changing W3 geometry (1.129297ms)
✔ W4 mission presentation never invents assignment or arrival while loading or unknown (0.613071ms)
✔ W4 notification grouping uses existing event types, read state, and known supersession only (0.897282ms)
✔ an explicit estimate intent is optional; ordinary requests do not select it (1.281819ms)
✔ confirmation preserves opaque server scope and never supplies a local amount or identity (0.998236ms)
✔ quote bridge requires persisted diagnostic; direct unpriced quote stays distinct (4.409583ms)
✔ server STOP denies confirmation even when accompanied by a pricing token (0.309515ms)
✔ only recognized server outcomes permit handoff (0.834622ms)
✔ error copy contains no server internals and separates auth, expiry, safety and recoverable failures (0.562888ms)
✔ malformed server output fails closed, canonical quote id is accepted (0.877967ms)
✔ unclassified canonical safety outcome remains blocking without a service code (0.239755ms)
✔ diagnostic provenance survives confirmation and unknown provenance stays unconfirmed (2.079165ms)
✔ safety and pending analysis or confirmation always block intake (0.585374ms)
✔ all canonical outcomes render literal server amounts, quote and diagnostic are valid outcomes (0.647825ms)
✔ mobile consumes no pricing engine, legacy import or estimator secret; source guard precedes request (1.418095ms)
✔ preventive safety questions are hidden using the real canonical question metadata (10.707777ms)
✔ mild uncertainty has at most one useful qualification, no safety loop or invented answers (0.439175ms)
✔ a real STOP is never locally cleared, including after confirmation or exit (0.651855ms)
✔ W4 preserves all existing services, mission engine, W2, W3, Auth and Artisan sources byte-for-byte (4.950398ms)
✔ W4 keeps original request, auth, watch, load, evidence, validation and adjustment callbacks (150.746818ms)
✔ W4 request contract remains four arguments including normalized city and no GPS (1.176112ms)
✔ W4 cities are a verbatim projection of the existing canonical public catalogue (5.014815ms)
✔ W4 foreground success returns only a city and never returns GPS coordinates (1.008637ms)
✔ W4 denied and permanently denied permissions never reach the location provider (0.647256ms)
✔ W4 disabled GPS, native errors and unsupported web all retain a manual fallback result (0.649914ms)
✔ W4 geocoding uses cities, known city aliases only for subregions, never guesses a province (0.757855ms)
✔ W4 timeout discards late fixes before geocoding and never requests GPS after a late permission (35.6337ms)
✔ W4 cancelled or backgrounded requests do no further location work (0.839502ms)
✔ W4 native configuration is foreground only and SDK-compatible (1.291967ms)
✔ Client cockpit always prioritizes an active intervention over alerts (1.596042ms)
✔ Artisan cockpit prioritizes mission, then offers, then availability and private activity (0.734814ms)
✔ DS2 real primitives render their accessible states with the installed React Native Web adapter (835.441122ms)
✔ DS2 retains every P1–P7 token value while new screens opt into semantic roles (2.932134ms)
✔ DS2 supported foreground/surface pairings preserve readable contrast (1.358878ms)
✔ DS2 typography reserves readable line height and moderate emphasis (0.331376ms)
✔ screen metrics preserve portrait padding, protect side cutouts and reserve floating controls once (0.665695ms)
✔ busy and disabled states cannot be weakened by accessibility overrides (0.572878ms)
✔ reduced motion retains press feedback without spatial transform; disabled never presses (0.678852ms)
✔ all motion presets remove both duration and orchestration delay under Reduced Motion (0.67619ms)
✔ motion preference shares one native subscription, defaults static and releases it (1.008025ms)
✔ late preference read cannot override a newer native event or an unmounted generation (0.741959ms)
✔ preference read failures leave content static and visible (0.599304ms)
✔ Agenda inputs format naturally without technical ISO syntax (1.432043ms)
✔ Agenda rejects impossible dates and invalid times (1.030198ms)
✔ Mobile UI deadline resolves fast work and bounds stalled work (16.859058ms)
✔ dispatch feed accepts only canonical active queue offers (2.50647ms)
✔ dispatch feed fails closed on malformed RPC payload (0.558117ms)
✔ W2 Drawer capture accepts final geometry and the 390px width cap (7.350061ms)
✔ W2 Drawer capture rejects mounted controls while the panel is off-screen or moving (9.722794ms)
✔ W2 Drawer capture rejects wrong width, hidden critical controls and overflow (3.017817ms)
✔ Vercel routes M5 native RAFI endpoints to isolated preview functions (3.535858ms)
✔ mobile bundle never embeds privileged provider or Supabase server credentials (0.842078ms)
✔ native RAFI gateways require the authenticated Supabase session token (0.414581ms)
✔ server-side native RAFI functions are preview-only and staging-pinned (0.259705ms)
✔ Magic Loop retains canonical request id across matching to found (4.170419ms)
✔ mobile gateway response preserves diagnostic and labour semantics without calculating or decoding (2.498478ms)
✔ notification routing opens the exact mission for the matching universe (3.231789ms)
✔ notification routing never crosses Client and Artisan universes (0.354027ms)
✔ notification routing supports useful workspace destinations and safe fallback (2.548828ms)
✔ RAFI local rules classify common FIXEO needs without AI cost (1.486333ms)
✔ RAFI does not invent a trade for an unknown short need (0.222188ms)
✔ RAFI keeps ambiguous room-level requests unclassified until the user adds a concrete problem (0.274327ms)
✔ W3 eight semantic states and French labels are exhaustive; legacy calls retain identity (2.768454ms)
✔ W3 client maps only known facts, keeps creation distinct from matching and validation from success (0.39762ms)
✔ W3 artisan derives priorities from the actual mission, offers, acceptance and load-error inputs (0.296495ms)
✔ success is consumed once, never replayed by polling, focus, or Reduced Motion changes (0.356941ms)
✔ all sizes and motion peaks stay within frame; compact fits unchanged W2 56px host (0.6049ms)
✔ activity shares one native listener and cleans up the last subscriber (0.500841ms)
✔ presence engine has no backend or per-frame React side effects; visual material is centralized (0.674009ms)
✔ W3 keeps certified Artisan mission/evidence source byte-identical to post-W2 (0.691747ms)
✔ RAFI keeps manual problem and city as user-declared facts (2.608368ms)
✔ RAFI preserves explicit user confirmation of an AI-assisted description (0.25487ms)
✔ RAFI context omits empty facts (0.321104ms)
✔ Shell subpages do not render legacy duplicate back rows (16.936452ms)
✔ Client workspace detail pages use bounded loading and foreground refresh (2.727617ms)
✔ W2 client: real Drawer routes and active state (2.462781ms)
✔ W2 artisan: real Drawer routes and active state (0.409523ms)
✔ W2 Dock opts in only workspace roots, excludes forms/auth/missions/unknown/cross-role routes (2.439994ms)
✔ W2 Dock limits, duplicate guard, visibility and badges (1.575763ms)
✔ W2 floating reservation and enlarged text: safe area + height + gaps counted once (0.608162ms)
✔ W2 targets and Reduced Motion: DS2, no pressed transform, no delayed close (0.311234ms)
✔ W2 installed StackRouter: no duplicate roots, detail preserves return history (2.14513ms)
✔ W2 actual JSX: one stable Shell per screen; docks only on the two overviews (258.866106ms)
✔ W2 Dock yields space to content when enlarged header/toolbar or landscape leaves insufficient room (0.812436ms)
✔ W2 root right-actions preserve their parent context; subpage right-actions return to an existing root (73.080059ms)
"shadow*" style props are deprecated. Use "boxShadow".
props.pointerEvents is deprecated. Use style.pointerEvents
✔ W2 real Drawer/Dock/controls render accessible states with React Native Web (1413.08391ms)
ℹ tests 93
ℹ suites 0
ℹ pass 93
ℹ fail 0
ℹ cancelled 0
ℹ skipped 0
ℹ todo 0
ℹ duration_ms 2757.005552
