✔ critical registration requires explicit acknowledgement of the exact immutable result (6.803024ms)
✔ old dossiers, noncritical results, stale revisions and invalid phone cannot use critical registration (1.390688ms)
✔ acknowledged critical API uses existing quota gates and one atomic registration RPC; never calls pricing, AI or direct dispatch (9.275397ms)
✔ broken electrical equipment alone warns and routes urgently to an electrician without certifying safety (192.837913ms)
✔ critical electrical and fire signs stop before any media download or AI call (5.312416ms)
✔ technical risk cannot clear confirmed, previous, model or uncertain critical signals (1.066981ms)
✔ explicit negations do not invent technical risk or clear another positive mention (0.329205ms)
✔ photo-only electrical risk is retained independently of synthesis; any photo critical sign wins (49.883645ms)
✔ technical-risk result can enter the existing handoff with electrician and urgent context; critical results cannot (8.001325ms)
✔ production regression: informative electrical photo + valid literal finding + normal visual-check language yields a complete noncritical result (429.526139ms)
✔ normal diagnostic vocabulary in problem is not forged photo provenance (1.568893ms)
✔ normal diagnostic vocabulary in hypotheses is not forged photo provenance (0.31102ms)
✔ normal diagnostic vocabulary in urgency_reason is not forged photo provenance (0.434844ms)
✔ normal diagnostic vocabulary in checks is not forged photo provenance (0.22863ms)
✔ normal diagnostic vocabulary in possible_parts is not forged photo provenance (0.191864ms)
✔ photo-only inference retains isolated facts without manufacturing a customer declaration (139.22852ms)
✔ valid electrical-photo paraphrase cannot trigger a false 502: only literal isolated findings become photo proof (134.652334ms)
✔ unsupported photographic prose is removed in all fields without inventing replacements or losing danger signals (1.671443ms)
✔ normalization log metadata contains only known field labels (0.446349ms)
✔ a multi-sentence isolated observation remains valid when used as the grounded replacement (4.188456ms)
✔ inconclusive photo supports useful text analysis, never a visual finding (119.259638ms)
✔ text only permits normal photo/observation vocabulary without vision or observed provenance (2.443075ms)
✔ literal photo attribution is allowed only when the entire claim belongs to isolated vision (0.85835ms)
✔ every prose field rejects an invented affirmative visual claim with the field label only (9.801124ms)
✔ a real visible finding can be referenced literally; generic photography and visibility vocabulary does not require fake observations (1.282883ms)
✔ analyze HTTP action finishes and returns 200 for the valid electrical-photo regression (128.900671ms)
✔ missing/nonempty synthesis observations have distinct instrumentation and fail closed even when copied correctly (0.44859ms)
✔ engine observation comparison is structural, independent of object key order, and rejects every changed fact component (0.642209ms)
✔ photo evidence identifies exact structural failures, without logging IDs or observations (1.640581ms)
✔ provider provenance and media validation remain strict and independently identifiable (0.604509ms)
✔ critical visual danger takes precedence over contradicting text and a lower-risk synthesis (67.101212ms)
✔ contradicting user description never contaminates the isolated photographic facts (76.207914ms)
✔ real text danger remains a pre-AI stop; no photo or model call (3.25922ms)
✔ production error log includes only trusted branch/condition/field, not evidence or attacker-supplied metadata (1.702215ms)
✔ informative evidence and qualified trade: zero questions (9.417714ms)
✔ ambiguous photo: only a relevant area question (1.521003ms)
✔ unknown/skipped answers are never asked again (0.26545ms)
✔ maximum two questions across rounds (0.259394ms)
✔ known onset/area/frequency are not asked again (0.682265ms)
✔ unrelated gas and structure questions omitted (0.34198ms)
✔ critical routing never yields qualification questions (0.232449ms)
✔ area choices match plomberie, never another trade's surfaces (3.770338ms)
✔ area choices match electricite, never another trade's surfaces (3.983018ms)
✔ area choices match climatisation, never another trade's surfaces (0.630174ms)
✔ area choices match maconnerie, never another trade's surfaces (1.00066ms)
✔ area choices match autre, never another trade's surfaces (0.17767ms)
✔ already-known plomberie facts skip onset: Une fuite (0.283367ms)
✔ already-known plomberie facts skip affected_area: Sous mon lavabo (0.217707ms)
✔ already-known electricite facts skip affected_area: Ma prise ne fonctionne plus (0.102174ms)
✔ already-known climatisation facts skip affected_area: L’unité extérieure fait du bruit (3.444856ms)
✔ already-known maconnerie facts skip affected_area: Une fissure sur mon mur (0.086093ms)
✔ already-known serrurerie facts skip affected_area: Ma porte est bloquée (0.13884ms)
✔ already-known serrurerie facts skip occurrence: Clé perdue (0.124205ms)
✔ clear locksmith needs zero questions, including a short description (0.251244ms)
✔ two questions total, including optional/skipped answers over later rounds (0.294745ms)
✔ photo facts and the effective electrical risk trade control area routing (0.388971ms)
✔ exact selected run, revision, completed state and current risk contract required (3.490714ms)
✔ reuse only the authenticated owner profile phone (2.381363ms)
✔ TECHNICAL uses canonical quote RPC, server facts and deterministic retry credentials (2.687919ms)
✔ URGENT uses canonical quote RPC, server facts and deterministic retry credentials (0.787552ms)
✔ critical acknowledgement cannot be skipped, falsified or used for another run (0.786691ms)
✔ truthful lifecycle: queue is not contact (0.81016ms)
✔ truthful lifecycle: CONTACTED alone is not delivery (0.353757ms)
✔ truthful lifecycle: outbox pending is not sent (0.379997ms)
✔ truthful lifecycle: SENT without delivery evidence is not sent (0.220587ms)
✔ truthful lifecycle: real send is not acceptance (2.148731ms)
✔ truthful lifecycle: assigned without mission remains unconfirmed (0.374306ms)
✔ truthful lifecycle: assigned with pending mission is confirmed (0.288549ms)
✔ truthful lifecycle: in progress mission (0.198066ms)
✔ truthful lifecycle: finished mission (2.542193ms)
✔ truthful lifecycle: cancelled request (0.347265ms)
✔ followup failures preserve registration and require only a read retry (0.347633ms)
✔ confirmation_context retains same-origin, owner lock and quota gates (3.96679ms)
✔ confirm_intervention retains same-origin, owner lock and quota gates (0.847506ms)
✔ intervention_status retains same-origin, owner lock and quota gates (2.573871ms)
✔ neutral synthetic photo is deterministically inconclusive; no visual findings are requested or invented (381.027509ms)
✔ informative photo is read without description or answers; only its exact isolated facts are displayed as observed (221.255715ms)
✔ useful description survives an inconclusive photo and retains its own provenance, including in the legacy modal (121.72975ms)
✔ synthesis cannot invent photographic evidence: forged provenance fails, unsupported prose never reaches the result (199.953409ms)
✔ missing, duplicate, unknown or contradictory photo evidence fails closed (0.758096ms)
✔ real declared danger still stops before photo download or AI, even with a neutral photo (0.55516ms)
✔ isolated visual danger cannot be cancelled by the text synthesis or a user negation (109.385496ms)
✔ isolated technical electrical risk survives synthesis and keeps photo-only routing open with fixed guidance (138.696785ms)
✔ multiple photos keep separate evidence; a uniform photo cannot inherit findings from an informative photo (260.410144ms)
✔ both provider passes share the original timeout budget (213.617839ms)
✔ engine refuses findings not copied from the isolated photo evidence (4.424207ms)
✔ provider adapter sends only bounded evidence, no tools, no persistence; validates completed/refusal states (177.627979ms)
✔ money and repair instructions hidden in free result fields are rejected; model danger cannot become user confirmation (12.575112ms)
✔ public activation fails closed until all operational prerequisites are acknowledged; video always OFF (1.088474ms)
✔ risk matrix: électricité — Prise cassée avec un fil apparent. → URGENT (214.914618ms)
✔ risk matrix: électricité — Des étincelles actives sortent de la prise. → CRITICAL (0.333751ms)
✔ risk matrix: plomberie — Petite fuite sous le lavabo. → TECHNICAL (8.185418ms)
✔ risk matrix: plomberie — Grosse fuite maîtrisable. → URGENT (1.562386ms)
✔ risk matrix: plomberie — Une fuite importante est contenue. → URGENT (2.266246ms)
✔ risk matrix: plomberie — Une fuite incontrôlable. → CRITICAL (0.426524ms)
✔ risk matrix: plomberie/électricité — Eau en contact avec l’installation électrique. → CRITICAL (0.256548ms)
✔ risk matrix: gaz — Appareil à gaz en panne, pas de fuite de gaz. → TECHNICAL (0.676519ms)
✔ risk matrix: gaz — Odeur de gaz près de la chaudière. → CRITICAL (0.469797ms)
✔ risk matrix: serrurerie — Serrure bloquée. → TECHNICAL (0.448835ms)
✔ risk matrix: serrurerie — Serrure bloquée, danger immédiat explicite. → CRITICAL (0.308285ms)
✔ risk matrix: climatisation — Clim en panne. → TECHNICAL (0.338543ms)
✔ risk matrix: climatisation — Une fumée active sort de la climatisation. → CRITICAL (0.129177ms)
✔ risk matrix: maçonnerie — Une fissure simple sur le mur. → TECHNICAL (0.282828ms)
✔ risk matrix: maçonnerie — Une fissure s’agrandit. → URGENT (0.575621ms)
✔ risk matrix: structure — Effondrement en cours. → CRITICAL (0.214247ms)
✔ risk matrix: toiture — Petite infiltration de la toiture. → TECHNICAL (0.295623ms)
✔ risk matrix: toiture — Toiture avec infiltration importante. → URGENT (0.182475ms)
✔ risk matrix: toiture — Des tuiles menacent de tomber. → CRITICAL (0.07561ms)
✔ risk matrix: chauffage — Chauffage en panne. → TECHNICAL (0.300602ms)
✔ risk matrix: chauffage — Chauffage en panne avec fumée active. → CRITICAL (0.110264ms)
✔ risk matrix: chauffe-eau — Chauffe-eau en panne. → TECHNICAL (0.158358ms)
✔ risk matrix: électroménager / autre — Un lave-linge en panne. → TECHNICAL (0.563545ms)
✔ risk matrix: électroménager / autre — Un lave-linge avec fumée active. → CRITICAL (6.110928ms)
✔ severity is independent of trade: plomberie / TECHNICAL (0.192103ms)
✔ severity is independent of trade: plomberie / URGENT (0.120636ms)
✔ severity is independent of trade: plomberie / CRITICAL (0.067935ms)
✔ severity is independent of trade: electricite / TECHNICAL (0.053622ms)
✔ severity is independent of trade: electricite / URGENT (0.06035ms)
✔ severity is independent of trade: electricite / CRITICAL (0.050172ms)
✔ severity is independent of trade: serrurerie / TECHNICAL (0.049358ms)
✔ severity is independent of trade: serrurerie / URGENT (0.049379ms)
✔ severity is independent of trade: serrurerie / CRITICAL (0.051775ms)
✔ severity is independent of trade: climatisation / TECHNICAL (0.080841ms)
✔ severity is independent of trade: climatisation / URGENT (0.165734ms)
✔ severity is independent of trade: climatisation / CRITICAL (0.110547ms)
✔ severity is independent of trade: bricolage / TECHNICAL (0.093113ms)
✔ severity is independent of trade: bricolage / URGENT (0.053909ms)
✔ severity is independent of trade: bricolage / CRITICAL (0.050096ms)
✔ severity is independent of trade: menuiserie / TECHNICAL (0.068418ms)
✔ severity is independent of trade: menuiserie / URGENT (0.047031ms)
✔ severity is independent of trade: menuiserie / CRITICAL (3.125988ms)
✔ severity is independent of trade: peinture / TECHNICAL (0.091518ms)
✔ severity is independent of trade: peinture / URGENT (0.051685ms)
✔ severity is independent of trade: peinture / CRITICAL (0.042609ms)
✔ severity is independent of trade: maconnerie / TECHNICAL (0.039124ms)
✔ severity is independent of trade: maconnerie / URGENT (0.069031ms)
✔ severity is independent of trade: maconnerie / CRITICAL (0.042514ms)
✔ severity is independent of trade: nettoyage / TECHNICAL (0.037537ms)
✔ severity is independent of trade: nettoyage / URGENT (0.036518ms)
✔ severity is independent of trade: nettoyage / CRITICAL (0.036037ms)
✔ severity is independent of trade: jardinage / TECHNICAL (0.036063ms)
✔ severity is independent of trade: jardinage / URGENT (0.036309ms)
✔ severity is independent of trade: jardinage / CRITICAL (0.035315ms)
✔ severity is independent of trade: demenagement / TECHNICAL (0.034497ms)
✔ severity is independent of trade: demenagement / URGENT (0.033611ms)
✔ severity is independent of trade: demenagement / CRITICAL (0.035755ms)
✔ severity is independent of trade: carrelage / TECHNICAL (0.035058ms)
✔ severity is independent of trade: carrelage / URGENT (2.718763ms)
✔ severity is independent of trade: carrelage / CRITICAL (0.154949ms)
✔ severity is independent of trade: autre / TECHNICAL (0.10315ms)
✔ severity is independent of trade: autre / URGENT (0.084413ms)
✔ severity is independent of trade: autre / CRITICAL (0.080855ms)
✔ a controlled leak never cancels a different active danger or uncertainty (0.558429ms)
✔ critical guidance contains no technical handling instruction even when urgent evidence is also present (0.716203ms)
✔ Fès blocked door since today: qualified trade, no artificial urgency, warning or surface questions (2.017418ms)
✔ business priority without hazard evidence retains its urgency but never invents danger advice (0.238813ms)
✔ a blocked door never suppresses an actual, declared, model or previously recorded hazard (1.680263ms)
✔ explicit local negations reach analysis without certifying safety (21.144764ms)
✔ affirmative hazards and a second positive mention remain blocked (2.154436ms)
✔ questions, uncertainty, exceptions and double negation fail closed (3.813867ms)
✔ negation cannot cancel confirmed, previous or model hazards, or cross fields (1.120407ms)
✔ engine calls provider for the production regression and stops a real hazard before AI (175.730042ms)
✔ transport records request milestones and never retries uncertain quota mutations (521.93656ms)
✔ raw error messages, headers, causes and arbitrary codes never reach trace logs (4.751873ms)
✔ 6 approved services across 20 cities: exact prices and strict qualification without legacy fallback (66.682981ms)
✔ Rendered plumbing questions, parts and diagnosis use customer language with explicit scope (195.68169ms)
✔ Guest repair API hashes credentials, requires exact consent and maps rejected transitions (13.496534ms)
✔ Guest screen shows a single total and credit; acceptance stays disabled until explicit consent (121.188787ms)
✔ Artisan form sends the selected repair, checked scope, declared cash credit and stable proposal identity (151.400758ms)
✔ Artisan financial center uses the recorded fee: repair retention 220/270, diagnostic 160, no second diagnostic revenue (13.90324ms)
✔ Public route view retains only approved destinations and explanation, with legacy string compatibility (2.911138ms)
✔ Real public API preserves diagnostic and utility routes at start and rejects pricing evaluation of blocked sessions (69.052701ms)
✔ The browser renders the diagnostic explanation from the public API view (175.165627ms)
✔ BP 3.3 reference examples, floor and cap (3.473793ms)
✔ centime continuity around floor, band changes and cap (0.491755ms)
✔ materials never increase commission; total reconciles and retention is explicit (0.651771ms)
✔ six pilot hypotheses reconcile without activating prices (0.377483ms)
✔ invalid money and unknown/legacy versions fail rather than being coerced (0.883822ms)
✔ calculation is repeatable, immutable, and does not mutate accepted legacy data (1.130554ms)
✔ commission and total stay monotonic across a broad range (67.250079ms)
✔ Real estimator handler signs persisted VAP and forwards its exact total to atomic confirmation (81.429262ms)
✔ Migrated plumbing fails closed without a calibrated entry (10.344204ms)
✔ Persist offer before issuing signed context; preserve centimes and fail closed (16.517531ms)
✔ JWT SQL: attestation, owner, canonical offer, atomic confirmation, retry/conflict, ACL and Storage RLS (2816.289852ms)
✔ W41 builds only three JWT mobile endpoints; legacy routing preserved for other branches (3.413854ms)
✔ real persisted diagnostic lifecycle → canonical bridge; provenance, Safety exception, owner, revision and expiry (2395.47378ms)
✔ auth, Client, exact target, no privileged fallback, strict inputs (297.480564ms)
✔ real canonical fixed scope → evaluate → verify → authenticated confirmation, tamper and TTL (191.298592ms)
✔ one useful clarification; no Safety questionnaire, real STOP cannot continue (15.411619ms)
✔ attestation binds fixed stage, user, branch, operation, payload, <=60 seconds (0.6941ms)
✔ quota fails closed; provider/SQL detail never reaches mobile (0.927836ms)
(node:188) ExperimentalWarning: stripTypeScriptTypes is an experimental feature and might change at any time
(Use `node --trace-warnings ...` to show where the warning was created)
✔ proxy allows only three authenticated routes and keeps authority at endpoints (18.328137ms)
✔ proxy bounds input/output, fails closed on upstream timeout/non-JSON and missing config (11.221988ms)
{"event":"mobile_rafi_voice_gateway_error","code":"AUTH_REQUIRED","status":401,"latency_ms":0}
{"event":"mobile_rafi_voice_gateway_error","code":"AUTH_REQUIRED","status":401,"latency_ms":2}
{"event":"mobile_rafi_voice_ok","bytes":17,"latency_ms":1}
{"event":"mobile_rafi_voice_ok","bytes":17,"latency_ms":2}
{"event":"mobile_rafi_photo_gateway_error","code":"ROLE_FORBIDDEN","status":403,"latency_ms":15}
{"event":"mobile_rafi_photo_ok","input_bytes":201,"safe_bytes":66,"latency_ms":17,"provider_called":false}
{"event":"mobile_rafi_photo_ok","input_bytes":201,"safe_bytes":66,"latency_ms":7,"provider_called":false}
✔ route authority: Voice shared; ephemeral photo shared; persisted photo Client-only (174.126686ms)
ℹ tests 194
ℹ suites 0
ℹ pass 194
ℹ fail 0
ℹ cancelled 0
ℹ skipped 0
ℹ todo 0
ℹ duration_ms 4108.288254
