npm warn Unknown env config "http-proxy". This will stop working in the next major version of npm.

> fixeo-mobile@0.1.0 test:contracts
> node --import tsx --test tests/*.test.ts

✔ artisan activity does not show a blocking load error when offers load (1.189434ms)
✔ artisan activity does not show a blocking load error when current mission loads (0.282485ms)
✔ artisan activity shows a load error only when both primary activity sources fail (0.14312ms)
✔ W5 personal quote arithmetic preserves explicit prices, rounding and discount (1.327356ms)
✔ W5 incomplete or non-finite quote inputs cannot produce a valid amount (6.548862ms)
✔ W5 ledger states income and expense separately and never substitutes missing money (32.054296ms)
✔ W5 agenda only flags coincident active starts, without inferring duration (10.566962ms)
✔ W5 auth and ownership failures are actionable without exposing server internals (3.276785ms)
✔ W5 Bio separates size rejection from a write whose readback is unconfirmed (0.459304ms)
✔ Home publishes canonical authority and mission while finances are still pending; no duplicate reads (16.796766ms)
✔ One unavailable module does not block other modules; retry checks authority and only retries that module (0.758823ms)
✔ Denied or revoked authority hides every private result including previously ready modules (1.732289ms)
✔ Per-module deadline is a last resort; late responses do not overwrite an explicit retry (15.535928ms)
✔ Overlapping Home and RAFI reads share the request, but a later visit fetches afresh (0.769719ms)
✔ In-flight reads cannot cross an Auth session boundary (0.814084ms)
✔ mobile auth entry resolves only supported mobile universes (1.200179ms)
✔ mobile auth entry hides technical credential and network errors (0.295073ms)
✔ callback configuration accepts only the exact certified staging URL (1.853047ms)
✔ unapproved callback blocks both signup and recovery before any Auth request (153.87218ms)
✔ export activates the exact callback only for the W6 Preview branch (6.866697ms)
✔ callback binds web origin, rejects bearer fragments and accepts only authorization codes (0.676241ms)
✔ W6 deployment maps Expo root URLs to nested build output without changing other branches (17.520748ms)
✔ pre-router callback scrubs the URL and discards legacy tokens before any SDK (2.611599ms)
✔ late Artisan bootstrap cannot publish after logout or replace a Client identity (0.806752ms)
✔ unknown, resolving, offline, recovery and invalid-role states mount no private universe (0.307892ms)
✔ Auth failure categories remain actionable without exposing backend messages (0.58672ms)
✔ W4 Client priorities put validation before intervention, assignment, matching and alerts (6.767663ms)
✔ W4 creation and understanding cannot masquerade as an active artisan search (0.929343ms)
✔ W4 larger RAFI fits both small and standard canvases without changing W3 geometry (0.358545ms)
✔ W4 mission presentation never invents assignment or arrival while loading or unknown (0.641971ms)
✔ W4 notification grouping uses existing event types, read state, and known supersession only (3.658594ms)
✔ an explicit estimate intent is optional; ordinary requests do not select it (1.372342ms)
✔ confirmation preserves opaque server scope and never supplies a local amount or identity (0.915723ms)
✔ quote bridge requires persisted diagnostic; direct unpriced quote stays distinct (0.413166ms)
✔ server STOP denies confirmation even when accompanied by a pricing token (0.153345ms)
✔ only recognized server outcomes permit handoff (0.125123ms)
✔ error copy contains no server internals and separates auth, expiry, safety and recoverable failures (0.799412ms)
✔ malformed server output fails closed, canonical quote id is accepted (0.675781ms)
✔ unclassified canonical safety outcome remains blocking without a service code (0.148207ms)
✔ diagnostic provenance survives confirmation and unknown provenance stays unconfirmed (1.346234ms)
✔ safety and pending analysis or confirmation always block intake (0.342913ms)
✔ all canonical outcomes render literal server amounts, quote and diagnostic are valid outcomes (0.462659ms)
✔ mobile consumes no pricing engine, legacy import or estimator secret; source guard precedes request (1.045002ms)
✔ preventive safety questions are hidden using the real canonical question metadata (6.000317ms)
✔ mild uncertainty has at most one useful qualification, no safety loop or invented answers (0.309974ms)
✔ a real STOP is never locally cleared, including after confirmation or exit (0.427677ms)
✔ W6 preserves W4/W5 business services, mission engine and unchanged W2/W3 components byte-for-byte (2.651017ms)
✔ W4 keeps original request, auth, watch, load, evidence, validation and adjustment callbacks (163.005366ms)
✔ W4 request contract remains four arguments including normalized city and no GPS (1.072563ms)
✔ W4 cities are a verbatim projection of the existing canonical public catalogue (4.58991ms)
✔ W4 foreground success returns only a city and never returns GPS coordinates (0.837588ms)
✔ W4 denied and permanently denied permissions never reach the location provider (0.390523ms)
✔ W4 disabled GPS, native errors and unsupported web all retain a manual fallback result (0.51786ms)
✔ W4 geocoding uses cities, known city aliases only for subregions, never guesses a province (0.516497ms)
✔ W4 timeout discards late fixes before geocoding and never requests GPS after a late permission (45.907608ms)
✔ W4 cancelled or backgrounded requests do no further location work (0.477841ms)
✔ W4 native configuration is foreground only and SDK-compatible (0.886029ms)
✔ Client cockpit always prioritizes an active intervention over alerts (0.911536ms)
✔ Artisan cockpit prioritizes mission, then offers, then availability and private activity (0.253071ms)
✔ DS2 real primitives render their accessible states with the installed React Native Web adapter (1120.336746ms)
✔ DS2 retains every P1–P7 token value while new screens opt into semantic roles (4.695635ms)
✔ DS2 supported foreground/surface pairings preserve readable contrast (0.915602ms)
✔ DS2 typography reserves readable line height and moderate emphasis (0.351095ms)
✔ screen metrics preserve portrait padding, protect side cutouts and reserve floating controls once (0.632717ms)
✔ busy and disabled states cannot be weakened by accessibility overrides (0.349542ms)
✔ reduced motion retains press feedback without spatial transform; disabled never presses (0.258739ms)
✔ all motion presets remove both duration and orchestration delay under Reduced Motion (0.264177ms)
✔ motion preference shares one native subscription, defaults static and releases it (0.471691ms)
✔ late preference read cannot override a newer native event or an unmounted generation (1.208321ms)
✔ preference read failures leave content static and visible (0.613479ms)
✔ Agenda inputs format naturally without technical ISO syntax (1.267528ms)
✔ Agenda rejects impossible dates and invalid times (1.019395ms)
✔ Mobile UI deadline resolves fast work and bounds stalled work (17.178056ms)
✔ dispatch feed accepts only canonical active queue offers (1.57546ms)
✔ dispatch feed fails closed on malformed RPC payload (0.17095ms)
✔ W2 Drawer capture accepts final geometry and the 390px width cap (2.089794ms)
✔ W2 Drawer capture rejects mounted controls while the panel is off-screen or moving (4.437956ms)
✔ W2 Drawer capture rejects wrong width, hidden critical controls and overflow (3.224057ms)
✔ Vercel routes M5 native RAFI endpoints to isolated preview functions (1.478768ms)
✔ mobile bundle never embeds privileged provider or Supabase server credentials (0.454296ms)
✔ native RAFI gateways require the authenticated Supabase session token (0.807234ms)
✔ server-side native RAFI functions are preview-only and staging-pinned (0.198151ms)
✔ Magic Loop retains canonical request id across matching to found (1.238936ms)
✔ mobile gateway response preserves diagnostic and labour semantics without calculating or decoding (1.788443ms)
✔ notification routing opens the exact mission for the matching universe (2.027492ms)
✔ notification routing never crosses Client and Artisan universes (0.257838ms)
✔ notification routing supports useful workspace destinations and safe fallback (0.668219ms)
✔ RAFI local rules classify common FIXEO needs without AI cost (2.15529ms)
✔ RAFI does not invent a trade for an unknown short need (4.674103ms)
✔ RAFI keeps ambiguous room-level requests unclassified until the user adds a concrete problem (0.165973ms)
✔ W3 eight semantic states and French labels are exhaustive; legacy calls retain identity (2.351308ms)
✔ W3 client maps only known facts, keeps creation distinct from matching and validation from success (0.299259ms)
✔ W3 artisan derives priorities from the actual mission, offers, acceptance and load-error inputs (4.398279ms)
✔ success is consumed once, never replayed by polling, focus, or Reduced Motion changes (0.255475ms)
✔ all sizes and motion peaks stay within frame; compact fits unchanged W2 56px host (0.536566ms)
✔ activity shares one native listener and cleans up the last subscriber (0.371915ms)
✔ presence engine has no backend or per-frame React side effects; visual material is centralized (0.527153ms)
✔ W6 permission explanation preserves the Evidence upload contract (0.272519ms)
✔ RAFI keeps manual problem and city as user-declared facts (3.182286ms)
✔ RAFI preserves explicit user confirmation of an AI-assisted description (0.243036ms)
✔ RAFI context omits empty facts (0.164341ms)
✔ Shell subpages do not render legacy duplicate back rows (15.578861ms)
✔ Client workspace detail pages use bounded loading and foreground refresh (2.188368ms)
✔ W2 client: real Drawer routes and active state (1.390999ms)
✔ W2 artisan: real Drawer routes and active state (0.296815ms)
✔ W2 Dock opts in only workspace roots, excludes forms/auth/missions/unknown/cross-role routes (0.843647ms)
✔ W2 Dock limits, duplicate guard, visibility and badges (0.482067ms)
✔ W2 floating reservation and enlarged text: safe area + height + gaps counted once (0.509687ms)
✔ W2 targets and Reduced Motion: DS2, no pressed transform, no delayed close (0.275284ms)
✔ W2 installed StackRouter: no duplicate roots, detail preserves return history (1.306425ms)
✔ W2 actual JSX: one stable Shell per screen, including the shared W5 Artisan frame (97.526433ms)
✔ W2 Dock yields space to content when enlarged header/toolbar or landscape leaves insufficient room (0.268574ms)
✔ W2 root right-actions preserve their parent context; subpage right-actions return to an existing root (13.363052ms)
"shadow*" style props are deprecated. Use "boxShadow".
props.pointerEvents is deprecated. Use style.pointerEvents
✔ W2 real Drawer/Dock/controls render accessible states with React Native Web (522.361302ms)
ℹ tests 114
ℹ suites 0
ℹ pass 114
ℹ fail 0
ℹ cancelled 0
ℹ skipped 0
ℹ todo 0
ℹ duration_ms 2626.88757
