✔ critical registration requires explicit acknowledgement of the exact immutable result (2.003578ms)
✔ old dossiers, noncritical results, stale revisions and invalid phone cannot use critical registration (0.958655ms)
✔ acknowledged critical API uses existing quota gates and one atomic registration RPC; never calls pricing, AI or direct dispatch (6.107905ms)
✔ broken electrical equipment alone warns and routes urgently to an electrician without certifying safety (130.603769ms)
✔ critical electrical and fire signs stop before any media download or AI call (1.569902ms)
✔ technical risk cannot clear confirmed, previous, model or uncertain critical signals (1.483935ms)
✔ explicit negations do not invent technical risk or clear another positive mention (0.469508ms)
✔ photo-only electrical risk is retained independently of synthesis; any photo critical sign wins (27.850833ms)
✔ technical-risk result can enter the existing handoff with electrician and urgent context; critical results cannot (5.331517ms)
✔ production regression: informative electrical photo + valid literal finding + normal visual-check language yields a complete noncritical result (293.875019ms)
✔ normal diagnostic vocabulary in problem is not forged photo provenance (0.821184ms)
✔ normal diagnostic vocabulary in hypotheses is not forged photo provenance (0.280111ms)
✔ normal diagnostic vocabulary in urgency_reason is not forged photo provenance (0.158562ms)
✔ normal diagnostic vocabulary in checks is not forged photo provenance (0.126926ms)
✔ normal diagnostic vocabulary in possible_parts is not forged photo provenance (0.105244ms)
✔ photo-only inference retains isolated facts without manufacturing a customer declaration (115.555913ms)
✔ valid electrical-photo paraphrase cannot trigger a false 502: only literal isolated findings become photo proof (55.864454ms)
✔ unsupported photographic prose is removed in all fields without inventing replacements or losing danger signals (2.846803ms)
✔ normalization log metadata contains only known field labels (0.423861ms)
✔ a multi-sentence isolated observation remains valid when used as the grounded replacement (0.742799ms)
✔ inconclusive photo supports useful text analysis, never a visual finding (56.531266ms)
✔ text only permits normal photo/observation vocabulary without vision or observed provenance (1.428394ms)
✔ literal photo attribution is allowed only when the entire claim belongs to isolated vision (0.77023ms)
✔ every prose field rejects an invented affirmative visual claim with the field label only (0.575033ms)
✔ a real visible finding can be referenced literally; generic photography and visibility vocabulary does not require fake observations (0.499623ms)
✔ analyze HTTP action finishes and returns 200 for the valid electrical-photo regression (50.113522ms)
✔ missing/nonempty synthesis observations have distinct instrumentation and fail closed even when copied correctly (0.936052ms)
✔ engine observation comparison is structural, independent of object key order, and rejects every changed fact component (0.37505ms)
✔ photo evidence identifies exact structural failures, without logging IDs or observations (0.362402ms)
✔ provider provenance and media validation remain strict and independently identifiable (0.2932ms)
✔ critical visual danger takes precedence over contradicting text and a lower-risk synthesis (61.743328ms)
✔ contradicting user description never contaminates the isolated photographic facts (37.531315ms)
✔ real text danger remains a pre-AI stop; no photo or model call (1.261419ms)
✔ production error log includes only trusted branch/condition/field, not evidence or attacker-supplied metadata (1.43191ms)
✔ informative evidence and qualified trade: zero questions (7.099248ms)
✔ ambiguous photo: only a relevant area question (0.451312ms)
✔ unknown/skipped answers are never asked again (0.10203ms)
✔ maximum two questions across rounds (0.120857ms)
✔ known onset/area/frequency are not asked again (0.332468ms)
✔ unrelated gas and structure questions omitted (0.189688ms)
✔ critical routing never yields qualification questions (1.46684ms)
✔ area choices match plomberie, never another trade's surfaces (0.687017ms)
✔ area choices match electricite, never another trade's surfaces (0.499222ms)
✔ area choices match climatisation, never another trade's surfaces (0.36157ms)
✔ area choices match maconnerie, never another trade's surfaces (0.827484ms)
✔ area choices match autre, never another trade's surfaces (0.205832ms)
✔ already-known plomberie facts skip onset: Une fuite (0.254373ms)
✔ already-known plomberie facts skip affected_area: Sous mon lavabo (0.159754ms)
✔ already-known electricite facts skip affected_area: Ma prise ne fonctionne plus (0.101369ms)
✔ already-known climatisation facts skip affected_area: L’unité extérieure fait du bruit (0.151472ms)
✔ already-known maconnerie facts skip affected_area: Une fissure sur mon mur (0.09556ms)
✔ already-known serrurerie facts skip affected_area: Ma porte est bloquée (0.176118ms)
✔ already-known serrurerie facts skip occurrence: Clé perdue (0.169879ms)
✔ clear locksmith needs zero questions, including a short description (0.203969ms)
✔ two questions total, including optional/skipped answers over later rounds (0.236807ms)
✔ photo facts and the effective electrical risk trade control area routing (0.303355ms)
✔ exact selected run, revision, completed state and current risk contract required (1.857623ms)
✔ reuse only the authenticated owner profile phone (0.958445ms)
✔ TECHNICAL uses canonical quote RPC, server facts and deterministic retry credentials (1.873857ms)
✔ URGENT uses canonical quote RPC, server facts and deterministic retry credentials (0.546662ms)
✔ critical acknowledgement cannot be skipped, falsified or used for another run (0.64828ms)
✔ truthful lifecycle: queue is not contact (0.659837ms)
✔ truthful lifecycle: CONTACTED alone is not delivery (0.463499ms)
✔ truthful lifecycle: outbox pending is not sent (0.302454ms)
✔ truthful lifecycle: SENT without delivery evidence is not sent (0.272249ms)
✔ truthful lifecycle: real send is not acceptance (0.374529ms)
✔ truthful lifecycle: assigned without mission remains unconfirmed (3.030442ms)
✔ truthful lifecycle: assigned with pending mission is confirmed (0.26637ms)
✔ truthful lifecycle: in progress mission (0.276455ms)
✔ truthful lifecycle: finished mission (0.212161ms)
✔ truthful lifecycle: cancelled request (0.151032ms)
✔ followup failures preserve registration and require only a read retry (0.330474ms)
✔ confirmation_context retains same-origin, owner lock and quota gates (2.466887ms)
✔ confirm_intervention retains same-origin, owner lock and quota gates (0.754596ms)
✔ intervention_status retains same-origin, owner lock and quota gates (0.487084ms)
✔ neutral synthetic photo is deterministically inconclusive; no visual findings are requested or invented (205.208077ms)
✔ informative photo is read without description or answers; only its exact isolated facts are displayed as observed (156.880054ms)
✔ useful description survives an inconclusive photo and retains its own provenance, including in the legacy modal (80.579148ms)
✔ synthesis cannot invent photographic evidence: forged provenance fails, unsupported prose never reaches the result (92.985493ms)
✔ missing, duplicate, unknown or contradictory photo evidence fails closed (0.474746ms)
✔ real declared danger still stops before photo download or AI, even with a neutral photo (0.710892ms)
✔ isolated visual danger cannot be cancelled by the text synthesis or a user negation (68.973352ms)
✔ isolated technical electrical risk survives synthesis and keeps photo-only routing open with fixed guidance (56.113274ms)
✔ multiple photos keep separate evidence; a uniform photo cannot inherit findings from an informative photo (89.79478ms)
✔ both provider passes share the original timeout budget (71.857301ms)
✔ engine refuses findings not copied from the isolated photo evidence (3.201745ms)
✔ provider adapter sends only bounded evidence, no tools, no persistence; validates completed/refusal states (126.308683ms)
✔ money and repair instructions hidden in free result fields are rejected; model danger cannot become user confirmation (6.61649ms)
✔ public activation fails closed until all operational prerequisites are acknowledged; video always OFF (0.543536ms)
✔ risk matrix: électricité — Prise cassée avec un fil apparent. → URGENT (119.347331ms)
✔ risk matrix: électricité — Des étincelles actives sortent de la prise. → CRITICAL (0.720606ms)
✔ risk matrix: plomberie — Petite fuite sous le lavabo. → TECHNICAL (4.363498ms)
✔ risk matrix: plomberie — Grosse fuite maîtrisable. → URGENT (2.379479ms)
✔ risk matrix: plomberie — Une fuite importante est contenue. → URGENT (0.916213ms)
✔ risk matrix: plomberie — Une fuite incontrôlable. → CRITICAL (0.362892ms)
✔ risk matrix: plomberie/électricité — Eau en contact avec l’installation électrique. → CRITICAL (0.316854ms)
✔ risk matrix: gaz — Appareil à gaz en panne, pas de fuite de gaz. → TECHNICAL (0.764131ms)
✔ risk matrix: gaz — Odeur de gaz près de la chaudière. → CRITICAL (0.35496ms)
✔ risk matrix: serrurerie — Serrure bloquée. → TECHNICAL (0.628652ms)
✔ risk matrix: serrurerie — Serrure bloquée, danger immédiat explicite. → CRITICAL (0.369301ms)
✔ risk matrix: climatisation — Clim en panne. → TECHNICAL (0.487215ms)
✔ risk matrix: climatisation — Une fumée active sort de la climatisation. → CRITICAL (0.287692ms)
✔ risk matrix: maçonnerie — Une fissure simple sur le mur. → TECHNICAL (0.262115ms)
✔ risk matrix: maçonnerie — Une fissure s’agrandit. → URGENT (0.495136ms)
✔ risk matrix: structure — Effondrement en cours. → CRITICAL (0.197249ms)
✔ risk matrix: toiture — Petite infiltration de la toiture. → TECHNICAL (0.221345ms)
✔ risk matrix: toiture — Toiture avec infiltration importante. → URGENT (0.456319ms)
✔ risk matrix: toiture — Des tuiles menacent de tomber. → CRITICAL (0.096081ms)
✔ risk matrix: chauffage — Chauffage en panne. → TECHNICAL (0.293911ms)
✔ risk matrix: chauffage — Chauffage en panne avec fumée active. → CRITICAL (0.131353ms)
✔ risk matrix: chauffe-eau — Chauffe-eau en panne. → TECHNICAL (0.328632ms)
✔ risk matrix: électroménager / autre — Un lave-linge en panne. → TECHNICAL (0.292499ms)
✔ risk matrix: électroménager / autre — Un lave-linge avec fumée active. → CRITICAL (0.294051ms)
✔ severity is independent of trade: plomberie / TECHNICAL (0.189678ms)
✔ severity is independent of trade: plomberie / URGENT (0.140776ms)
✔ severity is independent of trade: plomberie / CRITICAL (0.153996ms)
✔ severity is independent of trade: electricite / TECHNICAL (0.121869ms)
✔ severity is independent of trade: electricite / URGENT (0.111904ms)
✔ severity is independent of trade: electricite / CRITICAL (0.117382ms)
✔ severity is independent of trade: serrurerie / TECHNICAL (0.217188ms)
✔ severity is independent of trade: serrurerie / URGENT (0.10863ms)
✔ severity is independent of trade: serrurerie / CRITICAL (0.113236ms)
✔ severity is independent of trade: climatisation / TECHNICAL (0.155908ms)
✔ severity is independent of trade: climatisation / URGENT (0.117372ms)
✔ severity is independent of trade: climatisation / CRITICAL (0.10191ms)
✔ severity is independent of trade: bricolage / TECHNICAL (0.131172ms)
✔ severity is independent of trade: bricolage / URGENT (0.06135ms)
✔ severity is independent of trade: bricolage / CRITICAL (0.043754ms)
✔ severity is independent of trade: menuiserie / TECHNICAL (0.050704ms)
✔ severity is independent of trade: menuiserie / URGENT (0.039718ms)
✔ severity is independent of trade: menuiserie / CRITICAL (0.038747ms)
✔ severity is independent of trade: peinture / TECHNICAL (0.035842ms)
✔ severity is independent of trade: peinture / URGENT (0.046919ms)
✔ severity is independent of trade: peinture / CRITICAL (0.039127ms)
✔ severity is independent of trade: maconnerie / TECHNICAL (0.036644ms)
✔ severity is independent of trade: maconnerie / URGENT (0.105405ms)
✔ severity is independent of trade: maconnerie / CRITICAL (0.036593ms)
✔ severity is independent of trade: nettoyage / TECHNICAL (0.035131ms)
✔ severity is independent of trade: nettoyage / URGENT (0.03396ms)
✔ severity is independent of trade: nettoyage / CRITICAL (0.033178ms)
✔ severity is independent of trade: jardinage / TECHNICAL (0.032468ms)
✔ severity is independent of trade: jardinage / URGENT (0.032788ms)
✔ severity is independent of trade: jardinage / CRITICAL (0.034741ms)
✔ severity is independent of trade: demenagement / TECHNICAL (0.032508ms)
✔ severity is independent of trade: demenagement / URGENT (0.033079ms)
✔ severity is independent of trade: demenagement / CRITICAL (0.033439ms)
✔ severity is independent of trade: carrelage / TECHNICAL (0.03349ms)
✔ severity is independent of trade: carrelage / URGENT (0.084794ms)
✔ severity is independent of trade: carrelage / CRITICAL (0.043694ms)
✔ severity is independent of trade: autre / TECHNICAL (0.052286ms)
✔ severity is independent of trade: autre / URGENT (0.09529ms)
✔ severity is independent of trade: autre / CRITICAL (0.069652ms)
✔ a controlled leak never cancels a different active danger or uncertainty (0.263456ms)
✔ critical guidance contains no technical handling instruction even when urgent evidence is also present (0.568563ms)
✔ Fès blocked door since today: qualified trade, no artificial urgency, warning or surface questions (1.110678ms)
✔ business priority without hazard evidence retains its urgency but never invents danger advice (0.116331ms)
✔ a blocked door never suppresses an actual, declared, model or previously recorded hazard (1.018663ms)
✔ explicit local negations reach analysis without certifying safety (14.490915ms)
✔ affirmative hazards and a second positive mention remain blocked (1.281348ms)
✔ questions, uncertainty, exceptions and double negation fail closed (2.183792ms)
✔ negation cannot cancel confirmed, previous or model hazards, or cross fields (0.601892ms)
✔ engine calls provider for the production regression and stops a real hazard before AI (108.438829ms)
✔ transport records request milestones and never retries uncertain quota mutations (515.571317ms)
✔ raw error messages, headers, causes and arbitrary codes never reach trace logs (2.935253ms)
✔ 6 approved services across 20 cities: exact prices and strict qualification without legacy fallback (55.572836ms)
✔ Rendered plumbing questions, parts and diagnosis use customer language with explicit scope (187.029436ms)
✔ Guest repair API hashes credentials, requires exact consent and maps rejected transitions (4.606794ms)
✔ Guest screen shows a single total and credit; acceptance stays disabled until explicit consent (53.229506ms)
✔ Artisan form sends the selected repair, checked scope, declared cash credit and stable proposal identity (43.861966ms)
✔ Artisan financial center uses the recorded fee: repair retention 220/270, diagnostic 160, no second diagnostic revenue (2.940561ms)
✔ Public route view retains only approved destinations and explanation, with legacy string compatibility (1.659623ms)
✔ Real public API preserves diagnostic and utility routes at start and rejects pricing evaluation of blocked sessions (23.039258ms)
✔ The browser renders the diagnostic explanation from the public API view (77.184661ms)
✔ BP 3.3 reference examples, floor and cap (5.090033ms)
✔ centime continuity around floor, band changes and cap (0.365596ms)
✔ materials never increase commission; total reconciles and retention is explicit (0.34786ms)
✔ six pilot hypotheses reconcile without activating prices (0.360719ms)
✔ invalid money and unknown/legacy versions fail rather than being coerced (0.694818ms)
✔ calculation is repeatable, immutable, and does not mutate accepted legacy data (0.98923ms)
✔ commission and total stay monotonic across a broad range (38.321915ms)
✔ Real estimator handler signs persisted VAP and forwards its exact total to atomic confirmation (38.454008ms)
✔ Migrated plumbing fails closed without a calibrated entry (6.899426ms)
✔ Persist offer before issuing signed context; preserve centimes and fail closed (7.355254ms)
✔ W5 V2 isolated wrapper: no data effects on definition, direct legacy denied, valid Artisan only, historical body preserved (1794.85205ms)
✔ W5 V2 exact literal gate, 19 guarded definitions, preserved business bodies and Mobile wrapper call (2.68757ms)
✔ W5 V2 rollback file restores exactly the 19 baseline definitions and the original activity permission (1.090249ms)
✔ W5 real SQL policies: canonical role, active session, forged owners and foreign links remain separate (1553.424135ms)
✔ W5 guards are added to canonical routines without rewriting their business decisions (1.093974ms)
✔ W5 Bio: additive definition, canonical authority, timestamp exception, exact other columns, owner isolation and length (2354.721636ms)
✔ W5 Bio migration creates only its approved RPC and leaves table rights and triggers intact (0.986727ms)
✔ JWT SQL: attestation, owner, canonical offer, atomic confirmation, retry/conflict, ACL and Storage RLS (2431.794598ms)
✔ W41 builds only three JWT mobile endpoints; legacy routing preserved for other branches (2.423372ms)
✔ real persisted diagnostic lifecycle → canonical bridge; provenance, Safety exception, owner, revision and expiry (2256.493251ms)
✔ auth, Client, exact target, no privileged fallback, strict inputs (40.133302ms)
✔ real canonical fixed scope → evaluate → verify → authenticated confirmation, tamper and TTL (20.594535ms)
✔ one useful clarification; no Safety questionnaire, real STOP cannot continue (7.088103ms)
✔ attestation binds fixed stage, user, branch, operation, payload, <=60 seconds (0.578288ms)
✔ quota fails closed; provider/SQL detail never reaches mobile (0.404893ms)
(node:223) ExperimentalWarning: stripTypeScriptTypes is an experimental feature and might change at any time
(Use `node --trace-warnings ...` to show where the warning was created)
✔ proxy allows only three authenticated routes and keeps authority at endpoints (13.480314ms)
✔ proxy bounds input/output, fails closed on upstream timeout/non-JSON and missing config (11.712021ms)
{"event":"mobile_rafi_voice_gateway_error","code":"AUTH_REQUIRED","status":401,"latency_ms":1}
{"event":"mobile_rafi_voice_gateway_error","code":"AUTH_REQUIRED","status":401,"latency_ms":3}
{"event":"mobile_rafi_voice_ok","bytes":17,"latency_ms":1}
{"event":"mobile_rafi_voice_ok","bytes":17,"latency_ms":10}
{"event":"mobile_rafi_photo_gateway_error","code":"ROLE_FORBIDDEN","status":403,"latency_ms":46}
{"event":"mobile_rafi_photo_ok","input_bytes":201,"safe_bytes":66,"latency_ms":36,"provider_called":false}
{"event":"mobile_rafi_photo_ok","input_bytes":201,"safe_bytes":66,"latency_ms":14,"provider_called":false}
✔ route authority: Voice shared; ephemeral photo shared; persisted photo Client-only (466.40778ms)
ℹ tests 201
ℹ suites 0
ℹ pass 201
ℹ fail 0
ℹ cancelled 0
ℹ skipped 0
ℹ todo 0
ℹ duration_ms 3508.51051
