npm warn Unknown env config "http-proxy". This will stop working in the next major version of npm.

> fixeo-mobile@0.1.0 test:contracts
> node --import tsx --test tests/*.test.ts

✔ artisan activity does not show a blocking load error when offers load (1.412163ms)
✔ artisan activity does not show a blocking load error when current mission loads (0.208156ms)
✔ artisan activity shows a load error only when both primary activity sources fail (0.264437ms)
✔ mobile auth entry resolves only supported mobile universes (1.661593ms)
✔ mobile auth entry hides technical credential and network errors (0.320278ms)
✔ W4 Client priorities put validation before intervention, assignment, matching and alerts (2.724346ms)
✔ W4 creation and understanding cannot masquerade as an active artisan search (0.327238ms)
✔ W4 larger RAFI fits both small and standard canvases without changing W3 geometry (0.306657ms)
✔ W4 mission presentation never invents assignment or arrival while loading or unknown (0.613428ms)
✔ W4 notification grouping uses existing event types, read state, and known supersession only (0.691229ms)
✔ diagnostic provenance survives confirmation and unknown provenance stays unconfirmed (2.741919ms)
✔ safety and pending analysis or confirmation always block intake (0.519085ms)
✔ all canonical outcomes render literal server amounts, quote and diagnostic are valid outcomes (0.532359ms)
✔ mobile consumes no pricing engine, legacy import or estimator secret; source guard precedes request (2.013028ms)
✔ preventive safety questions are hidden using the real canonical question metadata (9.188133ms)
✔ mild uncertainty has at most one useful qualification, no safety loop or invented answers (0.31211ms)
✔ a real STOP is never locally cleared, including after confirmation or exit (0.990048ms)
✔ W4 preserves all existing services, mission engine, W2, W3, Auth and Artisan sources byte-for-byte (6.277611ms)
✔ W4 keeps original request, auth, watch, load, evidence, validation and adjustment callbacks (230.529059ms)
✔ W4 request contract remains four arguments including normalized city and no GPS (0.854521ms)
✔ W4 cities are a verbatim projection of the existing canonical public catalogue (5.671596ms)
✔ W4 foreground success returns only a city and never returns GPS coordinates (1.112865ms)
✔ W4 denied and permanently denied permissions never reach the location provider (0.614812ms)
✔ W4 disabled GPS, native errors and unsupported web all retain a manual fallback result (0.610734ms)
✔ W4 geocoding uses cities, known city aliases only for subregions, never guesses a province (0.742147ms)
✔ W4 timeout discards late fixes before geocoding and never requests GPS after a late permission (36.01705ms)
✔ W4 cancelled or backgrounded requests do no further location work (0.578481ms)
✔ W4 native configuration is foreground only and SDK-compatible (1.504579ms)
✔ Client cockpit always prioritizes an active intervention over alerts (1.121846ms)
✔ Artisan cockpit prioritizes mission, then offers, then availability and private activity (0.335701ms)
✔ DS2 real primitives render their accessible states with the installed React Native Web adapter (1115.146963ms)
✔ DS2 retains every P1–P7 token value while new screens opt into semantic roles (2.438003ms)
✔ DS2 supported foreground/surface pairings preserve readable contrast (1.456034ms)
✔ DS2 typography reserves readable line height and moderate emphasis (0.244501ms)
✔ screen metrics preserve portrait padding, protect side cutouts and reserve floating controls once (0.491554ms)
✔ busy and disabled states cannot be weakened by accessibility overrides (0.366459ms)
✔ reduced motion retains press feedback without spatial transform; disabled never presses (0.268538ms)
✔ all motion presets remove both duration and orchestration delay under Reduced Motion (0.416189ms)
✔ motion preference shares one native subscription, defaults static and releases it (0.481089ms)
✔ late preference read cannot override a newer native event or an unmounted generation (0.372057ms)
✔ preference read failures leave content static and visible (0.433189ms)
✔ Agenda inputs format naturally without technical ISO syntax (2.446406ms)
✔ Agenda rejects impossible dates and invalid times (1.159828ms)
✔ Mobile UI deadline resolves fast work and bounds stalled work (16.388704ms)
✔ dispatch feed accepts only canonical active queue offers (5.783478ms)
✔ dispatch feed fails closed on malformed RPC payload (0.47177ms)
✔ W2 Drawer capture accepts final geometry and the 390px width cap (3.107389ms)
✔ W2 Drawer capture rejects mounted controls while the panel is off-screen or moving (11.184777ms)
✔ W2 Drawer capture rejects wrong width, hidden critical controls and overflow (2.147414ms)
✔ Vercel routes M5 native RAFI endpoints to isolated preview functions (3.895255ms)
✔ mobile bundle never embeds privileged provider or Supabase server credentials (0.693625ms)
✔ native RAFI gateways require the authenticated Supabase session token (1.028227ms)
✔ server-side native RAFI functions are preview-only and staging-pinned (0.598089ms)
✔ Magic Loop retains canonical request id across matching to found (5.487432ms)
✔ notification routing opens the exact mission for the matching universe (2.74708ms)
✔ notification routing never crosses Client and Artisan universes (0.306748ms)
✔ notification routing supports useful workspace destinations and safe fallback (0.256072ms)
✔ RAFI local rules classify common FIXEO needs without AI cost (3.016434ms)
✔ RAFI does not invent a trade for an unknown short need (0.296019ms)
✔ RAFI keeps ambiguous room-level requests unclassified until the user adds a concrete problem (0.309284ms)
✔ W3 eight semantic states and French labels are exhaustive; legacy calls retain identity (2.335292ms)
✔ W3 client maps only known facts, keeps creation distinct from matching and validation from success (0.350195ms)
✔ W3 artisan derives priorities from the actual mission, offers, acceptance and load-error inputs (0.167581ms)
✔ success is consumed once, never replayed by polling, focus, or Reduced Motion changes (0.18402ms)
✔ all sizes and motion peaks stay within frame; compact fits unchanged W2 56px host (0.450104ms)
✔ activity shares one native listener and cleans up the last subscriber (0.28574ms)
✔ presence engine has no backend or per-frame React side effects; visual material is centralized (0.646458ms)
✔ W3 keeps certified Artisan mission/evidence source byte-identical to post-W2 (0.969411ms)
✔ RAFI keeps manual problem and city as user-declared facts (2.264602ms)
✔ RAFI preserves explicit user confirmation of an AI-assisted description (0.242537ms)
✔ RAFI context omits empty facts (0.257766ms)
✔ Shell subpages do not render legacy duplicate back rows (22.31734ms)
✔ Client workspace detail pages use bounded loading and foreground refresh (12.688532ms)
✔ W2 client: real Drawer routes and active state (1.674714ms)
✔ W2 artisan: real Drawer routes and active state (0.399022ms)
✔ W2 Dock opts in only workspace roots, excludes forms/auth/missions/unknown/cross-role routes (1.652792ms)
✔ W2 Dock limits, duplicate guard, visibility and badges (3.685368ms)
✔ W2 floating reservation and enlarged text: safe area + height + gaps counted once (0.752346ms)
✔ W2 targets and Reduced Motion: DS2, no pressed transform, no delayed close (1.777958ms)
✔ W2 installed StackRouter: no duplicate roots, detail preserves return history (2.200255ms)
✔ W2 actual JSX: one stable Shell per screen; docks only on the two overviews (100.663102ms)
✔ W2 Dock yields space to content when enlarged header/toolbar or landscape leaves insufficient room (0.33328ms)
✔ W2 root right-actions preserve their parent context; subpage right-actions return to an existing root (25.024568ms)
"shadow*" style props are deprecated. Use "boxShadow".
props.pointerEvents is deprecated. Use style.pointerEvents
✔ W2 real Drawer/Dock/controls render accessible states with React Native Web (1010.258895ms)
ℹ tests 84
ℹ suites 0
ℹ pass 84
ℹ fail 0
ℹ cancelled 0
ℹ skipped 0
ℹ todo 0
ℹ duration_ms 2354.826924
