npm warn Unknown env config "http-proxy". This will stop working in the next major version of npm.

> fixeo-mobile@0.1.0 test:contracts
> node --import tsx --test tests/*.test.ts

✔ artisan activity does not show a blocking load error when offers load (1.282574ms)
✔ artisan activity does not show a blocking load error when current mission loads (0.199822ms)
✔ artisan activity shows a load error only when both primary activity sources fail (0.59556ms)
✔ mobile auth entry resolves only supported mobile universes (4.263716ms)
✔ mobile auth entry hides technical credential and network errors (0.328518ms)
✔ Client cockpit always prioritizes an active intervention over alerts (5.786688ms)
✔ Artisan cockpit prioritizes mission, then offers, then availability and private activity (0.503167ms)
✔ DS2 real primitives render their accessible states with the installed React Native Web adapter (881.987595ms)
✔ DS2 retains every P1–P7 token value while new screens opt into semantic roles (3.076914ms)
✔ DS2 supported foreground/surface pairings preserve readable contrast (1.279126ms)
✔ DS2 typography reserves readable line height and moderate emphasis (0.230457ms)
✔ screen metrics preserve portrait padding, protect side cutouts and reserve floating controls once (0.316307ms)
✔ busy and disabled states cannot be weakened by accessibility overrides (0.608809ms)
✔ reduced motion retains press feedback without spatial transform; disabled never presses (0.23957ms)
✔ all motion presets remove both duration and orchestration delay under Reduced Motion (0.441234ms)
✔ motion preference shares one native subscription, defaults static and releases it (0.588639ms)
✔ late preference read cannot override a newer native event or an unmounted generation (0.674715ms)
✔ preference read failures leave content static and visible (3.785545ms)
✔ Agenda inputs format naturally without technical ISO syntax (1.029141ms)
✔ Agenda rejects impossible dates and invalid times (0.815899ms)
✔ Mobile UI deadline resolves fast work and bounds stalled work (16.023654ms)
✔ dispatch feed accepts only canonical active queue offers (2.287249ms)
✔ dispatch feed fails closed on malformed RPC payload (0.25353ms)
✔ W2 Drawer capture accepts final geometry and the 390px width cap (10.891895ms)
✔ W2 Drawer capture rejects mounted controls while the panel is off-screen or moving (9.604728ms)
✔ W2 Drawer capture rejects wrong width, hidden critical controls and overflow (6.382443ms)
✔ Vercel routes M5 native RAFI endpoints to isolated preview functions (4.455751ms)
✔ mobile bundle never embeds privileged provider or Supabase server credentials (0.648301ms)
✔ native RAFI gateways require the authenticated Supabase session token (1.216485ms)
✔ server-side native RAFI functions are preview-only and staging-pinned (0.343865ms)
✔ Magic Loop retains canonical request id across matching to found (0.683397ms)
✔ notification routing opens the exact mission for the matching universe (3.755755ms)
✔ notification routing never crosses Client and Artisan universes (0.365117ms)
✔ notification routing supports useful workspace destinations and safe fallback (0.570126ms)
✔ RAFI local rules classify common FIXEO needs without AI cost (2.171708ms)
✔ RAFI does not invent a trade for an unknown short need (0.222149ms)
✔ RAFI keeps ambiguous room-level requests unclassified until the user adds a concrete problem (0.222023ms)
✔ W3 eight semantic states and French labels are exhaustive; legacy calls retain identity (2.433614ms)
✔ W3 client maps only known facts, keeps creation distinct from matching and validation from success (0.307844ms)
✔ W3 artisan derives priorities from the actual mission, offers, acceptance and load-error inputs (0.175771ms)
✔ success is consumed once, never replayed by polling, focus, or Reduced Motion changes (0.177833ms)
✔ all sizes and motion peaks stay within frame; compact fits unchanged W2 56px host (0.389958ms)
✔ activity shares one native listener and cleans up the last subscriber (0.317477ms)
✔ presence engine has no backend or per-frame React side effects; visual material is centralized (0.861366ms)
✔ W3 keeps certified mission/evidence source byte-identical to post-W2 (1.15822ms)
✔ RAFI keeps manual problem and city as user-declared facts (2.466943ms)
✔ RAFI preserves explicit user confirmation of an AI-assisted description (0.158895ms)
✔ RAFI context omits empty facts (0.202219ms)
✔ Shell subpages do not render legacy duplicate back rows (12.799307ms)
✔ Client workspace detail pages use bounded loading and foreground refresh (3.220718ms)
✔ W2 client: real Drawer routes and active state (1.731559ms)
✔ W2 artisan: real Drawer routes and active state (0.304483ms)
✔ W2 Dock opts in only workspace roots, excludes forms/auth/missions/unknown/cross-role routes (1.016757ms)
✔ W2 Dock limits, duplicate guard, visibility and badges (0.491861ms)
✔ W2 floating reservation and enlarged text: safe area + height + gaps counted once (0.477554ms)
✔ W2 targets and Reduced Motion: DS2, no pressed transform, no delayed close (0.253476ms)
✔ W2 installed StackRouter: no duplicate roots, detail preserves return history (1.446848ms)
✔ W2 actual JSX: one stable Shell per screen; docks only on the two overviews (98.198592ms)
✔ W2 Dock yields space to content when enlarged header/toolbar or landscape leaves insufficient room (0.341414ms)
✔ W2 root right-actions preserve their parent context; subpage right-actions return to an existing root (11.728758ms)
"shadow*" style props are deprecated. Use "boxShadow".
props.pointerEvents is deprecated. Use style.pointerEvents
✔ W2 real Drawer/Dock/controls render accessible states with React Native Web (1004.184455ms)
ℹ tests 61
ℹ suites 0
ℹ pass 61
ℹ fail 0
ℹ cancelled 0
ℹ skipped 0
ℹ todo 0
ℹ duration_ms 1987.764089
