npm warn Unknown env config "http-proxy". This will stop working in the next major version of npm.

> fixeo-mobile@0.1.0 test:contracts
> node --import tsx --test tests/*.test.ts

✔ artisan activity does not show a blocking load error when offers load (1.25537ms)
✔ artisan activity does not show a blocking load error when current mission loads (0.513574ms)
✔ artisan activity shows a load error only when both primary activity sources fail (0.287181ms)
✔ mobile auth entry resolves only supported mobile universes (1.657219ms)
✔ mobile auth entry hides technical credential and network errors (0.700895ms)
✔ W4 Client priorities put validation before intervention, assignment, matching and alerts (2.51837ms)
✔ W4 creation and understanding cannot masquerade as an active artisan search (2.880878ms)
✔ W4 larger RAFI fits both small and standard canvases without changing W3 geometry (0.546999ms)
✔ W4 mission presentation never invents assignment or arrival while loading or unknown (0.52555ms)
✔ W4 notification grouping uses existing event types, read state, and known supersession only (0.644458ms)
✔ an explicit estimate intent is optional; ordinary requests do not select it (1.083916ms)
✔ confirmation preserves opaque server scope and never supplies a local amount or identity (1.087834ms)
✔ quote bridge requires persisted diagnostic; direct unpriced quote stays distinct (0.34678ms)
✔ server STOP denies confirmation even when accompanied by a pricing token (0.18985ms)
✔ only recognized server outcomes permit handoff (0.329983ms)
✔ error copy contains no server internals and separates auth, expiry, safety and recoverable failures (0.510242ms)
✔ malformed server output fails closed, canonical quote id is accepted (0.708605ms)
✔ diagnostic provenance survives confirmation and unknown provenance stays unconfirmed (1.21104ms)
✔ safety and pending analysis or confirmation always block intake (0.236866ms)
✔ all canonical outcomes render literal server amounts, quote and diagnostic are valid outcomes (0.329908ms)
✔ mobile consumes no pricing engine, legacy import or estimator secret; source guard precedes request (0.97703ms)
✔ preventive safety questions are hidden using the real canonical question metadata (6.73004ms)
✔ mild uncertainty has at most one useful qualification, no safety loop or invented answers (0.350463ms)
✔ a real STOP is never locally cleared, including after confirmation or exit (0.772411ms)
✔ W4 preserves all existing services, mission engine, W2, W3, Auth and Artisan sources byte-for-byte (3.766859ms)
✔ W4 keeps original request, auth, watch, load, evidence, validation and adjustment callbacks (138.28753ms)
✔ W4 request contract remains four arguments including normalized city and no GPS (0.692349ms)
✔ W4 cities are a verbatim projection of the existing canonical public catalogue (5.285234ms)
✔ W4 foreground success returns only a city and never returns GPS coordinates (1.259793ms)
✔ W4 denied and permanently denied permissions never reach the location provider (0.54008ms)
✔ W4 disabled GPS, native errors and unsupported web all retain a manual fallback result (0.67912ms)
✔ W4 geocoding uses cities, known city aliases only for subregions, never guesses a province (0.855746ms)
✔ W4 timeout discards late fixes before geocoding and never requests GPS after a late permission (32.737214ms)
✔ W4 cancelled or backgrounded requests do no further location work (0.596252ms)
✔ W4 native configuration is foreground only and SDK-compatible (3.259277ms)
✔ Client cockpit always prioritizes an active intervention over alerts (1.398328ms)
✔ Artisan cockpit prioritizes mission, then offers, then availability and private activity (0.565596ms)
✔ DS2 real primitives render their accessible states with the installed React Native Web adapter (877.507647ms)
✔ DS2 retains every P1–P7 token value while new screens opt into semantic roles (3.041024ms)
✔ DS2 supported foreground/surface pairings preserve readable contrast (1.225295ms)
✔ DS2 typography reserves readable line height and moderate emphasis (0.343748ms)
✔ screen metrics preserve portrait padding, protect side cutouts and reserve floating controls once (0.482547ms)
✔ busy and disabled states cannot be weakened by accessibility overrides (0.649318ms)
✔ reduced motion retains press feedback without spatial transform; disabled never presses (0.319765ms)
✔ all motion presets remove both duration and orchestration delay under Reduced Motion (0.375417ms)
✔ motion preference shares one native subscription, defaults static and releases it (1.154518ms)
✔ late preference read cannot override a newer native event or an unmounted generation (0.510036ms)
✔ preference read failures leave content static and visible (1.457135ms)
✔ Agenda inputs format naturally without technical ISO syntax (1.393711ms)
✔ Agenda rejects impossible dates and invalid times (1.25574ms)
✔ Mobile UI deadline resolves fast work and bounds stalled work (16.253917ms)
✔ dispatch feed accepts only canonical active queue offers (2.389699ms)
✔ dispatch feed fails closed on malformed RPC payload (0.261735ms)
✔ W2 Drawer capture accepts final geometry and the 390px width cap (1.751294ms)
✔ W2 Drawer capture rejects mounted controls while the panel is off-screen or moving (5.024021ms)
✔ W2 Drawer capture rejects wrong width, hidden critical controls and overflow (1.234214ms)
✔ Vercel routes M5 native RAFI endpoints to isolated preview functions (1.618252ms)
✔ mobile bundle never embeds privileged provider or Supabase server credentials (0.5609ms)
✔ native RAFI gateways require the authenticated Supabase session token (0.276961ms)
✔ server-side native RAFI functions are preview-only and staging-pinned (0.479438ms)
✔ Magic Loop retains canonical request id across matching to found (1.094182ms)
✔ mobile gateway response preserves diagnostic and labour semantics without calculating or decoding (2.057957ms)
✔ notification routing opens the exact mission for the matching universe (2.856027ms)
✔ notification routing never crosses Client and Artisan universes (0.293481ms)
✔ notification routing supports useful workspace destinations and safe fallback (0.417765ms)
✔ RAFI local rules classify common FIXEO needs without AI cost (1.890051ms)
✔ RAFI does not invent a trade for an unknown short need (0.295793ms)
✔ RAFI keeps ambiguous room-level requests unclassified until the user adds a concrete problem (0.411425ms)
✔ W3 eight semantic states and French labels are exhaustive; legacy calls retain identity (3.197185ms)
✔ W3 client maps only known facts, keeps creation distinct from matching and validation from success (0.331858ms)
✔ W3 artisan derives priorities from the actual mission, offers, acceptance and load-error inputs (0.233235ms)
✔ success is consumed once, never replayed by polling, focus, or Reduced Motion changes (0.264638ms)
✔ all sizes and motion peaks stay within frame; compact fits unchanged W2 56px host (0.646119ms)
✔ activity shares one native listener and cleans up the last subscriber (0.561165ms)
✔ presence engine has no backend or per-frame React side effects; visual material is centralized (2.399296ms)
✔ W3 keeps certified Artisan mission/evidence source byte-identical to post-W2 (0.689639ms)
✔ RAFI keeps manual problem and city as user-declared facts (2.260799ms)
✔ RAFI preserves explicit user confirmation of an AI-assisted description (0.247865ms)
✔ RAFI context omits empty facts (0.292592ms)
✔ Shell subpages do not render legacy duplicate back rows (10.05266ms)
✔ Client workspace detail pages use bounded loading and foreground refresh (2.554703ms)
✔ W2 client: real Drawer routes and active state (1.553402ms)
✔ W2 artisan: real Drawer routes and active state (0.243625ms)
✔ W2 Dock opts in only workspace roots, excludes forms/auth/missions/unknown/cross-role routes (1.002942ms)
✔ W2 Dock limits, duplicate guard, visibility and badges (0.499963ms)
✔ W2 floating reservation and enlarged text: safe area + height + gaps counted once (0.356148ms)
✔ W2 targets and Reduced Motion: DS2, no pressed transform, no delayed close (0.249139ms)
✔ W2 installed StackRouter: no duplicate roots, detail preserves return history (1.385898ms)
✔ W2 actual JSX: one stable Shell per screen; docks only on the two overviews (99.542493ms)
✔ W2 Dock yields space to content when enlarged header/toolbar or landscape leaves insufficient room (0.32809ms)
✔ W2 root right-actions preserve their parent context; subpage right-actions return to an existing root (13.160523ms)
"shadow*" style props are deprecated. Use "boxShadow".
props.pointerEvents is deprecated. Use style.pointerEvents
✔ W2 real Drawer/Dock/controls render accessible states with React Native Web (764.697801ms)
ℹ tests 92
ℹ suites 0
ℹ pass 92
ℹ fail 0
ℹ cancelled 0
ℹ skipped 0
ℹ todo 0
ℹ duration_ms 2038.654088
