✔ critical registration requires explicit acknowledgement of the exact immutable result (1.629798ms)
✔ old dossiers, noncritical results, stale revisions and invalid phone cannot use critical registration (0.733719ms)
✔ acknowledged critical API uses existing quota gates and one atomic registration RPC; never calls pricing, AI or direct dispatch (3.471609ms)
✔ broken electrical equipment alone warns and routes urgently to an electrician without certifying safety (129.186917ms)
✔ critical electrical and fire signs stop before any media download or AI call (2.404882ms)
✔ technical risk cannot clear confirmed, previous, model or uncertain critical signals (1.306437ms)
✔ explicit negations do not invent technical risk or clear another positive mention (0.521087ms)
✔ photo-only electrical risk is retained independently of synthesis; any photo critical sign wins (43.079362ms)
✔ technical-risk result can enter the existing handoff with electrician and urgent context; critical results cannot (7.255522ms)
✔ production regression: informative electrical photo + valid literal finding + normal visual-check language yields a complete noncritical result (677.753744ms)
✔ normal diagnostic vocabulary in problem is not forged photo provenance (0.694413ms)
✔ normal diagnostic vocabulary in hypotheses is not forged photo provenance (0.288276ms)
✔ normal diagnostic vocabulary in urgency_reason is not forged photo provenance (0.378363ms)
✔ normal diagnostic vocabulary in checks is not forged photo provenance (0.324357ms)
✔ normal diagnostic vocabulary in possible_parts is not forged photo provenance (0.158774ms)
✔ photo-only inference retains isolated facts without manufacturing a customer declaration (489.025263ms)
✔ valid electrical-photo paraphrase cannot trigger a false 502: only literal isolated findings become photo proof (181.249511ms)
✔ unsupported photographic prose is removed in all fields without inventing replacements or losing danger signals (2.897062ms)
✔ normalization log metadata contains only known field labels (0.339353ms)
✔ a multi-sentence isolated observation remains valid when used as the grounded replacement (0.527329ms)
✔ inconclusive photo supports useful text analysis, never a visual finding (79.134022ms)
✔ text only permits normal photo/observation vocabulary without vision or observed provenance (1.283353ms)
✔ literal photo attribution is allowed only when the entire claim belongs to isolated vision (0.763082ms)
✔ every prose field rejects an invented affirmative visual claim with the field label only (0.43653ms)
✔ a real visible finding can be referenced literally; generic photography and visibility vocabulary does not require fake observations (0.472719ms)
✔ analyze HTTP action finishes and returns 200 for the valid electrical-photo regression (280.260877ms)
✔ missing/nonempty synthesis observations have distinct instrumentation and fail closed even when copied correctly (0.595226ms)
✔ engine observation comparison is structural, independent of object key order, and rejects every changed fact component (0.505001ms)
✔ photo evidence identifies exact structural failures, without logging IDs or observations (0.397539ms)
✔ provider provenance and media validation remain strict and independently identifiable (0.294417ms)
✔ critical visual danger takes precedence over contradicting text and a lower-risk synthesis (450.865376ms)
✔ contradicting user description never contaminates the isolated photographic facts (162.114142ms)
✔ real text danger remains a pre-AI stop; no photo or model call (2.471375ms)
✔ production error log includes only trusted branch/condition/field, not evidence or attacker-supplied metadata (1.563967ms)
✔ informative evidence and qualified trade: zero questions (4.706196ms)
✔ ambiguous photo: only a relevant area question (0.506098ms)
✔ unknown/skipped answers are never asked again (0.116032ms)
✔ maximum two questions across rounds (0.624496ms)
✔ known onset/area/frequency are not asked again (0.408634ms)
✔ unrelated gas and structure questions omitted (0.27622ms)
✔ critical routing never yields qualification questions (0.277555ms)
✔ area choices match plomberie, never another trade's surfaces (2.991441ms)
✔ area choices match electricite, never another trade's surfaces (1.209883ms)
✔ area choices match climatisation, never another trade's surfaces (0.688346ms)
✔ area choices match maconnerie, never another trade's surfaces (0.590676ms)
✔ area choices match autre, never another trade's surfaces (0.113712ms)
✔ already-known plomberie facts skip onset: Une fuite (0.297951ms)
✔ already-known plomberie facts skip affected_area: Sous mon lavabo (0.135516ms)
✔ already-known electricite facts skip affected_area: Ma prise ne fonctionne plus (0.060682ms)
✔ already-known climatisation facts skip affected_area: L’unité extérieure fait du bruit (0.141247ms)
✔ already-known maconnerie facts skip affected_area: Une fissure sur mon mur (0.050555ms)
✔ already-known serrurerie facts skip affected_area: Ma porte est bloquée (0.561547ms)
✔ already-known serrurerie facts skip occurrence: Clé perdue (0.170939ms)
✔ clear locksmith needs zero questions, including a short description (0.306235ms)
✔ two questions total, including optional/skipped answers over later rounds (0.160781ms)
✔ photo facts and the effective electrical risk trade control area routing (0.185056ms)
✔ exact selected run, revision, completed state and current risk contract required (1.458726ms)
✔ reuse only the authenticated owner profile phone (0.986234ms)
✔ TECHNICAL uses canonical quote RPC, server facts and deterministic retry credentials (2.341059ms)
✔ URGENT uses canonical quote RPC, server facts and deterministic retry credentials (0.446101ms)
✔ critical acknowledgement cannot be skipped, falsified or used for another run (0.504647ms)
✔ truthful lifecycle: queue is not contact (0.517816ms)
✔ truthful lifecycle: CONTACTED alone is not delivery (0.295419ms)
✔ truthful lifecycle: outbox pending is not sent (0.832493ms)
✔ truthful lifecycle: SENT without delivery evidence is not sent (0.189603ms)
✔ truthful lifecycle: real send is not acceptance (0.253666ms)
✔ truthful lifecycle: assigned without mission remains unconfirmed (0.508282ms)
✔ truthful lifecycle: assigned with pending mission is confirmed (0.167487ms)
✔ truthful lifecycle: in progress mission (0.154276ms)
✔ truthful lifecycle: finished mission (0.283158ms)
✔ truthful lifecycle: cancelled request (0.136813ms)
✔ followup failures preserve registration and require only a read retry (2.793465ms)
✔ confirmation_context retains same-origin, owner lock and quota gates (5.038298ms)
✔ confirm_intervention retains same-origin, owner lock and quota gates (0.763237ms)
✔ intervention_status retains same-origin, owner lock and quota gates (0.431137ms)
✔ neutral synthetic photo is deterministically inconclusive; no visual findings are requested or invented (224.01715ms)
✔ informative photo is read without description or answers; only its exact isolated facts are displayed as observed (134.766181ms)
✔ useful description survives an inconclusive photo and retains its own provenance, including in the legacy modal (54.436178ms)
✔ synthesis cannot invent photographic evidence: forged provenance fails, unsupported prose never reaches the result (454.890589ms)
✔ missing, duplicate, unknown or contradictory photo evidence fails closed (4.78173ms)
✔ real declared danger still stops before photo download or AI, even with a neutral photo (0.741366ms)
✔ isolated visual danger cannot be cancelled by the text synthesis or a user negation (99.72455ms)
✔ isolated technical electrical risk survives synthesis and keeps photo-only routing open with fixed guidance (81.763208ms)
✔ multiple photos keep separate evidence; a uniform photo cannot inherit findings from an informative photo (96.926512ms)
✔ both provider passes share the original timeout budget (161.604863ms)
✔ engine refuses findings not copied from the isolated photo evidence (2.171567ms)
✔ provider adapter sends only bounded evidence, no tools, no persistence; validates completed/refusal states (121.578498ms)
✔ money and repair instructions hidden in free result fields are rejected; model danger cannot become user confirmation (9.960128ms)
✔ public activation fails closed until all operational prerequisites are acknowledged; video always OFF (0.91366ms)
✔ risk matrix: électricité — Prise cassée avec un fil apparent. → URGENT (139.848693ms)
✔ risk matrix: électricité — Des étincelles actives sortent de la prise. → CRITICAL (0.581502ms)
✔ risk matrix: plomberie — Petite fuite sous le lavabo. → TECHNICAL (4.766882ms)
✔ risk matrix: plomberie — Grosse fuite maîtrisable. → URGENT (1.480941ms)
✔ risk matrix: plomberie — Une fuite importante est contenue. → URGENT (8.33168ms)
✔ risk matrix: plomberie — Une fuite incontrôlable. → CRITICAL (0.454096ms)
✔ risk matrix: plomberie/électricité — Eau en contact avec l’installation électrique. → CRITICAL (0.28443ms)
✔ risk matrix: gaz — Appareil à gaz en panne, pas de fuite de gaz. → TECHNICAL (1.033791ms)
✔ risk matrix: gaz — Odeur de gaz près de la chaudière. → CRITICAL (0.790569ms)
✔ risk matrix: serrurerie — Serrure bloquée. → TECHNICAL (0.85046ms)
✔ risk matrix: serrurerie — Serrure bloquée, danger immédiat explicite. → CRITICAL (0.508501ms)
✔ risk matrix: climatisation — Clim en panne. → TECHNICAL (0.449823ms)
✔ risk matrix: climatisation — Une fumée active sort de la climatisation. → CRITICAL (0.901062ms)
✔ risk matrix: maçonnerie — Une fissure simple sur le mur. → TECHNICAL (0.508339ms)
✔ risk matrix: maçonnerie — Une fissure s’agrandit. → URGENT (0.514366ms)
✔ risk matrix: structure — Effondrement en cours. → CRITICAL (0.281887ms)
✔ risk matrix: toiture — Petite infiltration de la toiture. → TECHNICAL (0.372689ms)
✔ risk matrix: toiture — Toiture avec infiltration importante. → URGENT (0.326869ms)
✔ risk matrix: toiture — Des tuiles menacent de tomber. → CRITICAL (0.133673ms)
✔ risk matrix: chauffage — Chauffage en panne. → TECHNICAL (0.312112ms)
✔ risk matrix: chauffage — Chauffage en panne avec fumée active. → CRITICAL (0.137276ms)
✔ risk matrix: chauffe-eau — Chauffe-eau en panne. → TECHNICAL (0.539368ms)
✔ risk matrix: électroménager / autre — Un lave-linge en panne. → TECHNICAL (0.675882ms)
✔ risk matrix: électroménager / autre — Un lave-linge avec fumée active. → CRITICAL (9.546874ms)
✔ severity is independent of trade: plomberie / TECHNICAL (0.297409ms)
✔ severity is independent of trade: plomberie / URGENT (0.181535ms)
✔ severity is independent of trade: plomberie / CRITICAL (0.167785ms)
✔ severity is independent of trade: electricite / TECHNICAL (0.109413ms)
✔ severity is independent of trade: electricite / URGENT (0.099373ms)
✔ severity is independent of trade: electricite / CRITICAL (0.098057ms)
✔ severity is independent of trade: serrurerie / TECHNICAL (0.149556ms)
✔ severity is independent of trade: serrurerie / URGENT (0.098382ms)
✔ severity is independent of trade: serrurerie / CRITICAL (0.170381ms)
✔ severity is independent of trade: climatisation / TECHNICAL (0.136795ms)
✔ severity is independent of trade: climatisation / URGENT (0.132518ms)
✔ severity is independent of trade: climatisation / CRITICAL (0.12306ms)
✔ severity is independent of trade: bricolage / TECHNICAL (16.417546ms)
✔ severity is independent of trade: bricolage / URGENT (9.547066ms)
✔ severity is independent of trade: bricolage / CRITICAL (0.165028ms)
✔ severity is independent of trade: menuiserie / TECHNICAL (0.117708ms)
✔ severity is independent of trade: menuiserie / URGENT (0.085959ms)
✔ severity is independent of trade: menuiserie / CRITICAL (0.078138ms)
✔ severity is independent of trade: peinture / TECHNICAL (0.072545ms)
✔ severity is independent of trade: peinture / URGENT (0.074328ms)
✔ severity is independent of trade: peinture / CRITICAL (0.063095ms)
✔ severity is independent of trade: maconnerie / TECHNICAL (0.101744ms)
✔ severity is independent of trade: maconnerie / URGENT (0.071603ms)
✔ severity is independent of trade: maconnerie / CRITICAL (0.061203ms)
✔ severity is independent of trade: nettoyage / TECHNICAL (0.06093ms)
✔ severity is independent of trade: nettoyage / URGENT (0.0725ms)
✔ severity is independent of trade: nettoyage / CRITICAL (0.065889ms)
✔ severity is independent of trade: jardinage / TECHNICAL (0.063679ms)
✔ severity is independent of trade: jardinage / URGENT (0.06209ms)
✔ severity is independent of trade: jardinage / CRITICAL (0.066302ms)
✔ severity is independent of trade: demenagement / TECHNICAL (0.06279ms)
✔ severity is independent of trade: demenagement / URGENT (0.067176ms)
✔ severity is independent of trade: demenagement / CRITICAL (0.120757ms)
✔ severity is independent of trade: carrelage / TECHNICAL (0.06243ms)
✔ severity is independent of trade: carrelage / URGENT (3.239922ms)
✔ severity is independent of trade: carrelage / CRITICAL (0.137851ms)
✔ severity is independent of trade: autre / TECHNICAL (0.104778ms)
✔ severity is independent of trade: autre / URGENT (0.072967ms)
✔ severity is independent of trade: autre / CRITICAL (0.144472ms)
✔ a controlled leak never cancels a different active danger or uncertainty (0.609168ms)
✔ critical guidance contains no technical handling instruction even when urgent evidence is also present (0.517231ms)
✔ Fès blocked door since today: qualified trade, no artificial urgency, warning or surface questions (1.4116ms)
✔ business priority without hazard evidence retains its urgency but never invents danger advice (0.30905ms)
✔ a blocked door never suppresses an actual, declared, model or previously recorded hazard (5.518708ms)
✔ explicit local negations reach analysis without certifying safety (18.279782ms)
✔ affirmative hazards and a second positive mention remain blocked (1.738246ms)
✔ questions, uncertainty, exceptions and double negation fail closed (3.190406ms)
✔ negation cannot cancel confirmed, previous or model hazards, or cross fields (0.830436ms)
✔ engine calls provider for the production regression and stops a real hazard before AI (155.295174ms)
✔ transport records request milestones and never retries uncertain quota mutations (520.778674ms)
✔ raw error messages, headers, causes and arbitrary codes never reach trace logs (1.14307ms)
✔ 6 approved services across 20 cities: exact prices and strict qualification without legacy fallback (73.30577ms)
✔ Rendered plumbing questions, parts and diagnosis use customer language with explicit scope (178.914041ms)
✔ Guest repair API hashes credentials, requires exact consent and maps rejected transitions (6.185642ms)
✔ Guest screen shows a single total and credit; acceptance stays disabled until explicit consent (43.976893ms)
✔ Artisan form sends the selected repair, checked scope, declared cash credit and stable proposal identity (44.591541ms)
✔ Artisan financial center uses the recorded fee: repair retention 220/270, diagnostic 160, no second diagnostic revenue (3.587635ms)
✔ Public route view retains only approved destinations and explanation, with legacy string compatibility (1.513301ms)
✔ Real public API preserves diagnostic and utility routes at start and rejects pricing evaluation of blocked sessions (30.656405ms)
✔ The browser renders the diagnostic explanation from the public API view (68.05459ms)
✔ BP 3.3 reference examples, floor and cap (1.733199ms)
✔ centime continuity around floor, band changes and cap (0.299254ms)
✔ materials never increase commission; total reconciles and retention is explicit (0.658063ms)
✔ six pilot hypotheses reconcile without activating prices (0.404646ms)
✔ invalid money and unknown/legacy versions fail rather than being coerced (0.954489ms)
✔ calculation is repeatable, immutable, and does not mutate accepted legacy data (1.617143ms)
✔ commission and total stay monotonic across a broad range (35.500236ms)
✔ Real estimator handler signs persisted VAP and forwards its exact total to atomic confirmation (39.277666ms)
✔ Migrated plumbing fails closed without a calibrated entry (6.876851ms)
✔ Persist offer before issuing signed context; preserve centimes and fail closed (6.881382ms)
✔ JWT SQL: attestation, owner, canonical offer, atomic confirmation, retry/conflict, ACL and Storage RLS (1983.552597ms)
✔ W41 builds only three JWT mobile endpoints; legacy routing preserved for other branches (1.625545ms)
✔ real persisted diagnostic lifecycle → canonical bridge; provenance, Safety exception, owner, revision and expiry (2238.6217ms)
✔ auth, Client, exact target, no privileged fallback, strict inputs (49.309808ms)
✔ real canonical fixed scope → evaluate → verify → authenticated confirmation, tamper and TTL (25.160602ms)
✔ one useful clarification; no Safety questionnaire, real STOP cannot continue (7.900631ms)
✔ attestation binds fixed stage, user, branch, operation, payload, <=60 seconds (0.896318ms)
✔ quota fails closed; provider/SQL detail never reaches mobile (0.490707ms)
(node:185) ExperimentalWarning: stripTypeScriptTypes is an experimental feature and might change at any time
(Use `node --trace-warnings ...` to show where the warning was created)
✔ proxy allows only three authenticated routes and keeps authority at endpoints (15.738164ms)
✔ proxy bounds input/output, fails closed on upstream timeout/non-JSON and missing config (24.105933ms)
{"event":"mobile_rafi_voice_gateway_error","code":"AUTH_REQUIRED","status":401,"latency_ms":0}
{"event":"mobile_rafi_voice_gateway_error","code":"AUTH_REQUIRED","status":401,"latency_ms":2}
{"event":"mobile_rafi_voice_ok","bytes":17,"latency_ms":1}
{"event":"mobile_rafi_voice_ok","bytes":17,"latency_ms":5}
{"event":"mobile_rafi_photo_gateway_error","code":"ROLE_FORBIDDEN","status":403,"latency_ms":31}
{"event":"mobile_rafi_photo_ok","input_bytes":201,"safe_bytes":66,"latency_ms":15,"provider_called":false}
{"event":"mobile_rafi_photo_ok","input_bytes":201,"safe_bytes":66,"latency_ms":14,"provider_called":false}
✔ route authority: Voice shared; ephemeral photo shared; persisted photo Client-only (210.115067ms)
ℹ tests 194
ℹ suites 0
ℹ pass 194
ℹ fail 0
ℹ cancelled 0
ℹ skipped 0
ℹ todo 0
ℹ duration_ms 3442.463161
